../Core/Src/task.c:12:6:green_blink	8	static
../Core/Src/task.c:20:6:red_blink	8	static
../Core/Src/task.c:29:6:yellow_blink	8	static
../Core/Src/task.c:41:6:red1_on	8	static
../Core/Src/task.c:46:6:red2_on	8	static
../Core/Src/task.c:51:6:green1_on	8	static
../Core/Src/task.c:56:6:green2_on	8	static
../Core/Src/task.c:61:6:yellow1_on	8	static
../Core/Src/task.c:66:6:yellow2_on	8	static
../Core/Src/task.c:73:6:red_pedes_on	8	static
../Core/Src/task.c:79:6:green_pedes_on	8	static
../Core/Src/task.c:87:6:turn_all_led_off	8	static
../Core/Src/task.c:96:6:UART_Parse	32	static
