../Core/Src/task.c:15:6:green_blink	8	static
../Core/Src/task.c:23:6:red_blink	8	static
../Core/Src/task.c:32:6:yellow_blink	8	static
../Core/Src/task.c:44:6:red1_on	8	static
../Core/Src/task.c:49:6:red2_on	8	static
../Core/Src/task.c:54:6:green1_on	8	static
../Core/Src/task.c:59:6:green2_on	8	static
../Core/Src/task.c:64:6:yellow1_on	8	static
../Core/Src/task.c:69:6:yellow2_on	8	static
../Core/Src/task.c:76:6:red_pedes_on	8	static
../Core/Src/task.c:82:6:green_pedes_on	8	static
../Core/Src/task.c:90:6:turn_all_led_off	8	static
../Core/Src/task.c:100:6:UART_Parse	8	static
