Archive member included to satisfy reference by file (symbol)

d:/stm32cube_ide/stm32cubeide_1.7.0/stm32cubeide/plugins/com.st.stm32cube.ide.mcu.externaltools.gnu-tools-for-stm32.10.3-2021.10.win32_1.0.100.202210260954/tools/bin/../lib/gcc/arm-none-eabi/10.3.1/../../../../arm-none-eabi/lib/thumb/v7-m/nofp\libc_nano.a(lib_a-errno.o)
                              build/syscalls.o (__errno)
d:/stm32cube_ide/stm32cubeide_1.7.0/stm32cubeide/plugins/com.st.stm32cube.ide.mcu.externaltools.gnu-tools-for-stm32.10.3-2021.10.win32_1.0.100.202210260954/tools/bin/../lib/gcc/arm-none-eabi/10.3.1/../../../../arm-none-eabi/lib/thumb/v7-m/nofp\libc_nano.a(lib_a-exit.o)
                              d:/stm32cube_ide/stm32cubeide_1.7.0/stm32cubeide/plugins/com.st.stm32cube.ide.mcu.externaltools.gnu-tools-for-stm32.10.3-2021.10.win32_1.0.100.202210260954/tools/bin/../lib/gcc/arm-none-eabi/10.3.1/../../../../arm-none-eabi/lib/thumb/v7-m/nofp/crt0.o (exit)
d:/stm32cube_ide/stm32cubeide_1.7.0/stm32cubeide/plugins/com.st.stm32cube.ide.mcu.externaltools.gnu-tools-for-stm32.10.3-2021.10.win32_1.0.100.202210260954/tools/bin/../lib/gcc/arm-none-eabi/10.3.1/../../../../arm-none-eabi/lib/thumb/v7-m/nofp\libc_nano.a(lib_a-impure.o)
                              d:/stm32cube_ide/stm32cubeide_1.7.0/stm32cubeide/plugins/com.st.stm32cube.ide.mcu.externaltools.gnu-tools-for-stm32.10.3-2021.10.win32_1.0.100.202210260954/tools/bin/../lib/gcc/arm-none-eabi/10.3.1/../../../../arm-none-eabi/lib/thumb/v7-m/nofp\libc_nano.a(lib_a-exit.o) (_global_impure_ptr)
d:/stm32cube_ide/stm32cubeide_1.7.0/stm32cubeide/plugins/com.st.stm32cube.ide.mcu.externaltools.gnu-tools-for-stm32.10.3-2021.10.win32_1.0.100.202210260954/tools/bin/../lib/gcc/arm-none-eabi/10.3.1/../../../../arm-none-eabi/lib/thumb/v7-m/nofp\libc_nano.a(lib_a-init.o)
                              d:/stm32cube_ide/stm32cubeide_1.7.0/stm32cubeide/plugins/com.st.stm32cube.ide.mcu.externaltools.gnu-tools-for-stm32.10.3-2021.10.win32_1.0.100.202210260954/tools/bin/../lib/gcc/arm-none-eabi/10.3.1/../../../../arm-none-eabi/lib/thumb/v7-m/nofp/crt0.o (__libc_init_array)
d:/stm32cube_ide/stm32cubeide_1.7.0/stm32cubeide/plugins/com.st.stm32cube.ide.mcu.externaltools.gnu-tools-for-stm32.10.3-2021.10.win32_1.0.100.202210260954/tools/bin/../lib/gcc/arm-none-eabi/10.3.1/../../../../arm-none-eabi/lib/thumb/v7-m/nofp\libc_nano.a(lib_a-memset.o)
                              d:/stm32cube_ide/stm32cubeide_1.7.0/stm32cubeide/plugins/com.st.stm32cube.ide.mcu.externaltools.gnu-tools-for-stm32.10.3-2021.10.win32_1.0.100.202210260954/tools/bin/../lib/gcc/arm-none-eabi/10.3.1/../../../../arm-none-eabi/lib/thumb/v7-m/nofp/crt0.o (memset)

Discarded input sections

 .text          0x0000000000000000        0x0 d:/stm32cube_ide/stm32cubeide_1.7.0/stm32cubeide/plugins/com.st.stm32cube.ide.mcu.externaltools.gnu-tools-for-stm32.10.3-2021.10.win32_1.0.100.202210260954/tools/bin/../lib/gcc/arm-none-eabi/10.3.1/thumb/v7-m/nofp/crti.o
 .data          0x0000000000000000        0x0 d:/stm32cube_ide/stm32cubeide_1.7.0/stm32cubeide/plugins/com.st.stm32cube.ide.mcu.externaltools.gnu-tools-for-stm32.10.3-2021.10.win32_1.0.100.202210260954/tools/bin/../lib/gcc/arm-none-eabi/10.3.1/thumb/v7-m/nofp/crti.o
 .bss           0x0000000000000000        0x0 d:/stm32cube_ide/stm32cubeide_1.7.0/stm32cubeide/plugins/com.st.stm32cube.ide.mcu.externaltools.gnu-tools-for-stm32.10.3-2021.10.win32_1.0.100.202210260954/tools/bin/../lib/gcc/arm-none-eabi/10.3.1/thumb/v7-m/nofp/crti.o
 .data          0x0000000000000000        0x4 d:/stm32cube_ide/stm32cubeide_1.7.0/stm32cubeide/plugins/com.st.stm32cube.ide.mcu.externaltools.gnu-tools-for-stm32.10.3-2021.10.win32_1.0.100.202210260954/tools/bin/../lib/gcc/arm-none-eabi/10.3.1/thumb/v7-m/nofp/crtbegin.o
 .rodata        0x0000000000000000       0x24 d:/stm32cube_ide/stm32cubeide_1.7.0/stm32cubeide/plugins/com.st.stm32cube.ide.mcu.externaltools.gnu-tools-for-stm32.10.3-2021.10.win32_1.0.100.202210260954/tools/bin/../lib/gcc/arm-none-eabi/10.3.1/thumb/v7-m/nofp/crtbegin.o
 .text          0x0000000000000000       0x7c d:/stm32cube_ide/stm32cubeide_1.7.0/stm32cubeide/plugins/com.st.stm32cube.ide.mcu.externaltools.gnu-tools-for-stm32.10.3-2021.10.win32_1.0.100.202210260954/tools/bin/../lib/gcc/arm-none-eabi/10.3.1/../../../../arm-none-eabi/lib/thumb/v7-m/nofp/crt0.o
 .data          0x0000000000000000        0x0 d:/stm32cube_ide/stm32cubeide_1.7.0/stm32cubeide/plugins/com.st.stm32cube.ide.mcu.externaltools.gnu-tools-for-stm32.10.3-2021.10.win32_1.0.100.202210260954/tools/bin/../lib/gcc/arm-none-eabi/10.3.1/../../../../arm-none-eabi/lib/thumb/v7-m/nofp/crt0.o
 .bss           0x0000000000000000        0x0 d:/stm32cube_ide/stm32cubeide_1.7.0/stm32cubeide/plugins/com.st.stm32cube.ide.mcu.externaltools.gnu-tools-for-stm32.10.3-2021.10.win32_1.0.100.202210260954/tools/bin/../lib/gcc/arm-none-eabi/10.3.1/../../../../arm-none-eabi/lib/thumb/v7-m/nofp/crt0.o
[...]
Memory Configuration

Name             Origin             Length             Attributes
RAM              0x0000000020000000 0x0000000000005000 xrw
FLASH            0x0000000008000000 0x0000000000020000 xr
*default*        0x0000000000000000 0xffffffffffffffff

Linker script and memory map

LOAD d:/stm32cube_ide/stm32cubeide_1.7.0/stm32cubeide/plugins/com.st.stm32cube.ide.mcu.externaltools.gnu-tools-for-stm32.10.3-2021.10.win32_1.0.100.202210260954/tools/bin/../lib/gcc/arm-none-eabi/10.3.1/thumb/v7-m/nofp/crti.o
LOAD d:/stm32cube_ide/stm32cubeide_1.7.0/stm32cubeide/plugins/com.st.stm32cube.ide.mcu.externaltools.gnu-tools-for-stm32.10.3-2021.10.win32_1.0.100.202210260954/tools/bin/../lib/gcc/arm-none-eabi/10.3.1/thumb/v7-m/nofp/crtbegin.o
LOAD d:/stm32cube_ide/stm32cubeide_1.7.0/stm32cubeide/plugins/com.st.stm32cube.ide.mcu.externaltools.gnu-tools-for-stm32.10.3-2021.10.win32_1.0.100.202210260954/tools/bin/../lib/gcc/arm-none-eabi/10.3.1/../../../../arm-none-eabi/lib/thumb/v7-m/nofp/crt0.o
LOAD build/button.o
LOAD build/fsm_auto.o
LOAD build/fsm_manual.o
LOAD build/global.o
LOAD build/main.o
LOAD build/software_timer.o
LOAD build/stm32f1xx_hal_msp.o
LOAD build/stm32f1xx_it.o
LOAD build/syscalls.o
LOAD build/sysmem.o
LOAD build/system_stm32f1xx.o
LOAD build/task.o
LOAD build/stm32f1xx_hal.o
LOAD build/stm32f1xx_hal_cortex.o
LOAD build/stm32f1xx_hal_dma.o
LOAD build/stm32f1xx_hal_exti.o
LOAD build/stm32f1xx_hal_flash.o
LOAD build/stm32f1xx_hal_flash_ex.o
LOAD build/stm32f1xx_hal_gpio.o
LOAD build/stm32f1xx_hal_gpio_ex.o
LOAD build/stm32f1xx_hal_pwr.o
LOAD build/stm32f1xx_hal_rcc.o
LOAD build/stm32f1xx_hal_rcc_ex.o
LOAD build/stm32f1xx_hal_tim.o
LOAD build/stm32f1xx_hal_tim_ex.o
LOAD build/stm32f1xx_hal_uart.o
LOAD build/startup_stm32f103rbtx.o
LOAD d:/stm32cube_ide/stm32cubeide_1.7.0/stm32cubeide/plugins/com.st.stm32cube.ide.mcu.externaltools.gnu-tools-for-stm32.10.3-2021.10.win32_1.0.100.202210260954/tools/bin/../lib/gcc/arm-none-eabi/10.3.1/../../../../arm-none-eabi/lib/thumb/v7-m/nofp\libc_nano.a
LOAD d:/stm32cube_ide/stm32cubeide_1.7.0/stm32cubeide/plugins/com.st.stm32cube.ide.mcu.externaltools.gnu-tools-for-stm32.10.3-2021.10.win32_1.0.100.202210260954/tools/bin/../lib/gcc/arm-none-eabi/10.3.1/../../../../arm-none-eabi/lib/thumb/v7-m/nofp\libm.a
LOAD d:/stm32cube_ide/stm32cubeide_1.7.0/stm32cubeide/plugins/com.st.stm32cube.ide.mcu.externaltools.gnu-tools-for-stm32.10.3-2021.10.win32_1.0.100.202210260954/tools/bin/../lib/gcc/arm-none-eabi/10.3.1/../../../../arm-none-eabi/lib/thumb/v7-m/nofp\libnosys.a
START GROUP
LOAD d:/stm32cube_ide/stm32cubeide_1.7.0/stm32cubeide/plugins/com.st.stm32cube.ide.mcu.externaltools.gnu-tools-for-stm32.10.3-2021.10.win32_1.0.100.202210260954/tools/bin/../lib/gcc/arm-none-eabi/10.3.1/thumb/v7-m/nofp\libgcc.a
LOAD d:/stm32cube_ide/stm32cubeide_1.7.0/stm32cubeide/plugins/com.st.stm32cube.ide.mcu.externaltools.gnu-tools-for-stm32.10.3-2021.10.win32_1.0.100.202210260954/tools/bin/../lib/gcc/arm-none-eabi/10.3.1/../../../../arm-none-eabi/lib/thumb/v7-m/nofp\libc_nano.a
END GROUP
START GROUP
LOAD d:/stm32cube_ide/stm32cubeide_1.7.0/stm32cubeide/plugins/com.st.stm32cube.ide.mcu.externaltools.gnu-tools-for-stm32.10.3-2021.10.win32_1.0.100.202210260954/tools/bin/../lib/gcc/arm-none-eabi/10.3.1/thumb/v7-m/nofp\libgcc.a
LOAD d:/stm32cube_ide/stm32cubeide_1.7.0/stm32cubeide/plugins/com.st.stm32cube.ide.mcu.externaltools.gnu-tools-for-stm32.10.3-2021.10.win32_1.0.100.202210260954/tools/bin/../lib/gcc/arm-none-eabi/10.3.1/../../../../arm-none-eabi/lib/thumb/v7-m/nofp\libc_nano.a
END GROUP
LOAD d:/stm32cube_ide/stm32cubeide_1.7.0/stm32cubeide/plugins/com.st.stm32cube.ide.mcu.externaltools.gnu-tools-for-stm32.10.3-2021.10.win32_1.0.100.202210260954/tools/bin/../lib/gcc/arm-none-eabi/10.3.1/thumb/v7-m/nofp/crtend.o
LOAD d:/stm32cube_ide/stm32cubeide_1.7.0/stm32cubeide/plugins/com.st.stm32cube.ide.mcu.externaltools.gnu-tools-for-stm32.10.3-2021.10.win32_1.0.100.202210260954/tools/bin/../lib/gcc/arm-none-eabi/10.3.1/thumb/v7-m/nofp/crtn.o
                0x0000000020005000                _estack = (ORIGIN (RAM) + LENGTH (RAM))
                0x0000000000000200                _Min_Heap_Size = 0x200
                0x0000000000000400                _Min_Stack_Size = 0x400

.isr_vector     0x0000000008000000      0x10c
                0x0000000008000000                . = ALIGN (0x4)
 *(.isr_vector)
 .isr_vector    0x0000000008000000      0x10c build/startup_stm32f103rbtx.o
                0x0000000008000000                g_pfnVectors
                0x000000000800010c                . = ALIGN (0x4)

.text           0x000000000800010c     0x3440
                0x000000000800010c                . = ALIGN (0x4)
 *(.text)
 .text          0x000000000800010c       0x40 d:/stm32cube_ide/stm32cubeide_1.7.0/stm32cubeide/plugins/com.st.stm32cube.ide.mcu.externaltools.gnu-tools-for-stm32.10.3-2021.10.win32_1.0.100.202210260954/tools/bin/../lib/gcc/arm-none-eabi/10.3.1/thumb/v7-m/nofp/crtbegin.o
 *(.text*)
 .text.button_reading
                0x000000000800014c      0x194 build/button.o
                0x000000000800014c                button_reading
 .text.is_button1_pressed
                0x00000000080002e0       0x24 build/button.o
                0x00000000080002e0                is_button1_pressed
 .text.is_button2_pressed
                0x0000000008000304       0x24 build/button.o
                0x0000000008000304                is_button2_pressed
 .text.is_button3_pressed
                0x0000000008000328       0x24 build/button.o
                0x0000000008000328                is_button3_pressed
 .text.is_button2_press1s
                0x000000000800034c       0x24 build/button.o
                0x000000000800034c                is_button2_press1s
 .text.fsm_automatic_run
                0x0000000008000370      0x1a4 build/fsm_auto.o
                0x0000000008000370                fsm_automatic_run
 .text.fsm_manual_run
                0x0000000008000514      0x184 build/fsm_manual.o
                0x0000000008000514                fsm_manual_run
 .text.main     0x0000000008000698       0x30 build/main.o
                0x0000000008000698                main
 .text.SystemClock_Config
                0x00000000080006c8       0x82 build/main.o
                0x00000000080006c8                SystemClock_Config
 *fill*         0x000000000800074a        0x2 
 .text.MX_TIM2_Init
                0x000000000800074c       0x98 build/main.o
 .text.MX_TIM3_Init
                0x00000000080007e4       0xec build/main.o
 .text.MX_USART2_UART_Init
                0x00000000080008d0       0x54 build/main.o
 .text.MX_GPIO_Init
                0x0000000008000924       0xdc build/main.o
 .text.Error_Handler
                0x0000000008000a00        0xa build/main.o
                0x0000000008000a00                Error_Handler
 *fill*         0x0000000008000a0a        0x2 
 .text.setTimer1
                0x0000000008000a0c       0x30 build/software_timer.o
                0x0000000008000a0c                setTimer1
 .text.setTimer2
                0x0000000008000a3c       0x30 build/software_timer.o
                0x0000000008000a3c                setTimer2
 .text.setTimer3
                0x0000000008000a6c       0x30 build/software_timer.o
                0x0000000008000a6c                setTimer3
 .text.timerRun
                0x0000000008000a9c       0x84 build/software_timer.o
                0x0000000008000a9c                timerRun
 .text.HAL_TIM_PeriodElapsedCallback
                0x0000000008000b20       0x18 build/software_timer.o
                0x0000000008000b20                HAL_TIM_PeriodElapsedCallback
 .text.HAL_MspInit
                0x0000000008000b38       0x64 build/stm32f1xx_hal_msp.o
                0x0000000008000b38                HAL_MspInit
 .text.HAL_TIM_Base_MspInit
                0x0000000008000b9c       0x70 build/stm32f1xx_hal_msp.o
                0x0000000008000b9c                HAL_TIM_Base_MspInit
 .text.HAL_TIM_MspPostInit
                0x0000000008000c0c       0x64 build/stm32f1xx_hal_msp.o
                0x0000000008000c0c                HAL_TIM_MspPostInit
 .text.HAL_UART_MspInit
                0x0000000008000c70       0xa4 build/stm32f1xx_hal_msp.o
                0x0000000008000c70                HAL_UART_MspInit
 .text.NMI_Handler
                0x0000000008000d14        0x6 build/stm32f1xx_it.o
                0x0000000008000d14                NMI_Handler
 .text.HardFault_Handler
                0x0000000008000d1a        0x6 build/stm32f1xx_it.o
                0x0000000008000d1a                HardFault_Handler
 .text.MemManage_Handler
                0x0000000008000d20        0x6 build/stm32f1xx_it.o
                0x0000000008000d20                MemManage_Handler
 .text.BusFault_Handler
                0x0000000008000d26        0x6 build/stm32f1xx_it.o
                0x0000000008000d26                BusFault_Handler
 .text.UsageFault_Handler
                0x0000000008000d2c        0x6 build/stm32f1xx_it.o
                0x0000000008000d2c                UsageFault_Handler
 .text.SVC_Handler
                0x0000000008000d32        0xc build/stm32f1xx_it.o
                0x0000000008000d32                SVC_Handler
 .text.DebugMon_Handler
                0x0000000008000d3e        0xc build/stm32f1xx_it.o
                0x0000000008000d3e                DebugMon_Handler
 .text.PendSV_Handler
                0x0000000008000d4a        0xc build/stm32f1xx_it.o
                0x0000000008000d4a                PendSV_Handler
 .text.SysTick_Handler
                0x0000000008000d56        0xc build/stm32f1xx_it.o
                0x0000000008000d56                SysTick_Handler
 *fill*         0x0000000008000d62        0x2 
 .text.TIM2_IRQHandler
                0x0000000008000d64       0x14 build/stm32f1xx_it.o
                0x0000000008000d64                TIM2_IRQHandler
 .text.USART2_IRQHandler
                0x0000000008000d78       0x14 build/stm32f1xx_it.o
                0x0000000008000d78                USART2_IRQHandler
 .text.SystemInit
                0x0000000008000d8c        0xc build/system_stm32f1xx.o
                0x0000000008000d8c                SystemInit
 .text.green_blink
                0x0000000008000d98       0x30 build/task.o
                0x0000000008000d98                green_blink
 .text.red_blink
                0x0000000008000dc8       0x38 build/task.o
                0x0000000008000dc8                red_blink
 .text.yellow_blink
                0x0000000008000e00       0x48 build/task.o
                0x0000000008000e00                yellow_blink
 .text.red1_on  0x0000000008000e48       0x28 build/task.o
                0x0000000008000e48                red1_on
 .text.red2_on  0x0000000008000e70       0x20 build/task.o
                0x0000000008000e70                red2_on
 .text.green1_on
                0x0000000008000e90       0x28 build/task.o
                0x0000000008000e90                green1_on
 .text.green2_on
                0x0000000008000eb8       0x20 build/task.o
                0x0000000008000eb8                green2_on
 .text.yellow1_on
                0x0000000008000ed8       0x28 build/task.o
                0x0000000008000ed8                yellow1_on
 .text.yellow2_on
                0x0000000008000f00       0x20 build/task.o
                0x0000000008000f00                yellow2_on
 .text.turn_all_led_off
                0x0000000008000f20       0x3c build/task.o
                0x0000000008000f20                turn_all_led_off
 .text.HAL_Init
                0x0000000008000f5c       0x2c build/stm32f1xx_hal.o
                0x0000000008000f5c                HAL_Init
 .text.HAL_InitTick
                0x0000000008000f88       0x60 build/stm32f1xx_hal.o
                0x0000000008000f88                HAL_InitTick
 .text.HAL_IncTick
                0x0000000008000fe8       0x24 build/stm32f1xx_hal.o
                0x0000000008000fe8                HAL_IncTick
 .text.HAL_GetTick
                0x000000000800100c       0x14 build/stm32f1xx_hal.o
                0x000000000800100c                HAL_GetTick
 .text.__NVIC_SetPriorityGrouping
                0x0000000008001020       0x48 build/stm32f1xx_hal_cortex.o
 .text.__NVIC_GetPriorityGrouping
                0x0000000008001068       0x1c build/stm32f1xx_hal_cortex.o
 .text.__NVIC_EnableIRQ
                0x0000000008001084       0x38 build/stm32f1xx_hal_cortex.o
 .text.__NVIC_SetPriority
                0x00000000080010bc       0x54 build/stm32f1xx_hal_cortex.o
 .text.NVIC_EncodePriority
                0x0000000008001110       0x64 build/stm32f1xx_hal_cortex.o
 .text.SysTick_Config
                0x0000000008001174       0x44 build/stm32f1xx_hal_cortex.o
 .text.HAL_NVIC_SetPriorityGrouping
                0x00000000080011b8       0x16 build/stm32f1xx_hal_cortex.o
                0x00000000080011b8                HAL_NVIC_SetPriorityGrouping
 .text.HAL_NVIC_SetPriority
                0x00000000080011ce       0x38 build/stm32f1xx_hal_cortex.o
                0x00000000080011ce                HAL_NVIC_SetPriority
 .text.HAL_NVIC_EnableIRQ
                0x0000000008001206       0x1c build/stm32f1xx_hal_cortex.o
                0x0000000008001206                HAL_NVIC_EnableIRQ
 .text.HAL_SYSTICK_Config
                0x0000000008001222       0x18 build/stm32f1xx_hal_cortex.o
                0x0000000008001222                HAL_SYSTICK_Config
 .text.HAL_DMA_Abort
                0x000000000800123a       0x74 build/stm32f1xx_hal_dma.o
                0x000000000800123a                HAL_DMA_Abort
 *fill*         0x00000000080012ae        0x2 
 .text.HAL_DMA_Abort_IT
                0x00000000080012b0       0xec build/stm32f1xx_hal_dma.o
                0x00000000080012b0                HAL_DMA_Abort_IT
 .text.HAL_GPIO_Init
                0x000000000800139c      0x308 build/stm32f1xx_hal_gpio.o
                0x000000000800139c                HAL_GPIO_Init
 .text.HAL_GPIO_ReadPin
                0x00000000080016a4       0x2e build/stm32f1xx_hal_gpio.o
                0x00000000080016a4                HAL_GPIO_ReadPin
 .text.HAL_GPIO_WritePin
                0x00000000080016d2       0x30 build/stm32f1xx_hal_gpio.o
                0x00000000080016d2                HAL_GPIO_WritePin
 .text.HAL_GPIO_TogglePin
                0x0000000008001702       0x32 build/stm32f1xx_hal_gpio.o
                0x0000000008001702                HAL_GPIO_TogglePin
 .text.HAL_RCC_OscConfig
                0x0000000008001734      0x504 build/stm32f1xx_hal_rcc.o
                0x0000000008001734                HAL_RCC_OscConfig
 .text.HAL_RCC_ClockConfig
                0x0000000008001c38      0x1d4 build/stm32f1xx_hal_rcc.o
                0x0000000008001c38                HAL_RCC_ClockConfig
 .text.HAL_RCC_GetSysClockFreq
                0x0000000008001e0c       0xbc build/stm32f1xx_hal_rcc.o
                0x0000000008001e0c                HAL_RCC_GetSysClockFreq
 .text.HAL_RCC_GetHCLKFreq
                0x0000000008001ec8       0x14 build/stm32f1xx_hal_rcc.o
                0x0000000008001ec8                HAL_RCC_GetHCLKFreq
 .text.HAL_RCC_GetPCLK1Freq
                0x0000000008001edc       0x28 build/stm32f1xx_hal_rcc.o
                0x0000000008001edc                HAL_RCC_GetPCLK1Freq
 .text.HAL_RCC_GetPCLK2Freq
                0x0000000008001f04       0x28 build/stm32f1xx_hal_rcc.o
                0x0000000008001f04                HAL_RCC_GetPCLK2Freq
 .text.RCC_Delay
                0x0000000008001f2c       0x3c build/stm32f1xx_hal_rcc.o
 .text.HAL_TIM_Base_Init
                0x0000000008001f68       0x9e build/stm32f1xx_hal_tim.o
                0x0000000008001f68                HAL_TIM_Base_Init
 *fill*         0x0000000008002006        0x2 
 .text.HAL_TIM_Base_Start_IT
                0x0000000008002008       0xa4 build/stm32f1xx_hal_tim.o
                0x0000000008002008                HAL_TIM_Base_Start_IT
 .text.HAL_TIM_PWM_Init
                0x00000000080020ac       0x9e build/stm32f1xx_hal_tim.o
                0x00000000080020ac                HAL_TIM_PWM_Init
 .text.HAL_TIM_PWM_MspInit
                0x000000000800214a       0x12 build/stm32f1xx_hal_tim.o
                0x000000000800214a                HAL_TIM_PWM_MspInit
 .text.HAL_TIM_IRQHandler
                0x000000000800215c      0x210 build/stm32f1xx_hal_tim.o
                0x000000000800215c                HAL_TIM_IRQHandler
 .text.HAL_TIM_PWM_ConfigChannel
                0x000000000800236c      0x17c build/stm32f1xx_hal_tim.o
                0x000000000800236c                HAL_TIM_PWM_ConfigChannel
 .text.HAL_TIM_ConfigClockSource
                0x00000000080024e8      0x188 build/stm32f1xx_hal_tim.o
                0x00000000080024e8                HAL_TIM_ConfigClockSource
 .text.HAL_TIM_OC_DelayElapsedCallback
                0x0000000008002670       0x12 build/stm32f1xx_hal_tim.o
                0x0000000008002670                HAL_TIM_OC_DelayElapsedCallback
 .text.HAL_TIM_IC_CaptureCallback
                0x0000000008002682       0x12 build/stm32f1xx_hal_tim.o
                0x0000000008002682                HAL_TIM_IC_CaptureCallback
 .text.HAL_TIM_PWM_PulseFinishedCallback
                0x0000000008002694       0x12 build/stm32f1xx_hal_tim.o
                0x0000000008002694                HAL_TIM_PWM_PulseFinishedCallback
 .text.HAL_TIM_TriggerCallback
                0x00000000080026a6       0x12 build/stm32f1xx_hal_tim.o
                0x00000000080026a6                HAL_TIM_TriggerCallback
 .text.TIM_Base_SetConfig
                0x00000000080026b8       0xc4 build/stm32f1xx_hal_tim.o
                0x00000000080026b8                TIM_Base_SetConfig
 .text.TIM_OC1_SetConfig
                0x000000000800277c       0xcc build/stm32f1xx_hal_tim.o
 .text.TIM_OC2_SetConfig
                0x0000000008002848       0xd4 build/stm32f1xx_hal_tim.o
                0x0000000008002848                TIM_OC2_SetConfig
 .text.TIM_OC3_SetConfig
                0x000000000800291c       0xd4 build/stm32f1xx_hal_tim.o
 .text.TIM_OC4_SetConfig
                0x00000000080029f0       0x9c build/stm32f1xx_hal_tim.o
 .text.TIM_TI1_ConfigInputStage
                0x0000000008002a8c       0x5c build/stm32f1xx_hal_tim.o
 .text.TIM_TI2_ConfigInputStage
                0x0000000008002ae8       0x5e build/stm32f1xx_hal_tim.o
 .text.TIM_ITRx_SetConfig
                0x0000000008002b46       0x34 build/stm32f1xx_hal_tim.o
 .text.TIM_ETR_SetConfig
                0x0000000008002b7a       0x3e build/stm32f1xx_hal_tim.o
                0x0000000008002b7a                TIM_ETR_SetConfig
 .text.HAL_TIMEx_MasterConfigSynchronization
                0x0000000008002bb8       0xbc build/stm32f1xx_hal_tim_ex.o
                0x0000000008002bb8                HAL_TIMEx_MasterConfigSynchronization
 .text.HAL_TIMEx_CommutCallback
                0x0000000008002c74       0x12 build/stm32f1xx_hal_tim_ex.o
                0x0000000008002c74                HAL_TIMEx_CommutCallback
 .text.HAL_TIMEx_BreakCallback
                0x0000000008002c86       0x12 build/stm32f1xx_hal_tim_ex.o
                0x0000000008002c86                HAL_TIMEx_BreakCallback
 .text.HAL_UART_Init
                0x0000000008002c98       0x9a build/stm32f1xx_hal_uart.o
                0x0000000008002c98                HAL_UART_Init
 *fill*         0x0000000008002d32        0x2 
 .text.HAL_UART_IRQHandler
                0x0000000008002d34      0x354 build/stm32f1xx_hal_uart.o
                0x0000000008002d34                HAL_UART_IRQHandler
 .text.HAL_UART_TxCpltCallback
                0x0000000008003088       0x12 build/stm32f1xx_hal_uart.o
                0x0000000008003088                HAL_UART_TxCpltCallback
 .text.HAL_UART_RxCpltCallback
                0x000000000800309a       0x12 build/stm32f1xx_hal_uart.o
                0x000000000800309a                HAL_UART_RxCpltCallback
 .text.HAL_UART_ErrorCallback
                0x00000000080030ac       0x12 build/stm32f1xx_hal_uart.o
                0x00000000080030ac                HAL_UART_ErrorCallback
 .text.HAL_UARTEx_RxEventCallback
                0x00000000080030be       0x16 build/stm32f1xx_hal_uart.o
                0x00000000080030be                HAL_UARTEx_RxEventCallback
 .text.UART_EndRxTransfer
                0x00000000080030d4       0x58 build/stm32f1xx_hal_uart.o
 .text.UART_DMAAbortOnError
                0x000000000800312c       0x28 build/stm32f1xx_hal_uart.o
 .text.UART_Transmit_IT
                0x0000000008003154       0x9e build/stm32f1xx_hal_uart.o
 .text.UART_EndTransmit_IT
                0x00000000080031f2       0x30 build/stm32f1xx_hal_uart.o
 .text.UART_Receive_IT
                0x0000000008003222      0x152 build/stm32f1xx_hal_uart.o
 .text.UART_SetConfig
                0x0000000008003374      0x11c build/stm32f1xx_hal_uart.o
 .text.Reset_Handler
                0x0000000008003490       0x48 build/startup_stm32f103rbtx.o
                0x0000000008003490                Reset_Handler
 .text.Default_Handler
                0x00000000080034d8        0x2 build/startup_stm32f103rbtx.o
                0x00000000080034d8                RTC_Alarm_IRQHandler
                0x00000000080034d8                EXTI2_IRQHandler
                0x00000000080034d8                TIM1_CC_IRQHandler
                0x00000000080034d8                PVD_IRQHandler
                0x00000000080034d8                EXTI3_IRQHandler
                0x00000000080034d8                EXTI0_IRQHandler
                0x00000000080034d8                I2C2_EV_IRQHandler
                0x00000000080034d8                ADC1_2_IRQHandler
                0x00000000080034d8                SPI1_IRQHandler
                0x00000000080034d8                TAMPER_IRQHandler
                0x00000000080034d8                DMA1_Channel4_IRQHandler
                0x00000000080034d8                USART3_IRQHandler
                0x00000000080034d8                RTC_IRQHandler
                0x00000000080034d8                DMA1_Channel7_IRQHandler
                0x00000000080034d8                CAN1_RX1_IRQHandler
                0x00000000080034d8                TIM4_IRQHandler
                0x00000000080034d8                I2C1_EV_IRQHandler
                0x00000000080034d8                DMA1_Channel6_IRQHandler
                0x00000000080034d8                TIM3_IRQHandler
                0x00000000080034d8                RCC_IRQHandler
                0x00000000080034d8                TIM1_TRG_COM_IRQHandler
                0x00000000080034d8                DMA1_Channel1_IRQHandler
                0x00000000080034d8                Default_Handler
                0x00000000080034d8                EXTI15_10_IRQHandler
                0x00000000080034d8                EXTI9_5_IRQHandler
                0x00000000080034d8                SPI2_IRQHandler
                0x00000000080034d8                DMA1_Channel5_IRQHandler
                0x00000000080034d8                EXTI4_IRQHandler
                0x00000000080034d8                USB_LP_CAN1_RX0_IRQHandler
                0x00000000080034d8                USB_HP_CAN1_TX_IRQHandler
                0x00000000080034d8                DMA1_Channel3_IRQHandler
                0x00000000080034d8                TIM1_UP_IRQHandler
                0x00000000080034d8                WWDG_IRQHandler
                0x00000000080034d8                TIM1_BRK_IRQHandler
                0x00000000080034d8                EXTI1_IRQHandler
                0x00000000080034d8                I2C2_ER_IRQHandler
                0x00000000080034d8                DMA1_Channel2_IRQHandler
                0x00000000080034d8                CAN1_SCE_IRQHandler
                0x00000000080034d8                FLASH_IRQHandler
                0x00000000080034d8                USART1_IRQHandler
                0x00000000080034d8                I2C1_ER_IRQHandler
                0x00000000080034d8                USBWakeUp_IRQHandler
 *fill*         0x00000000080034da        0x2 
 .text.__libc_init_array
                0x00000000080034dc       0x48 d:/stm32cube_ide/stm32cubeide_1.7.0/stm32cubeide/plugins/com.st.stm32cube.ide.mcu.externaltools.gnu-tools-for-stm32.10.3-2021.10.win32_1.0.100.202210260954/tools/bin/../lib/gcc/arm-none-eabi/10.3.1/../../../../arm-none-eabi/lib/thumb/v7-m/nofp\libc_nano.a(lib_a-init.o)
                0x00000000080034dc                __libc_init_array
 .text.memset   0x0000000008003524       0x10 d:/stm32cube_ide/stm32cubeide_1.7.0/stm32cubeide/plugins/com.st.stm32cube.ide.mcu.externaltools.gnu-tools-for-stm32.10.3-2021.10.win32_1.0.100.202210260954/tools/bin/../lib/gcc/arm-none-eabi/10.3.1/../../../../arm-none-eabi/lib/thumb/v7-m/nofp\libc_nano.a(lib_a-memset.o)
                0x0000000008003524                memset
 *(.glue_7)
 .glue_7        0x0000000008003534        0x0 linker stubs
 *(.glue_7t)
 .glue_7t       0x0000000008003534        0x0 linker stubs
 *(.eh_frame)
 .eh_frame      0x0000000008003534        0x0 d:/stm32cube_ide/stm32cubeide_1.7.0/stm32cubeide/plugins/com.st.stm32cube.ide.mcu.externaltools.gnu-tools-for-stm32.10.3-2021.10.win32_1.0.100.202210260954/tools/bin/../lib/gcc/arm-none-eabi/10.3.1/thumb/v7-m/nofp/crtbegin.o
 *(.init)
 .init          0x0000000008003534        0x4 d:/stm32cube_ide/stm32cubeide_1.7.0/stm32cubeide/plugins/com.st.stm32cube.ide.mcu.externaltools.gnu-tools-for-stm32.10.3-2021.10.win32_1.0.100.202210260954/tools/bin/../lib/gcc/arm-none-eabi/10.3.1/thumb/v7-m/nofp/crti.o
                0x0000000008003534                _init
 .init          0x0000000008003538        0x8 d:/stm32cube_ide/stm32cubeide_1.7.0/stm32cubeide/plugins/com.st.stm32cube.ide.mcu.externaltools.gnu-tools-for-stm32.10.3-2021.10.win32_1.0.100.202210260954/tools/bin/../lib/gcc/arm-none-eabi/10.3.1/thumb/v7-m/nofp/crtn.o
 *(.fini)
 .fini          0x0000000008003540        0x4 d:/stm32cube_ide/stm32cubeide_1.7.0/stm32cubeide/plugins/com.st.stm32cube.ide.mcu.externaltools.gnu-tools-for-stm32.10.3-2021.10.win32_1.0.100.202210260954/tools/bin/../lib/gcc/arm-none-eabi/10.3.1/thumb/v7-m/nofp/crti.o
                0x0000000008003540                _fini
 .fini          0x0000000008003544        0x8 d:/stm32cube_ide/stm32cubeide_1.7.0/stm32cubeide/plugins/com.st.stm32cube.ide.mcu.externaltools.gnu-tools-for-stm32.10.3-2021.10.win32_1.0.100.202210260954/tools/bin/../lib/gcc/arm-none-eabi/10.3.1/thumb/v7-m/nofp/crtn.o
                0x000000000800354c                . = ALIGN (0x4)
                0x000000000800354c                _etext = .

.vfp11_veneer   0x000000000800354c        0x0
 .vfp11_veneer  0x000000000800354c        0x0 linker stubs

.v4_bx          0x000000000800354c        0x0
 .v4_bx         0x000000000800354c        0x0 linker stubs

.iplt           0x000000000800354c        0x0
 .iplt          0x000000000800354c        0x0 d:/stm32cube_ide/stm32cubeide_1.7.0/stm32cubeide/plugins/com.st.stm32cube.ide.mcu.externaltools.gnu-tools-for-stm32.10.3-2021.10.win32_1.0.100.202210260954/tools/bin/../lib/gcc/arm-none-eabi/10.3.1/thumb/v7-m/nofp/crtbegin.o

.rodata         0x000000000800354c       0x28
                0x000000000800354c                . = ALIGN (0x4)
 *(.rodata)
 .rodata        0x000000000800354c       0x10 build/stm32f1xx_hal_rcc.o
 *(.rodata*)
 .rodata.AHBPrescTable
                0x000000000800355c       0x10 build/system_stm32f1xx.o
                0x000000000800355c                AHBPrescTable
 .rodata.APBPrescTable
                0x000000000800356c        0x8 build/system_stm32f1xx.o
                0x000000000800356c                APBPrescTable
                0x0000000008003574                . = ALIGN (0x4)

.rel.dyn        0x0000000008003574        0x0
 .rel.iplt      0x0000000008003574        0x0 d:/stm32cube_ide/stm32cubeide_1.7.0/stm32cubeide/plugins/com.st.stm32cube.ide.mcu.externaltools.gnu-tools-for-stm32.10.3-2021.10.win32_1.0.100.202210260954/tools/bin/../lib/gcc/arm-none-eabi/10.3.1/thumb/v7-m/nofp/crtbegin.o

.ARM.extab      0x0000000008003574        0x0
                0x0000000008003574                . = ALIGN (0x4)
 *(.ARM.extab* .gnu.linkonce.armextab.*)
                0x0000000008003574                . = ALIGN (0x4)

.ARM            0x0000000008003574        0x0
                0x0000000008003574                . = ALIGN (0x4)
                0x0000000008003574                __exidx_start = .
 *(.ARM.exidx*)
                0x0000000008003574                __exidx_end = .
                0x0000000008003574                . = ALIGN (0x4)

.preinit_array  0x0000000008003574        0x0
                0x0000000008003574                . = ALIGN (0x4)
                0x0000000008003574                PROVIDE (__preinit_array_start = .)
 *(.preinit_array*)
                0x0000000008003574                PROVIDE (__preinit_array_end = .)
                0x0000000008003574                . = ALIGN (0x4)

.init_array     0x0000000008003574        0x4
                0x0000000008003574                . = ALIGN (0x4)
                0x0000000008003574                PROVIDE (__init_array_start = .)
 *(SORT_BY_NAME(.init_array.*))
 *(.init_array*)
 .init_array    0x0000000008003574        0x4 d:/stm32cube_ide/stm32cubeide_1.7.0/stm32cubeide/plugins/com.st.stm32cube.ide.mcu.externaltools.gnu-tools-for-stm32.10.3-2021.10.win32_1.0.100.202210260954/tools/bin/../lib/gcc/arm-none-eabi/10.3.1/thumb/v7-m/nofp/crtbegin.o
                0x0000000008003578                PROVIDE (__init_array_end = .)
                0x0000000008003578                . = ALIGN (0x4)

.fini_array     0x0000000008003578        0x4
                0x0000000008003578                . = ALIGN (0x4)
                [!provide]                        PROVIDE (__fini_array_start = .)
 *(SORT_BY_NAME(.fini_array.*))
 *(.fini_array*)
 .fini_array    0x0000000008003578        0x4 d:/stm32cube_ide/stm32cubeide_1.7.0/stm32cubeide/plugins/com.st.stm32cube.ide.mcu.externaltools.gnu-tools-for-stm32.10.3-2021.10.win32_1.0.100.202210260954/tools/bin/../lib/gcc/arm-none-eabi/10.3.1/thumb/v7-m/nofp/crtbegin.o
                [!provide]                        PROVIDE (__fini_array_end = .)
                0x000000000800357c                . = ALIGN (0x4)
                0x000000000800357c                _sidata = LOADADDR (.data)

.data           0x0000000020000000       0x24 load address 0x000000000800357c
                0x0000000020000000                . = ALIGN (0x4)
                0x0000000020000000                _sdata = .
 *(.data)
 *(.data*)
 .data.red_time
                0x0000000020000000        0x4 build/global.o
                0x0000000020000000                red_time
 .data.green_time
                0x0000000020000004        0x4 build/global.o
                0x0000000020000004                green_time
 .data.yellow_time
                0x0000000020000008        0x4 build/global.o
                0x0000000020000008                yellow_time
 .data.temp_red_time
                0x000000002000000c        0x4 build/global.o
                0x000000002000000c                temp_red_time
 .data.temp_green_time
                0x0000000020000010        0x4 build/global.o
                0x0000000020000010                temp_green_time
 .data.temp_yellow_time
                0x0000000020000014        0x4 build/global.o
                0x0000000020000014                temp_yellow_time
 .data.SystemCoreClock
                0x0000000020000018        0x4 build/system_stm32f1xx.o
                0x0000000020000018                SystemCoreClock
 .data.uwTickPrio
                0x000000002000001c        0x4 build/stm32f1xx_hal.o
                0x000000002000001c                uwTickPrio
 .data.uwTickFreq
                0x0000000020000020        0x1 build/stm32f1xx_hal.o
                0x0000000020000020                uwTickFreq
 *(.RamFunc)
 *(.RamFunc*)
                0x0000000020000024                . = ALIGN (0x4)
 *fill*         0x0000000020000021        0x3 
                0x0000000020000024                _edata = .

.igot.plt       0x0000000020000024        0x0 load address 0x00000000080035a0
 .igot.plt      0x0000000020000024        0x0 d:/stm32cube_ide/stm32cubeide_1.7.0/stm32cubeide/plugins/com.st.stm32cube.ide.mcu.externaltools.gnu-tools-for-stm32.10.3-2021.10.win32_1.0.100.202210260954/tools/bin/../lib/gcc/arm-none-eabi/10.3.1/thumb/v7-m/nofp/crtbegin.o
                0x0000000020000024                . = ALIGN (0x4)

.bss            0x0000000020000024      0x130 load address 0x00000000080035a0
                0x0000000020000024                _sbss = .
                0x0000000020000024                __bss_start__ = _sbss
 *(.bss)
 .bss           0x0000000020000024       0x1c d:/stm32cube_ide/stm32cubeide_1.7.0/stm32cubeide/plugins/com.st.stm32cube.ide.mcu.externaltools.gnu-tools-for-stm32.10.3-2021.10.win32_1.0.100.202210260954/tools/bin/../lib/gcc/arm-none-eabi/10.3.1/thumb/v7-m/nofp/crtbegin.o
 *(.bss*)
 .bss.buttonBuffer
                0x0000000020000040        0x4 build/button.o
 .bss.debounceButtonBuffer0
                0x0000000020000044        0x4 build/button.o
 .bss.debounceButtonBuffer1
                0x0000000020000048        0x4 build/button.o
 .bss.debounceButtonBuffer2
                0x000000002000004c        0x4 build/button.o
 .bss.flagForButtonPress1s
                0x0000000020000050        0x4 build/button.o
 .bss.flagForButtonPress
                0x0000000020000054        0x4 build/button.o
 .bss.counterForButtonPress1s
                0x0000000020000058        0x8 build/button.o
 .bss.state     0x0000000020000060        0x1 build/global.o
                0x0000000020000060                state
 *fill*         0x0000000020000061        0x3 
 .bss.htim2     0x0000000020000064       0x48 build/main.o
                0x0000000020000064                htim2
 .bss.htim3     0x00000000200000ac       0x48 build/main.o
                0x00000000200000ac                htim3
 .bss.huart2    0x00000000200000f4       0x44 build/main.o
                0x00000000200000f4                huart2
 .bss.timer1_flag
                0x0000000020000138        0x4 build/software_timer.o
                0x0000000020000138                timer1_flag
 .bss.timer1_counter
                0x000000002000013c        0x4 build/software_timer.o
                0x000000002000013c                timer1_counter
 .bss.timer2_flag
                0x0000000020000140        0x4 build/software_timer.o
                0x0000000020000140                timer2_flag
 .bss.timer2_counter
                0x0000000020000144        0x4 build/software_timer.o
                0x0000000020000144                timer2_counter
 .bss.timer3_flag
                0x0000000020000148        0x4 build/software_timer.o
                0x0000000020000148                timer3_flag
 .bss.timer3_counter
                0x000000002000014c        0x4 build/software_timer.o
                0x000000002000014c                timer3_counter
 .bss.uwTick    0x0000000020000150        0x4 build/stm32f1xx_hal.o
                0x0000000020000150                uwTick
 *(COMMON)
                0x0000000020000154                . = ALIGN (0x4)
                0x0000000020000154                _ebss = .
                0x0000000020000154                __bss_end__ = _ebss

._user_heap_stack
                0x0000000020000154      0x604 load address 0x00000000080035a0
                0x0000000020000158                . = ALIGN (0x8)
 *fill*         0x0000000020000154        0x4 
                [!provide]                        PROVIDE (end = .)
                0x0000000020000158                PROVIDE (_end = .)
                0x0000000020000358                . = (. + _Min_Heap_Size)
 *fill*         0x0000000020000158      0x200 
                0x0000000020000758                . = (. + _Min_Stack_Size)
 *fill*         0x0000000020000358      0x400 
                0x0000000020000758                . = ALIGN (0x8)

/DISCARD/
 libc.a(*)
 libm.a(*)
 libgcc.a(*)

.ARM.attributes
                0x0000000000000000       0x29
 *(.ARM.attributes)
 .ARM.attributes
                0x0000000000000000       0x1d d:/stm32cube_ide/stm32cubeide_1.7.0/stm32cubeide/plugins/com.st.stm32cube.ide.mcu.externaltools.gnu-tools-for-stm32.10.3-2021.10.win32_1.0.100.202210260954/tools/bin/../lib/gcc/arm-none-eabi/10.3.1/thumb/v7-m/nofp/crti.o
 .ARM.attributes
                0x000000000000001d       0x2d d:/stm32cube_ide/stm32cubeide_1.7.0/stm32cubeide/plugins/com.st.stm32cube.ide.mcu.externaltools.gnu-tools-for-stm32.10.3-2021.10.win32_1.0.100.202210260954/tools/bin/../lib/gcc/arm-none-eabi/10.3.1/thumb/v7-m/nofp/crtbegin.o
 .ARM.attributes
                0x000000000000004a       0x2d build/button.o
 .ARM.attributes
                0x0000000000000077       0x2d build/fsm_auto.o
 .ARM.attributes
                0x00000000000000a4       0x2d build/fsm_manual.o
 .ARM.attributes
                0x00000000000000d1       0x2d build/global.o
 .ARM.attributes
                0x00000000000000fe       0x2d build/main.o
 .ARM.attributes
                0x000000000000012b       0x2d build/software_timer.o
 .ARM.attributes
                0x0000000000000158       0x2d build/stm32f1xx_hal_msp.o
 .ARM.attributes
                0x0000000000000185       0x2d build/stm32f1xx_it.o
 .ARM.attributes
                0x00000000000001b2       0x2d build/system_stm32f1xx.o
 .ARM.attributes
                0x00000000000001df       0x2d build/task.o
 .ARM.attributes
                0x000000000000020c       0x2d build/stm32f1xx_hal.o
 .ARM.attributes
                0x0000000000000239       0x2d build/stm32f1xx_hal_cortex.o
 .ARM.attributes
                0x0000000000000266       0x2d build/stm32f1xx_hal_dma.o
 .ARM.attributes
                0x0000000000000293       0x2d build/stm32f1xx_hal_gpio.o
 .ARM.attributes
                0x00000000000002c0       0x2d build/stm32f1xx_hal_rcc.o
 .ARM.attributes
                0x00000000000002ed       0x2d build/stm32f1xx_hal_tim.o
 .ARM.attributes
                0x000000000000031a       0x2d build/stm32f1xx_hal_tim_ex.o
 .ARM.attributes
                0x0000000000000347       0x2d build/stm32f1xx_hal_uart.o
 .ARM.attributes
                0x0000000000000374       0x21 build/startup_stm32f103rbtx.o
 .ARM.attributes
                0x0000000000000395       0x2d d:/stm32cube_ide/stm32cubeide_1.7.0/stm32cubeide/plugins/com.st.stm32cube.ide.mcu.externaltools.gnu-tools-for-stm32.10.3-2021.10.win32_1.0.100.202210260954/tools/bin/../lib/gcc/arm-none-eabi/10.3.1/../../../../arm-none-eabi/lib/thumb/v7-m/nofp\libc_nano.a(lib_a-init.o)
 .ARM.attributes
                0x00000000000003c2       0x2d d:/stm32cube_ide/stm32cubeide_1.7.0/stm32cubeide/plugins/com.st.stm32cube.ide.mcu.externaltools.gnu-tools-for-stm32.10.3-2021.10.win32_1.0.100.202210260954/tools/bin/../lib/gcc/arm-none-eabi/10.3.1/../../../../arm-none-eabi/lib/thumb/v7-m/nofp\libc_nano.a(lib_a-memset.o)
 .ARM.attributes
                0x00000000000003ef       0x1d d:/stm32cube_ide/stm32cubeide_1.7.0/stm32cubeide/plugins/com.st.stm32cube.ide.mcu.externaltools.gnu-tools-for-stm32.10.3-2021.10.win32_1.0.100.202210260954/tools/bin/../lib/gcc/arm-none-eabi/10.3.1/thumb/v7-m/nofp/crtn.o
OUTPUT(build/stm32_f103rbt6.elf elf32-littlearm)
LOAD linker stubs
LOAD d:/stm32cube_ide/stm32cubeide_1.7.0/stm32cubeide/plugins/com.st.stm32cube.ide.mcu.externaltools.gnu-tools-for-stm32.10.3-2021.10.win32_1.0.100.202210260954/tools/bin/../lib/gcc/arm-none-eabi/10.3.1/../../../../arm-none-eabi/lib/thumb/v7-m/nofp\libc.a
LOAD d:/stm32cube_ide/stm32cubeide_1.7.0/stm32cubeide/plugins/com.st.stm32cube.ide.mcu.externaltools.gnu-tools-for-stm32.10.3-2021.10.win32_1.0.100.202210260954/tools/bin/../lib/gcc/arm-none-eabi/10.3.1/../../../../arm-none-eabi/lib/thumb/v7-m/nofp\libm.a
LOAD d:/stm32cube_ide/stm32cubeide_1.7.0/stm32cubeide/plugins/com.st.stm32cube.ide.mcu.externaltools.gnu-tools-for-stm32.10.3-2021.10.win32_1.0.100.202210260954/tools/bin/../lib/gcc/arm-none-eabi/10.3.1/thumb/v7-m/nofp\libgcc.a

.debug_info     0x0000000000000000     0xb7e6
 .debug_info    0x0000000000000000      0x2cc build/button.o
 .debug_info    0x00000000000002cc      0x1f6 build/fsm_auto.o
 .debug_info    0x00000000000004c2      0x1de build/fsm_manual.o
 .debug_info    0x00000000000006a0      0x17c build/global.o
 .debug_info    0x000000000000081c      0xf5b build/main.o
 .debug_info    0x0000000000001777      0x75d build/software_timer.o
 .debug_info    0x0000000000001ed4      0xded build/stm32f1xx_hal_msp.o
 .debug_info    0x0000000000002cc1      0x989 build/stm32f1xx_it.o
 .debug_info    0x000000000000364a      0x236 build/system_stm32f1xx.o
 .debug_info    0x0000000000003880      0x273 build/task.o
 .debug_info    0x0000000000003af3      0x734 build/stm32f1xx_hal.o
 .debug_info    0x0000000000004227      0xb20 build/stm32f1xx_hal_cortex.o
 .debug_info    0x0000000000004d47      0x73f build/stm32f1xx_hal_dma.o
 .debug_info    0x0000000000005486      0x615 build/stm32f1xx_hal_gpio.o
 .debug_info    0x0000000000005a9b      0x860 build/stm32f1xx_hal_rcc.o
 .debug_info    0x00000000000062fb     0x29de build/stm32f1xx_hal_tim.o
 .debug_info    0x0000000000008cd9     0x1513 build/stm32f1xx_hal_tim_ex.o
 .debug_info    0x000000000000a1ec     0x15d8 build/stm32f1xx_hal_uart.o
 .debug_info    0x000000000000b7c4       0x22 build/startup_stm32f103rbtx.o

.debug_abbrev   0x0000000000000000     0x1fde
 .debug_abbrev  0x0000000000000000      0x135 build/button.o
 .debug_abbrev  0x0000000000000135       0xd7 build/fsm_auto.o
 .debug_abbrev  0x000000000000020c       0xbb build/fsm_manual.o
 .debug_abbrev  0x00000000000002c7       0x81 build/global.o
 .debug_abbrev  0x0000000000000348      0x2a1 build/main.o
 .debug_abbrev  0x00000000000005e9      0x1e4 build/software_timer.o
 .debug_abbrev  0x00000000000007cd      0x1c5 build/stm32f1xx_hal_msp.o
 .debug_abbrev  0x0000000000000992      0x184 build/stm32f1xx_it.o
 .debug_abbrev  0x0000000000000b16      0x13b build/system_stm32f1xx.o
 .debug_abbrev  0x0000000000000c51       0xf8 build/task.o
 .debug_abbrev  0x0000000000000d49      0x1fb build/stm32f1xx_hal.o
 .debug_abbrev  0x0000000000000f44      0x2ed build/stm32f1xx_hal_cortex.o
 .debug_abbrev  0x0000000000001231      0x1fe build/stm32f1xx_hal_dma.o
 .debug_abbrev  0x000000000000142f      0x1bb build/stm32f1xx_hal_gpio.o
 .debug_abbrev  0x00000000000015ea      0x2a8 build/stm32f1xx_hal_rcc.o
 .debug_abbrev  0x0000000000001892      0x25d build/stm32f1xx_hal_tim.o
 .debug_abbrev  0x0000000000001aef      0x265 build/stm32f1xx_hal_tim_ex.o
 .debug_abbrev  0x0000000000001d54      0x278 build/stm32f1xx_hal_uart.o
 .debug_abbrev  0x0000000000001fcc       0x12 build/startup_stm32f103rbtx.o

.debug_aranges  0x0000000000000000      0xd20
 .debug_aranges
                0x0000000000000000       0x48 build/button.o
 .debug_aranges
                0x0000000000000048       0x20 build/fsm_auto.o
 .debug_aranges
                0x0000000000000068       0x20 build/fsm_manual.o
 .debug_aranges
                0x0000000000000088       0x18 build/global.o
 .debug_aranges
                0x00000000000000a0       0x50 build/main.o
 .debug_aranges
                0x00000000000000f0       0x40 build/software_timer.o
 .debug_aranges
                0x0000000000000130       0x48 build/stm32f1xx_hal_msp.o
 .debug_aranges
                0x0000000000000178       0x70 build/stm32f1xx_it.o
 .debug_aranges
                0x00000000000001e8       0x28 build/system_stm32f1xx.o
 .debug_aranges
                0x0000000000000210       0x68 build/task.o
 .debug_aranges
                0x0000000000000278       0xe0 build/stm32f1xx_hal.o
 .debug_aranges
                0x0000000000000358      0x100 build/stm32f1xx_hal_cortex.o
 .debug_aranges
                0x0000000000000458       0x80 build/stm32f1xx_hal_dma.o
 .debug_aranges
                0x00000000000004d8       0x58 build/stm32f1xx_hal_gpio.o
 .debug_aranges
                0x0000000000000530       0x90 build/stm32f1xx_hal_rcc.o
 .debug_aranges
                0x00000000000005c0      0x3d0 build/stm32f1xx_hal_tim.o
 .debug_aranges
                0x0000000000000990      0x168 build/stm32f1xx_hal_tim_ex.o
 .debug_aranges
                0x0000000000000af8      0x200 build/stm32f1xx_hal_uart.o
 .debug_aranges
                0x0000000000000cf8       0x28 build/startup_stm32f103rbtx.o

.debug_ranges   0x0000000000000000      0xc20
 .debug_ranges  0x0000000000000000       0x38 build/button.o
 .debug_ranges  0x0000000000000038       0x10 build/fsm_auto.o
 .debug_ranges  0x0000000000000048       0x10 build/fsm_manual.o
 .debug_ranges  0x0000000000000058       0x40 build/main.o
 .debug_ranges  0x0000000000000098       0x30 build/software_timer.o
 .debug_ranges  0x00000000000000c8       0x38 build/stm32f1xx_hal_msp.o
 .debug_ranges  0x0000000000000100       0x60 build/stm32f1xx_it.o
 .debug_ranges  0x0000000000000160       0x18 build/system_stm32f1xx.o
 .debug_ranges  0x0000000000000178       0x58 build/task.o
 .debug_ranges  0x00000000000001d0       0xd0 build/stm32f1xx_hal.o
 .debug_ranges  0x00000000000002a0       0xf0 build/stm32f1xx_hal_cortex.o
 .debug_ranges  0x0000000000000390       0x70 build/stm32f1xx_hal_dma.o
 .debug_ranges  0x0000000000000400       0x48 build/stm32f1xx_hal_gpio.o
 .debug_ranges  0x0000000000000448       0x80 build/stm32f1xx_hal_rcc.o
 .debug_ranges  0x00000000000004c8      0x3c0 build/stm32f1xx_hal_tim.o
 .debug_ranges  0x0000000000000888      0x158 build/stm32f1xx_hal_tim_ex.o
 .debug_ranges  0x00000000000009e0      0x220 build/stm32f1xx_hal_uart.o
 .debug_ranges  0x0000000000000c00       0x20 build/startup_stm32f103rbtx.o

.debug_macro    0x0000000000000000    0x176c4
 .debug_macro   0x0000000000000000      0x1fb build/button.o
 .debug_macro   0x00000000000001fb      0xa6c build/button.o
 .debug_macro   0x0000000000000c67      0x21b build/button.o
 .debug_macro   0x0000000000000e82       0x2e build/button.o
 .debug_macro   0x0000000000000eb0       0x22 build/button.o
 .debug_macro   0x0000000000000ed2       0x22 build/button.o
 .debug_macro   0x0000000000000ef4       0x8e build/button.o
 .debug_macro   0x0000000000000f82       0x51 build/button.o
 .debug_macro   0x0000000000000fd3      0x103 build/button.o
 .debug_macro   0x00000000000010d6       0x6a build/button.o
 .debug_macro   0x0000000000001140      0x1df build/button.o
 .debug_macro   0x000000000000131f       0x1c build/button.o
 .debug_macro   0x000000000000133b       0x22 build/button.o
 .debug_macro   0x000000000000135d       0xbd build/button.o
 .debug_macro   0x000000000000141a      0xd23 build/button.o
 .debug_macro   0x000000000000213d     0xe09e build/button.o
 .debug_macro   0x00000000000101db       0x6d build/button.o
 .debug_macro   0x0000000000010248     0x3468 build/button.o
 .debug_macro   0x00000000000136b0      0x174 build/button.o
 .debug_macro   0x0000000000013824       0x5c build/button.o
 .debug_macro   0x0000000000013880      0x5be build/button.o
 .debug_macro   0x0000000000013e3e      0x289 build/button.o
 .debug_macro   0x00000000000140c7      0x1cb build/button.o
 .debug_macro   0x0000000000014292      0x114 build/button.o
 .debug_macro   0x00000000000143a6      0x1b2 build/button.o
 .debug_macro   0x0000000000014558       0x27 build/button.o
 .debug_macro   0x000000000001457f      0x136 build/button.o
 .debug_macro   0x00000000000146b5      0x1bc build/button.o
 .debug_macro   0x0000000000014871       0x34 build/button.o
 .debug_macro   0x00000000000148a5       0x3c build/button.o
 .debug_macro   0x00000000000148e1       0x57 build/button.o
 .debug_macro   0x0000000000014938       0x88 build/button.o
 .debug_macro   0x00000000000149c0      0x241 build/button.o
 .debug_macro   0x0000000000014c01      0x141 build/button.o
 .debug_macro   0x0000000000014d42      0x8d1 build/button.o
 .debug_macro   0x0000000000015613      0x279 build/button.o
 .debug_macro   0x000000000001588c       0x83 build/button.o
 .debug_macro   0x000000000001590f       0x88 build/button.o
 .debug_macro   0x0000000000015997      0x1e9 build/fsm_auto.o
 .debug_macro   0x0000000000015b80      0x1e9 build/fsm_manual.o
 .debug_macro   0x0000000000015d69      0x1df build/global.o
 .debug_macro   0x0000000000015f48      0x1f7 build/main.o
 .debug_macro   0x000000000001613f      0x1df build/software_timer.o
 .debug_macro   0x000000000001631e      0x1ad build/stm32f1xx_hal_msp.o
 .debug_macro   0x00000000000164cb      0x1b7 build/stm32f1xx_it.o
 .debug_macro   0x0000000000016682       0xc8 build/system_stm32f1xx.o
 .debug_macro   0x000000000001674a      0x1e7 build/task.o
 .debug_macro   0x0000000000016931      0x1c2 build/stm32f1xx_hal.o
 .debug_macro   0x0000000000016af3      0x19e build/stm32f1xx_hal_cortex.o
 .debug_macro   0x0000000000016c91      0x19e build/stm32f1xx_hal_dma.o
 .debug_macro   0x0000000000016e2f      0x209 build/stm32f1xx_hal_gpio.o
 .debug_macro   0x0000000000017038      0x1b0 build/stm32f1xx_hal_rcc.o
 .debug_macro   0x00000000000171e8      0x19f build/stm32f1xx_hal_tim.o
 .debug_macro   0x0000000000017387      0x19e build/stm32f1xx_hal_tim_ex.o
 .debug_macro   0x0000000000017525      0x19f build/stm32f1xx_hal_uart.o

.debug_line     0x0000000000000000     0xe85d
 .debug_line    0x0000000000000000      0x803 build/button.o
 .debug_line    0x0000000000000803      0x77c build/fsm_auto.o
 .debug_line    0x0000000000000f7f      0x784 build/fsm_manual.o
 .debug_line    0x0000000000001703      0x6a4 build/global.o
 .debug_line    0x0000000000001da7      0x8a7 build/main.o
 .debug_line    0x000000000000264e      0x765 build/software_timer.o
 .debug_line    0x0000000000002db3      0x76f build/stm32f1xx_hal_msp.o
 .debug_line    0x0000000000003522      0x784 build/stm32f1xx_it.o
 .debug_line    0x0000000000003ca6      0x4fe build/system_stm32f1xx.o
 .debug_line    0x00000000000041a4      0x7ad build/task.o
 .debug_line    0x0000000000004951      0x93d build/stm32f1xx_hal.o
 .debug_line    0x000000000000528e      0xb25 build/stm32f1xx_hal_cortex.o
 .debug_line    0x0000000000005db3      0xd95 build/stm32f1xx_hal_dma.o
 .debug_line    0x0000000000006b48      0x9d4 build/stm32f1xx_hal_gpio.o
 .debug_line    0x000000000000751c      0xd4b build/stm32f1xx_hal_rcc.o
 .debug_line    0x0000000000008267     0x32f3 build/stm32f1xx_hal_tim.o
 .debug_line    0x000000000000b55a     0x1865 build/stm32f1xx_hal_tim_ex.o
 .debug_line    0x000000000000cdbf     0x1a18 build/stm32f1xx_hal_uart.o
 .debug_line    0x000000000000e7d7       0x86 build/startup_stm32f103rbtx.o

.debug_str      0x0000000000000000    0x8695b
 .debug_str     0x0000000000000000    0x8330f build/button.o
                                      0x8365a (size before relaxing)
 .debug_str     0x000000000008330f       0xe5 build/fsm_auto.o
                                      0x835ae (size before relaxing)
 .debug_str     0x00000000000833f4       0x8c build/fsm_manual.o
                                      0x835bd (size before relaxing)
 .debug_str     0x0000000000083480       0x14 build/global.o
                                      0x834fe (size before relaxing)
 .debug_str     0x0000000000083494      0xa26 build/main.o
                                      0x83ff8 (size before relaxing)
 .debug_str     0x0000000000083eba       0x96 build/software_timer.o
                                      0x839f2 (size before relaxing)
 .debug_str     0x0000000000083f50      0x373 build/stm32f1xx_hal_msp.o
                                      0x83f54 (size before relaxing)
 .debug_str     0x00000000000842c3      0x111 build/stm32f1xx_it.o
                                      0x83bde (size before relaxing)
 .debug_str     0x00000000000843d4       0x7d build/system_stm32f1xx.o
                                      0x545ad (size before relaxing)
 .debug_str     0x0000000000084451       0x25 build/task.o
                                      0x83579 (size before relaxing)
 .debug_str     0x0000000000084476      0x38d build/stm32f1xx_hal.o
                                      0x839db (size before relaxing)
 .debug_str     0x0000000000084803      0x293 build/stm32f1xx_hal_cortex.o
                                      0x83927 (size before relaxing)
 .debug_str     0x0000000000084a96      0x234 build/stm32f1xx_hal_dma.o
                                      0x83651 (size before relaxing)
 .debug_str     0x0000000000084cca      0x2bc build/stm32f1xx_hal_gpio.o
                                      0x8362e (size before relaxing)
 .debug_str     0x0000000000084f86      0x228 build/stm32f1xx_hal_rcc.o
                                      0x836d7 (size before relaxing)
 .debug_str     0x00000000000851ae      0xd1c build/stm32f1xx_hal_tim.o
                                      0x846c2 (size before relaxing)
 .debug_str     0x0000000000085eca      0x492 build/stm32f1xx_hal_tim_ex.o
                                      0x83ede (size before relaxing)
 .debug_str     0x000000000008635c      0x5ca build/stm32f1xx_hal_uart.o
                                      0x83ce2 (size before relaxing)
 .debug_str     0x0000000000086926       0x35 build/startup_stm32f103rbtx.o
                                         0x65 (size before relaxing)

.comment        0x0000000000000000       0x50
 .comment       0x0000000000000000       0x50 build/button.o
                                         0x51 (size before relaxing)
 .comment       0x0000000000000050       0x51 build/fsm_auto.o
 .comment       0x0000000000000050       0x51 build/fsm_manual.o
 .comment       0x0000000000000050       0x51 build/global.o
 .comment       0x0000000000000050       0x51 build/main.o
 .comment       0x0000000000000050       0x51 build/software_timer.o
 .comment       0x0000000000000050       0x51 build/stm32f1xx_hal_msp.o
 .comment       0x0000000000000050       0x51 build/stm32f1xx_it.o
 .comment       0x0000000000000050       0x51 build/system_stm32f1xx.o
 .comment       0x0000000000000050       0x51 build/task.o
 .comment       0x0000000000000050       0x51 build/stm32f1xx_hal.o
 .comment       0x0000000000000050       0x51 build/stm32f1xx_hal_cortex.o
 .comment       0x0000000000000050       0x51 build/stm32f1xx_hal_dma.o
 .comment       0x0000000000000050       0x51 build/stm32f1xx_hal_gpio.o
 .comment       0x0000000000000050       0x51 build/stm32f1xx_hal_rcc.o
 .comment       0x0000000000000050       0x51 build/stm32f1xx_hal_tim.o
 .comment       0x0000000000000050       0x51 build/stm32f1xx_hal_tim_ex.o
 .comment       0x0000000000000050       0x51 build/stm32f1xx_hal_uart.o

.debug_frame    0x0000000000000000     0x34ac
 .debug_frame   0x0000000000000000       0xd4 build/button.o
 .debug_frame   0x00000000000000d4       0x2c build/fsm_auto.o
 .debug_frame   0x0000000000000100       0x2c build/fsm_manual.o
 .debug_frame   0x000000000000012c       0xf0 build/main.o
 .debug_frame   0x000000000000021c       0xcc build/software_timer.o
 .debug_frame   0x00000000000002e8       0xec build/stm32f1xx_hal_msp.o
 .debug_frame   0x00000000000003d4      0x13c build/stm32f1xx_it.o
 .debug_frame   0x0000000000000510       0x58 build/system_stm32f1xx.o
 .debug_frame   0x0000000000000568      0x128 build/task.o
 .debug_frame   0x0000000000000690      0x334 build/stm32f1xx_hal.o
 .debug_frame   0x00000000000009c4      0x428 build/stm32f1xx_hal_cortex.o
 .debug_frame   0x0000000000000dec      0x208 build/stm32f1xx_hal_dma.o
 .debug_frame   0x0000000000000ff4      0x14c build/stm32f1xx_hal_gpio.o
 .debug_frame   0x0000000000001140      0x21c build/stm32f1xx_hal_rcc.o
 .debug_frame   0x000000000000135c     0x11b8 build/stm32f1xx_hal_tim.o
 .debug_frame   0x0000000000002514      0x638 build/stm32f1xx_hal_tim_ex.o
 .debug_frame   0x0000000000002b4c      0x914 build/stm32f1xx_hal_uart.o
 .debug_frame   0x0000000000003460       0x2c d:/stm32cube_ide/stm32cubeide_1.7.0/stm32cubeide/plugins/com.st.stm32cube.ide.mcu.externaltools.gnu-tools-for-stm32.10.3-2021.10.win32_1.0.100.202210260954/tools/bin/../lib/gcc/arm-none-eabi/10.3.1/../../../../arm-none-eabi/lib/thumb/v7-m/nofp\libc_nano.a(lib_a-init.o)
 .debug_frame   0x000000000000348c       0x20 d:/stm32cube_ide/stm32cubeide_1.7.0/stm32cubeide/plugins/com.st.stm32cube.ide.mcu.externaltools.gnu-tools-for-stm32.10.3-2021.10.win32_1.0.100.202210260954/tools/bin/../lib/gcc/arm-none-eabi/10.3.1/../../../../arm-none-eabi/lib/thumb/v7-m/nofp\libc_nano.a(lib_a-memset.o)

Cross Reference Table

Symbol                                            File
ADC1_2_IRQHandler                                 build/startup_stm32f103rbtx.o
AHBPrescTable                                     build/system_stm32f1xx.o
                                                  build/stm32f1xx_hal_rcc.o
APBPrescTable                                     build/system_stm32f1xx.o
                                                  build/stm32f1xx_hal_rcc.o
BusFault_Handler                                  build/stm32f1xx_it.o
CAN1_RX1_IRQHandler                               build/startup_stm32f103rbtx.o
CAN1_SCE_IRQHandler                               build/startup_stm32f103rbtx.o
DMA1_Channel1_IRQHandler                          build/startup_stm32f103rbtx.o
DMA1_Channel2_IRQHandler                          build/startup_stm32f103rbtx.o
DMA1_Channel3_IRQHandler                          build/startup_stm32f103rbtx.o
DMA1_Channel4_IRQHandler                          build/startup_stm32f103rbtx.o
DMA1_Channel5_IRQHandler                          build/startup_stm32f103rbtx.o
DMA1_Channel6_IRQHandler                          build/startup_stm32f103rbtx.o
DMA1_Channel7_IRQHandler                          build/startup_stm32f103rbtx.o
DebugMon_Handler                                  build/stm32f1xx_it.o
Default_Handler                                   build/startup_stm32f103rbtx.o
EXTI0_IRQHandler                                  build/startup_stm32f103rbtx.o
EXTI15_10_IRQHandler                              build/startup_stm32f103rbtx.o
EXTI1_IRQHandler                                  build/startup_stm32f103rbtx.o
EXTI2_IRQHandler                                  build/startup_stm32f103rbtx.o
EXTI3_IRQHandler                                  build/startup_stm32f103rbtx.o
EXTI4_IRQHandler                                  build/startup_stm32f103rbtx.o
EXTI9_5_IRQHandler                                build/startup_stm32f103rbtx.o
Error_Handler                                     build/main.o
FLASH_IRQHandler                                  build/startup_stm32f103rbtx.o
FLASH_PageErase                                   build/stm32f1xx_hal_flash_ex.o
                                                  build/stm32f1xx_hal_flash.o
FLASH_WaitForLastOperation                        build/stm32f1xx_hal_flash.o
                                                  build/stm32f1xx_hal_flash_ex.o
HAL_DBGMCU_DisableDBGSleepMode                    build/stm32f1xx_hal.o
HAL_DBGMCU_DisableDBGStandbyMode                  build/stm32f1xx_hal.o
HAL_DBGMCU_DisableDBGStopMode                     build/stm32f1xx_hal.o
HAL_DBGMCU_EnableDBGSleepMode                     build/stm32f1xx_hal.o
HAL_DBGMCU_EnableDBGStandbyMode                   build/stm32f1xx_hal.o
HAL_DBGMCU_EnableDBGStopMode                      build/stm32f1xx_hal.o
HAL_DMA_Abort                                     build/stm32f1xx_hal_dma.o
                                                  build/stm32f1xx_hal_uart.o
HAL_DMA_Abort_IT                                  build/stm32f1xx_hal_dma.o
                                                  build/stm32f1xx_hal_uart.o
                                                  build/stm32f1xx_hal_tim_ex.o
                                                  build/stm32f1xx_hal_tim.o
HAL_DMA_DeInit                                    build/stm32f1xx_hal_dma.o
HAL_DMA_GetError                                  build/stm32f1xx_hal_dma.o
                                                  build/stm32f1xx_hal_uart.o
HAL_DMA_GetState                                  build/stm32f1xx_hal_dma.o
HAL_DMA_IRQHandler                                build/stm32f1xx_hal_dma.o
HAL_DMA_Init                                      build/stm32f1xx_hal_dma.o
HAL_DMA_PollForTransfer                           build/stm32f1xx_hal_dma.o
HAL_DMA_RegisterCallback                          build/stm32f1xx_hal_dma.o
HAL_DMA_Start                                     build/stm32f1xx_hal_dma.o
HAL_DMA_Start_IT                                  build/stm32f1xx_hal_dma.o
                                                  build/stm32f1xx_hal_uart.o
                                                  build/stm32f1xx_hal_tim_ex.o
                                                  build/stm32f1xx_hal_tim.o
HAL_DMA_UnRegisterCallback                        build/stm32f1xx_hal_dma.o
HAL_DeInit                                        build/stm32f1xx_hal.o
HAL_Delay                                         build/stm32f1xx_hal.o
HAL_EXTI_ClearConfigLine                          build/stm32f1xx_hal_exti.o
HAL_EXTI_ClearPending                             build/stm32f1xx_hal_exti.o
HAL_EXTI_GenerateSWI                              build/stm32f1xx_hal_exti.o
HAL_EXTI_GetConfigLine                            build/stm32f1xx_hal_exti.o
HAL_EXTI_GetHandle                                build/stm32f1xx_hal_exti.o
HAL_EXTI_GetPending                               build/stm32f1xx_hal_exti.o
HAL_EXTI_IRQHandler                               build/stm32f1xx_hal_exti.o
HAL_EXTI_RegisterCallback                         build/stm32f1xx_hal_exti.o
HAL_EXTI_SetConfigLine                            build/stm32f1xx_hal_exti.o
HAL_FLASHEx_Erase                                 build/stm32f1xx_hal_flash_ex.o
HAL_FLASHEx_Erase_IT                              build/stm32f1xx_hal_flash_ex.o
HAL_FLASHEx_OBErase                               build/stm32f1xx_hal_flash_ex.o
HAL_FLASHEx_OBGetConfig                           build/stm32f1xx_hal_flash_ex.o
HAL_FLASHEx_OBGetUserData                         build/stm32f1xx_hal_flash_ex.o
HAL_FLASHEx_OBProgram                             build/stm32f1xx_hal_flash_ex.o
HAL_FLASH_EndOfOperationCallback                  build/stm32f1xx_hal_flash.o
HAL_FLASH_GetError                                build/stm32f1xx_hal_flash.o
HAL_FLASH_IRQHandler                              build/stm32f1xx_hal_flash.o
HAL_FLASH_Lock                                    build/stm32f1xx_hal_flash.o
HAL_FLASH_OB_Launch                               build/stm32f1xx_hal_flash.o
HAL_FLASH_OB_Lock                                 build/stm32f1xx_hal_flash.o
HAL_FLASH_OB_Unlock                               build/stm32f1xx_hal_flash.o
HAL_FLASH_OperationErrorCallback                  build/stm32f1xx_hal_flash.o
HAL_FLASH_Program                                 build/stm32f1xx_hal_flash.o
HAL_FLASH_Program_IT                              build/stm32f1xx_hal_flash.o
HAL_FLASH_Unlock                                  build/stm32f1xx_hal_flash.o
HAL_GPIOEx_ConfigEventout                         build/stm32f1xx_hal_gpio_ex.o
HAL_GPIOEx_DisableEventout                        build/stm32f1xx_hal_gpio_ex.o
HAL_GPIOEx_EnableEventout                         build/stm32f1xx_hal_gpio_ex.o
HAL_GPIO_DeInit                                   build/stm32f1xx_hal_gpio.o
                                                  build/stm32f1xx_hal_msp.o
HAL_GPIO_EXTI_Callback                            build/stm32f1xx_hal_gpio.o
HAL_GPIO_EXTI_IRQHandler                          build/stm32f1xx_hal_gpio.o
HAL_GPIO_Init                                     build/stm32f1xx_hal_gpio.o
                                                  build/stm32f1xx_hal_rcc.o
                                                  build/stm32f1xx_hal_msp.o
                                                  build/main.o
HAL_GPIO_LockPin                                  build/stm32f1xx_hal_gpio.o
HAL_GPIO_ReadPin                                  build/stm32f1xx_hal_gpio.o
                                                  build/button.o
HAL_GPIO_TogglePin                                build/stm32f1xx_hal_gpio.o
                                                  build/task.o
HAL_GPIO_WritePin                                 build/stm32f1xx_hal_gpio.o
                                                  build/task.o
                                                  build/main.o
HAL_GetDEVID                                      build/stm32f1xx_hal.o
HAL_GetHalVersion                                 build/stm32f1xx_hal.o
HAL_GetREVID                                      build/stm32f1xx_hal.o
HAL_GetTick                                       build/stm32f1xx_hal.o
                                                  build/stm32f1xx_hal_uart.o
                                                  build/stm32f1xx_hal_rcc_ex.o
                                                  build/stm32f1xx_hal_rcc.o
                                                  build/stm32f1xx_hal_flash.o
                                                  build/stm32f1xx_hal_dma.o
HAL_GetTickFreq                                   build/stm32f1xx_hal.o
HAL_GetTickPrio                                   build/stm32f1xx_hal.o
HAL_GetUIDw0                                      build/stm32f1xx_hal.o
HAL_GetUIDw1                                      build/stm32f1xx_hal.o
HAL_GetUIDw2                                      build/stm32f1xx_hal.o
HAL_HalfDuplex_EnableReceiver                     build/stm32f1xx_hal_uart.o
HAL_HalfDuplex_EnableTransmitter                  build/stm32f1xx_hal_uart.o
HAL_HalfDuplex_Init                               build/stm32f1xx_hal_uart.o
HAL_IncTick                                       build/stm32f1xx_hal.o
                                                  build/stm32f1xx_it.o
HAL_Init                                          build/stm32f1xx_hal.o
                                                  build/main.o
HAL_InitTick                                      build/stm32f1xx_hal.o
                                                  build/stm32f1xx_hal_rcc.o
HAL_LIN_Init                                      build/stm32f1xx_hal_uart.o
HAL_LIN_SendBreak                                 build/stm32f1xx_hal_uart.o
HAL_MspDeInit                                     build/stm32f1xx_hal.o
HAL_MspInit                                       build/stm32f1xx_hal_msp.o
HAL_MultiProcessor_EnterMuteMode                  build/stm32f1xx_hal_uart.o
HAL_MultiProcessor_ExitMuteMode                   build/stm32f1xx_hal_uart.o
HAL_MultiProcessor_Init                           build/stm32f1xx_hal_uart.o
HAL_NVIC_ClearPendingIRQ                          build/stm32f1xx_hal_cortex.o
HAL_NVIC_DisableIRQ                               build/stm32f1xx_hal_cortex.o
                                                  build/stm32f1xx_hal_msp.o
HAL_NVIC_EnableIRQ                                build/stm32f1xx_hal_cortex.o
                                                  build/stm32f1xx_hal_msp.o
HAL_NVIC_GetActive                                build/stm32f1xx_hal_cortex.o
HAL_NVIC_GetPendingIRQ                            build/stm32f1xx_hal_cortex.o
HAL_NVIC_GetPriority                              build/stm32f1xx_hal_cortex.o
HAL_NVIC_GetPriorityGrouping                      build/stm32f1xx_hal_cortex.o
HAL_NVIC_SetPendingIRQ                            build/stm32f1xx_hal_cortex.o
HAL_NVIC_SetPriority                              build/stm32f1xx_hal_cortex.o
                                                  build/stm32f1xx_hal.o
                                                  build/stm32f1xx_hal_msp.o
HAL_NVIC_SetPriorityGrouping                      build/stm32f1xx_hal_cortex.o
                                                  build/stm32f1xx_hal.o
HAL_NVIC_SystemReset                              build/stm32f1xx_hal_cortex.o
                                                  build/stm32f1xx_hal_flash.o
HAL_PWR_ConfigPVD                                 build/stm32f1xx_hal_pwr.o
HAL_PWR_DeInit                                    build/stm32f1xx_hal_pwr.o
HAL_PWR_DisableBkUpAccess                         build/stm32f1xx_hal_pwr.o
HAL_PWR_DisablePVD                                build/stm32f1xx_hal_pwr.o
HAL_PWR_DisableSEVOnPend                          build/stm32f1xx_hal_pwr.o
HAL_PWR_DisableSleepOnExit                        build/stm32f1xx_hal_pwr.o
HAL_PWR_DisableWakeUpPin                          build/stm32f1xx_hal_pwr.o
HAL_PWR_EnableBkUpAccess                          build/stm32f1xx_hal_pwr.o
HAL_PWR_EnablePVD                                 build/stm32f1xx_hal_pwr.o
HAL_PWR_EnableSEVOnPend                           build/stm32f1xx_hal_pwr.o
HAL_PWR_EnableSleepOnExit                         build/stm32f1xx_hal_pwr.o
HAL_PWR_EnableWakeUpPin                           build/stm32f1xx_hal_pwr.o
HAL_PWR_EnterSLEEPMode                            build/stm32f1xx_hal_pwr.o
HAL_PWR_EnterSTANDBYMode                          build/stm32f1xx_hal_pwr.o
HAL_PWR_EnterSTOPMode                             build/stm32f1xx_hal_pwr.o
HAL_PWR_PVDCallback                               build/stm32f1xx_hal_pwr.o
HAL_PWR_PVD_IRQHandler                            build/stm32f1xx_hal_pwr.o
HAL_RCCEx_GetPeriphCLKConfig                      build/stm32f1xx_hal_rcc_ex.o
HAL_RCCEx_GetPeriphCLKFreq                        build/stm32f1xx_hal_rcc_ex.o
HAL_RCCEx_PeriphCLKConfig                         build/stm32f1xx_hal_rcc_ex.o
HAL_RCC_CSSCallback                               build/stm32f1xx_hal_rcc.o
HAL_RCC_ClockConfig                               build/stm32f1xx_hal_rcc.o
                                                  build/main.o
HAL_RCC_DeInit                                    build/stm32f1xx_hal_rcc.o
HAL_RCC_DisableCSS                                build/stm32f1xx_hal_rcc.o
HAL_RCC_EnableCSS                                 build/stm32f1xx_hal_rcc.o
HAL_RCC_GetClockConfig                            build/stm32f1xx_hal_rcc.o
HAL_RCC_GetHCLKFreq                               build/stm32f1xx_hal_rcc.o
HAL_RCC_GetOscConfig                              build/stm32f1xx_hal_rcc.o
HAL_RCC_GetPCLK1Freq                              build/stm32f1xx_hal_rcc.o
                                                  build/stm32f1xx_hal_uart.o
HAL_RCC_GetPCLK2Freq                              build/stm32f1xx_hal_rcc.o
                                                  build/stm32f1xx_hal_uart.o
                                                  build/stm32f1xx_hal_rcc_ex.o
HAL_RCC_GetSysClockFreq                           build/stm32f1xx_hal_rcc.o
HAL_RCC_MCOConfig                                 build/stm32f1xx_hal_rcc.o
HAL_RCC_NMI_IRQHandler                            build/stm32f1xx_hal_rcc.o
HAL_RCC_OscConfig                                 build/stm32f1xx_hal_rcc.o
                                                  build/main.o
HAL_ResumeTick                                    build/stm32f1xx_hal.o
HAL_SYSTICK_CLKSourceConfig                       build/stm32f1xx_hal_cortex.o
HAL_SYSTICK_Callback                              build/stm32f1xx_hal_cortex.o
HAL_SYSTICK_Config                                build/stm32f1xx_hal_cortex.o
                                                  build/stm32f1xx_hal.o
HAL_SYSTICK_IRQHandler                            build/stm32f1xx_hal_cortex.o
HAL_SetTickFreq                                   build/stm32f1xx_hal.o
HAL_SuspendTick                                   build/stm32f1xx_hal.o
HAL_TIMEx_BreakCallback                           build/stm32f1xx_hal_tim_ex.o
                                                  build/stm32f1xx_hal_tim.o
HAL_TIMEx_CommutCallback                          build/stm32f1xx_hal_tim_ex.o
                                                  build/stm32f1xx_hal_tim.o
HAL_TIMEx_CommutHalfCpltCallback                  build/stm32f1xx_hal_tim_ex.o
HAL_TIMEx_ConfigBreakDeadTime                     build/stm32f1xx_hal_tim_ex.o
HAL_TIMEx_ConfigCommutEvent                       build/stm32f1xx_hal_tim_ex.o
HAL_TIMEx_ConfigCommutEvent_DMA                   build/stm32f1xx_hal_tim_ex.o
HAL_TIMEx_ConfigCommutEvent_IT                    build/stm32f1xx_hal_tim_ex.o
HAL_TIMEx_GetChannelNState                        build/stm32f1xx_hal_tim_ex.o
HAL_TIMEx_HallSensor_DeInit                       build/stm32f1xx_hal_tim_ex.o
HAL_TIMEx_HallSensor_GetState                     build/stm32f1xx_hal_tim_ex.o
HAL_TIMEx_HallSensor_Init                         build/stm32f1xx_hal_tim_ex.o
HAL_TIMEx_HallSensor_MspDeInit                    build/stm32f1xx_hal_tim_ex.o
HAL_TIMEx_HallSensor_MspInit                      build/stm32f1xx_hal_tim_ex.o
HAL_TIMEx_HallSensor_Start                        build/stm32f1xx_hal_tim_ex.o
HAL_TIMEx_HallSensor_Start_DMA                    build/stm32f1xx_hal_tim_ex.o
HAL_TIMEx_HallSensor_Start_IT                     build/stm32f1xx_hal_tim_ex.o
HAL_TIMEx_HallSensor_Stop                         build/stm32f1xx_hal_tim_ex.o
HAL_TIMEx_HallSensor_Stop_DMA                     build/stm32f1xx_hal_tim_ex.o
HAL_TIMEx_HallSensor_Stop_IT                      build/stm32f1xx_hal_tim_ex.o
HAL_TIMEx_MasterConfigSynchronization             build/stm32f1xx_hal_tim_ex.o
                                                  build/main.o
HAL_TIMEx_OCN_Start                               build/stm32f1xx_hal_tim_ex.o
HAL_TIMEx_OCN_Start_DMA                           build/stm32f1xx_hal_tim_ex.o
HAL_TIMEx_OCN_Start_IT                            build/stm32f1xx_hal_tim_ex.o
HAL_TIMEx_OCN_Stop                                build/stm32f1xx_hal_tim_ex.o
HAL_TIMEx_OCN_Stop_DMA                            build/stm32f1xx_hal_tim_ex.o
HAL_TIMEx_OCN_Stop_IT                             build/stm32f1xx_hal_tim_ex.o
HAL_TIMEx_OnePulseN_Start                         build/stm32f1xx_hal_tim_ex.o
HAL_TIMEx_OnePulseN_Start_IT                      build/stm32f1xx_hal_tim_ex.o
HAL_TIMEx_OnePulseN_Stop                          build/stm32f1xx_hal_tim_ex.o
HAL_TIMEx_OnePulseN_Stop_IT                       build/stm32f1xx_hal_tim_ex.o
HAL_TIMEx_PWMN_Start                              build/stm32f1xx_hal_tim_ex.o
HAL_TIMEx_PWMN_Start_DMA                          build/stm32f1xx_hal_tim_ex.o
HAL_TIMEx_PWMN_Start_IT                           build/stm32f1xx_hal_tim_ex.o
HAL_TIMEx_PWMN_Stop                               build/stm32f1xx_hal_tim_ex.o
HAL_TIMEx_PWMN_Stop_DMA                           build/stm32f1xx_hal_tim_ex.o
HAL_TIMEx_PWMN_Stop_IT                            build/stm32f1xx_hal_tim_ex.o
HAL_TIMEx_RemapConfig                             build/stm32f1xx_hal_tim_ex.o
HAL_TIM_Base_DeInit                               build/stm32f1xx_hal_tim.o
HAL_TIM_Base_GetState                             build/stm32f1xx_hal_tim.o
HAL_TIM_Base_Init                                 build/stm32f1xx_hal_tim.o
                                                  build/main.o
HAL_TIM_Base_MspDeInit                            build/stm32f1xx_hal_msp.o
HAL_TIM_Base_MspInit                              build/stm32f1xx_hal_msp.o
HAL_TIM_Base_Start                                build/stm32f1xx_hal_tim.o
HAL_TIM_Base_Start_DMA                            build/stm32f1xx_hal_tim.o
HAL_TIM_Base_Start_IT                             build/stm32f1xx_hal_tim.o
                                                  build/main.o
HAL_TIM_Base_Stop                                 build/stm32f1xx_hal_tim.o
HAL_TIM_Base_Stop_DMA                             build/stm32f1xx_hal_tim.o
HAL_TIM_Base_Stop_IT                              build/stm32f1xx_hal_tim.o
HAL_TIM_ConfigClockSource                         build/stm32f1xx_hal_tim.o
                                                  build/main.o
HAL_TIM_ConfigOCrefClear                          build/stm32f1xx_hal_tim.o
HAL_TIM_ConfigTI1Input                            build/stm32f1xx_hal_tim.o
HAL_TIM_DMABurstState                             build/stm32f1xx_hal_tim.o
HAL_TIM_DMABurst_MultiReadStart                   build/stm32f1xx_hal_tim.o
HAL_TIM_DMABurst_MultiWriteStart                  build/stm32f1xx_hal_tim.o
HAL_TIM_DMABurst_ReadStart                        build/stm32f1xx_hal_tim.o
HAL_TIM_DMABurst_ReadStop                         build/stm32f1xx_hal_tim.o
HAL_TIM_DMABurst_WriteStart                       build/stm32f1xx_hal_tim.o
HAL_TIM_DMABurst_WriteStop                        build/stm32f1xx_hal_tim.o
HAL_TIM_Encoder_DeInit                            build/stm32f1xx_hal_tim.o
HAL_TIM_Encoder_GetState                          build/stm32f1xx_hal_tim.o
HAL_TIM_Encoder_Init                              build/stm32f1xx_hal_tim.o
HAL_TIM_Encoder_MspDeInit                         build/stm32f1xx_hal_tim.o
HAL_TIM_Encoder_MspInit                           build/stm32f1xx_hal_tim.o
HAL_TIM_Encoder_Start                             build/stm32f1xx_hal_tim.o
HAL_TIM_Encoder_Start_DMA                         build/stm32f1xx_hal_tim.o
HAL_TIM_Encoder_Start_IT                          build/stm32f1xx_hal_tim.o
HAL_TIM_Encoder_Stop                              build/stm32f1xx_hal_tim.o
HAL_TIM_Encoder_Stop_DMA                          build/stm32f1xx_hal_tim.o
HAL_TIM_Encoder_Stop_IT                           build/stm32f1xx_hal_tim.o
HAL_TIM_ErrorCallback                             build/stm32f1xx_hal_tim.o
                                                  build/stm32f1xx_hal_tim_ex.o
HAL_TIM_GenerateEvent                             build/stm32f1xx_hal_tim.o
HAL_TIM_GetActiveChannel                          build/stm32f1xx_hal_tim.o
HAL_TIM_GetChannelState                           build/stm32f1xx_hal_tim.o
HAL_TIM_IC_CaptureCallback                        build/stm32f1xx_hal_tim.o
HAL_TIM_IC_CaptureHalfCpltCallback                build/stm32f1xx_hal_tim.o
HAL_TIM_IC_ConfigChannel                          build/stm32f1xx_hal_tim.o
HAL_TIM_IC_DeInit                                 build/stm32f1xx_hal_tim.o
HAL_TIM_IC_GetState                               build/stm32f1xx_hal_tim.o
HAL_TIM_IC_Init                                   build/stm32f1xx_hal_tim.o
HAL_TIM_IC_MspDeInit                              build/stm32f1xx_hal_tim.o
HAL_TIM_IC_MspInit                                build/stm32f1xx_hal_tim.o
HAL_TIM_IC_Start                                  build/stm32f1xx_hal_tim.o
HAL_TIM_IC_Start_DMA                              build/stm32f1xx_hal_tim.o
HAL_TIM_IC_Start_IT                               build/stm32f1xx_hal_tim.o
HAL_TIM_IC_Stop                                   build/stm32f1xx_hal_tim.o
HAL_TIM_IC_Stop_DMA                               build/stm32f1xx_hal_tim.o
HAL_TIM_IC_Stop_IT                                build/stm32f1xx_hal_tim.o
HAL_TIM_IRQHandler                                build/stm32f1xx_hal_tim.o
                                                  build/stm32f1xx_it.o
HAL_TIM_MspPostInit                               build/stm32f1xx_hal_msp.o
                                                  build/main.o
HAL_TIM_OC_ConfigChannel                          build/stm32f1xx_hal_tim.o
HAL_TIM_OC_DeInit                                 build/stm32f1xx_hal_tim.o
HAL_TIM_OC_DelayElapsedCallback                   build/stm32f1xx_hal_tim.o
HAL_TIM_OC_GetState                               build/stm32f1xx_hal_tim.o
HAL_TIM_OC_Init                                   build/stm32f1xx_hal_tim.o
HAL_TIM_OC_MspDeInit                              build/stm32f1xx_hal_tim.o
HAL_TIM_OC_MspInit                                build/stm32f1xx_hal_tim.o
HAL_TIM_OC_Start                                  build/stm32f1xx_hal_tim.o
HAL_TIM_OC_Start_DMA                              build/stm32f1xx_hal_tim.o
HAL_TIM_OC_Start_IT                               build/stm32f1xx_hal_tim.o
HAL_TIM_OC_Stop                                   build/stm32f1xx_hal_tim.o
HAL_TIM_OC_Stop_DMA                               build/stm32f1xx_hal_tim.o
HAL_TIM_OC_Stop_IT                                build/stm32f1xx_hal_tim.o
HAL_TIM_OnePulse_ConfigChannel                    build/stm32f1xx_hal_tim.o
HAL_TIM_OnePulse_DeInit                           build/stm32f1xx_hal_tim.o
HAL_TIM_OnePulse_GetState                         build/stm32f1xx_hal_tim.o
HAL_TIM_OnePulse_Init                             build/stm32f1xx_hal_tim.o
HAL_TIM_OnePulse_MspDeInit                        build/stm32f1xx_hal_tim.o
HAL_TIM_OnePulse_MspInit                          build/stm32f1xx_hal_tim.o
HAL_TIM_OnePulse_Start                            build/stm32f1xx_hal_tim.o
HAL_TIM_OnePulse_Start_IT                         build/stm32f1xx_hal_tim.o
HAL_TIM_OnePulse_Stop                             build/stm32f1xx_hal_tim.o
HAL_TIM_OnePulse_Stop_IT                          build/stm32f1xx_hal_tim.o
HAL_TIM_PWM_ConfigChannel                         build/stm32f1xx_hal_tim.o
                                                  build/main.o
HAL_TIM_PWM_DeInit                                build/stm32f1xx_hal_tim.o
HAL_TIM_PWM_GetState                              build/stm32f1xx_hal_tim.o
HAL_TIM_PWM_Init                                  build/stm32f1xx_hal_tim.o
                                                  build/main.o
HAL_TIM_PWM_MspDeInit                             build/stm32f1xx_hal_tim.o
HAL_TIM_PWM_MspInit                               build/stm32f1xx_hal_tim.o
HAL_TIM_PWM_PulseFinishedCallback                 build/stm32f1xx_hal_tim.o
                                                  build/stm32f1xx_hal_tim_ex.o
HAL_TIM_PWM_PulseFinishedHalfCpltCallback         build/stm32f1xx_hal_tim.o
HAL_TIM_PWM_Start                                 build/stm32f1xx_hal_tim.o
HAL_TIM_PWM_Start_DMA                             build/stm32f1xx_hal_tim.o
HAL_TIM_PWM_Start_IT                              build/stm32f1xx_hal_tim.o
HAL_TIM_PWM_Stop                                  build/stm32f1xx_hal_tim.o
HAL_TIM_PWM_Stop_DMA                              build/stm32f1xx_hal_tim.o
HAL_TIM_PWM_Stop_IT                               build/stm32f1xx_hal_tim.o
HAL_TIM_PeriodElapsedCallback                     build/software_timer.o
HAL_TIM_PeriodElapsedHalfCpltCallback             build/stm32f1xx_hal_tim.o
HAL_TIM_ReadCapturedValue                         build/stm32f1xx_hal_tim.o
HAL_TIM_SlaveConfigSynchro                        build/stm32f1xx_hal_tim.o
HAL_TIM_SlaveConfigSynchro_IT                     build/stm32f1xx_hal_tim.o
HAL_TIM_TriggerCallback                           build/stm32f1xx_hal_tim.o
HAL_TIM_TriggerHalfCpltCallback                   build/stm32f1xx_hal_tim.o
HAL_UARTEx_ReceiveToIdle                          build/stm32f1xx_hal_uart.o
HAL_UARTEx_ReceiveToIdle_DMA                      build/stm32f1xx_hal_uart.o
HAL_UARTEx_ReceiveToIdle_IT                       build/stm32f1xx_hal_uart.o
HAL_UARTEx_RxEventCallback                        build/stm32f1xx_hal_uart.o
HAL_UART_Abort                                    build/stm32f1xx_hal_uart.o
HAL_UART_AbortCpltCallback                        build/stm32f1xx_hal_uart.o
HAL_UART_AbortReceive                             build/stm32f1xx_hal_uart.o
HAL_UART_AbortReceiveCpltCallback                 build/stm32f1xx_hal_uart.o
HAL_UART_AbortReceive_IT                          build/stm32f1xx_hal_uart.o
HAL_UART_AbortTransmit                            build/stm32f1xx_hal_uart.o
HAL_UART_AbortTransmitCpltCallback                build/stm32f1xx_hal_uart.o
HAL_UART_AbortTransmit_IT                         build/stm32f1xx_hal_uart.o
HAL_UART_Abort_IT                                 build/stm32f1xx_hal_uart.o
HAL_UART_DMAPause                                 build/stm32f1xx_hal_uart.o
HAL_UART_DMAResume                                build/stm32f1xx_hal_uart.o
HAL_UART_DMAStop                                  build/stm32f1xx_hal_uart.o
HAL_UART_DeInit                                   build/stm32f1xx_hal_uart.o
HAL_UART_ErrorCallback                            build/stm32f1xx_hal_uart.o
HAL_UART_GetError                                 build/stm32f1xx_hal_uart.o
HAL_UART_GetState                                 build/stm32f1xx_hal_uart.o
HAL_UART_IRQHandler                               build/stm32f1xx_hal_uart.o
                                                  build/stm32f1xx_it.o
HAL_UART_Init                                     build/stm32f1xx_hal_uart.o
                                                  build/main.o
HAL_UART_MspDeInit                                build/stm32f1xx_hal_msp.o
HAL_UART_MspInit                                  build/stm32f1xx_hal_msp.o
HAL_UART_Receive                                  build/stm32f1xx_hal_uart.o
HAL_UART_Receive_DMA                              build/stm32f1xx_hal_uart.o
HAL_UART_Receive_IT                               build/stm32f1xx_hal_uart.o
HAL_UART_RxCpltCallback                           build/stm32f1xx_hal_uart.o
HAL_UART_RxHalfCpltCallback                       build/stm32f1xx_hal_uart.o
HAL_UART_Transmit                                 build/stm32f1xx_hal_uart.o
HAL_UART_Transmit_DMA                             build/stm32f1xx_hal_uart.o
HAL_UART_Transmit_IT                              build/stm32f1xx_hal_uart.o
HAL_UART_TxCpltCallback                           build/stm32f1xx_hal_uart.o
HAL_UART_TxHalfCpltCallback                       build/stm32f1xx_hal_uart.o
HardFault_Handler                                 build/stm32f1xx_it.o
I2C1_ER_IRQHandler                                build/startup_stm32f103rbtx.o
I2C1_EV_IRQHandler                                build/startup_stm32f103rbtx.o
I2C2_ER_IRQHandler                                build/startup_stm32f103rbtx.o
I2C2_EV_IRQHandler                                build/startup_stm32f103rbtx.o
MemManage_Handler                                 build/stm32f1xx_it.o
NMI_Handler                                       build/stm32f1xx_it.o
PVD_IRQHandler                                    build/startup_stm32f103rbtx.o
PendSV_Handler                                    build/stm32f1xx_it.o
RCC_IRQHandler                                    build/startup_stm32f103rbtx.o
RTC_Alarm_IRQHandler                              build/startup_stm32f103rbtx.o
RTC_IRQHandler                                    build/startup_stm32f103rbtx.o
Reset_Handler                                     build/startup_stm32f103rbtx.o
SPI1_IRQHandler                                   build/startup_stm32f103rbtx.o
SPI2_IRQHandler                                   build/startup_stm32f103rbtx.o
SVC_Handler                                       build/stm32f1xx_it.o
SysTick_Handler                                   build/stm32f1xx_it.o
SystemClock_Config                                build/main.o
SystemCoreClock                                   build/system_stm32f1xx.o
                                                  build/stm32f1xx_hal_rcc.o
                                                  build/stm32f1xx_hal.o
SystemCoreClockUpdate                             build/system_stm32f1xx.o
SystemInit                                        build/system_stm32f1xx.o
                                                  build/startup_stm32f103rbtx.o
TAMPER_IRQHandler                                 build/startup_stm32f103rbtx.o
TIM1_BRK_IRQHandler                               build/startup_stm32f103rbtx.o
TIM1_CC_IRQHandler                                build/startup_stm32f103rbtx.o
TIM1_TRG_COM_IRQHandler                           build/startup_stm32f103rbtx.o
TIM1_UP_IRQHandler                                build/startup_stm32f103rbtx.o
TIM2_IRQHandler                                   build/stm32f1xx_it.o
TIM3_IRQHandler                                   build/startup_stm32f103rbtx.o
TIM4_IRQHandler                                   build/startup_stm32f103rbtx.o
TIMER_CYCLE                                       build/software_timer.o
TIMEx_DMACommutationCplt                          build/stm32f1xx_hal_tim_ex.o
                                                  build/stm32f1xx_hal_tim.o
TIMEx_DMACommutationHalfCplt                      build/stm32f1xx_hal_tim_ex.o
                                                  build/stm32f1xx_hal_tim.o
TIM_Base_SetConfig                                build/stm32f1xx_hal_tim.o
                                                  build/stm32f1xx_hal_tim_ex.o
TIM_CCxChannelCmd                                 build/stm32f1xx_hal_tim.o
                                                  build/stm32f1xx_hal_tim_ex.o
TIM_DMACaptureCplt                                build/stm32f1xx_hal_tim.o
                                                  build/stm32f1xx_hal_tim_ex.o
TIM_DMACaptureHalfCplt                            build/stm32f1xx_hal_tim.o
                                                  build/stm32f1xx_hal_tim_ex.o
TIM_DMADelayPulseHalfCplt                         build/stm32f1xx_hal_tim.o
                                                  build/stm32f1xx_hal_tim_ex.o
TIM_DMAError                                      build/stm32f1xx_hal_tim.o
                                                  build/stm32f1xx_hal_tim_ex.o
TIM_ETR_SetConfig                                 build/stm32f1xx_hal_tim.o
TIM_OC2_SetConfig                                 build/stm32f1xx_hal_tim.o
                                                  build/stm32f1xx_hal_tim_ex.o
TIM_TI1_SetConfig                                 build/stm32f1xx_hal_tim.o
                                                  build/stm32f1xx_hal_tim_ex.o
UART_Start_Receive_DMA                            build/stm32f1xx_hal_uart.o
UART_Start_Receive_IT                             build/stm32f1xx_hal_uart.o
USART1_IRQHandler                                 build/startup_stm32f103rbtx.o
USART2_IRQHandler                                 build/stm32f1xx_it.o
USART3_IRQHandler                                 build/startup_stm32f103rbtx.o
USBWakeUp_IRQHandler                              build/startup_stm32f103rbtx.o
USB_HP_CAN1_TX_IRQHandler                         build/startup_stm32f103rbtx.o
USB_LP_CAN1_RX0_IRQHandler                        build/startup_stm32f103rbtx.o
UsageFault_Handler                                build/stm32f1xx_it.o
WWDG_IRQHandler                                   build/startup_stm32f103rbtx.o
_Min_Stack_Size                                   build/sysmem.o
__bss_end__                                       d:/stm32cube_ide/stm32cubeide_1.7.0/stm32cubeide/plugins/com.st.stm32cube.ide.mcu.externaltools.gnu-tools-for-stm32.10.3-2021.10.win32_1.0.100.202210260954/tools/bin/../lib/gcc/arm-none-eabi/10.3.1/../../../../arm-none-eabi/lib/thumb/v7-m/nofp/crt0.o
__bss_start__                                     d:/stm32cube_ide/stm32cubeide_1.7.0/stm32cubeide/plugins/com.st.stm32cube.ide.mcu.externaltools.gnu-tools-for-stm32.10.3-2021.10.win32_1.0.100.202210260954/tools/bin/../lib/gcc/arm-none-eabi/10.3.1/../../../../arm-none-eabi/lib/thumb/v7-m/nofp/crt0.o
__call_exitprocs                                  d:/stm32cube_ide/stm32cubeide_1.7.0/stm32cubeide/plugins/com.st.stm32cube.ide.mcu.externaltools.gnu-tools-for-stm32.10.3-2021.10.win32_1.0.100.202210260954/tools/bin/../lib/gcc/arm-none-eabi/10.3.1/../../../../arm-none-eabi/lib/thumb/v7-m/nofp\libc_nano.a(lib_a-exit.o)
__deregister_frame_info                           d:/stm32cube_ide/stm32cubeide_1.7.0/stm32cubeide/plugins/com.st.stm32cube.ide.mcu.externaltools.gnu-tools-for-stm32.10.3-2021.10.win32_1.0.100.202210260954/tools/bin/../lib/gcc/arm-none-eabi/10.3.1/thumb/v7-m/nofp/crtbegin.o
__dso_handle                                      d:/stm32cube_ide/stm32cubeide_1.7.0/stm32cubeide/plugins/com.st.stm32cube.ide.mcu.externaltools.gnu-tools-for-stm32.10.3-2021.10.win32_1.0.100.202210260954/tools/bin/../lib/gcc/arm-none-eabi/10.3.1/thumb/v7-m/nofp/crtbegin.o
__env                                             build/syscalls.o
__errno                                           d:/stm32cube_ide/stm32cubeide_1.7.0/stm32cubeide/plugins/com.st.stm32cube.ide.mcu.externaltools.gnu-tools-for-stm32.10.3-2021.10.win32_1.0.100.202210260954/tools/bin/../lib/gcc/arm-none-eabi/10.3.1/../../../../arm-none-eabi/lib/thumb/v7-m/nofp\libc_nano.a(lib_a-errno.o)
                                                  build/sysmem.o
                                                  build/syscalls.o
__init_array_end                                  d:/stm32cube_ide/stm32cubeide_1.7.0/stm32cubeide/plugins/com.st.stm32cube.ide.mcu.externaltools.gnu-tools-for-stm32.10.3-2021.10.win32_1.0.100.202210260954/tools/bin/../lib/gcc/arm-none-eabi/10.3.1/../../../../arm-none-eabi/lib/thumb/v7-m/nofp\libc_nano.a(lib_a-init.o)
__init_array_start                                d:/stm32cube_ide/stm32cubeide_1.7.0/stm32cubeide/plugins/com.st.stm32cube.ide.mcu.externaltools.gnu-tools-for-stm32.10.3-2021.10.win32_1.0.100.202210260954/tools/bin/../lib/gcc/arm-none-eabi/10.3.1/../../../../arm-none-eabi/lib/thumb/v7-m/nofp\libc_nano.a(lib_a-init.o)
__io_getchar                                      build/syscalls.o
__io_putchar                                      build/syscalls.o
__libc_fini_array                                 d:/stm32cube_ide/stm32cubeide_1.7.0/stm32cubeide/plugins/com.st.stm32cube.ide.mcu.externaltools.gnu-tools-for-stm32.10.3-2021.10.win32_1.0.100.202210260954/tools/bin/../lib/gcc/arm-none-eabi/10.3.1/../../../../arm-none-eabi/lib/thumb/v7-m/nofp/crt0.o
__libc_init_array                                 d:/stm32cube_ide/stm32cubeide_1.7.0/stm32cubeide/plugins/com.st.stm32cube.ide.mcu.externaltools.gnu-tools-for-stm32.10.3-2021.10.win32_1.0.100.202210260954/tools/bin/../lib/gcc/arm-none-eabi/10.3.1/../../../../arm-none-eabi/lib/thumb/v7-m/nofp\libc_nano.a(lib_a-init.o)
                                                  build/startup_stm32f103rbtx.o
                                                  d:/stm32cube_ide/stm32cubeide_1.7.0/stm32cubeide/plugins/com.st.stm32cube.ide.mcu.externaltools.gnu-tools-for-stm32.10.3-2021.10.win32_1.0.100.202210260954/tools/bin/../lib/gcc/arm-none-eabi/10.3.1/../../../../arm-none-eabi/lib/thumb/v7-m/nofp/crt0.o
__preinit_array_end                               d:/stm32cube_ide/stm32cubeide_1.7.0/stm32cubeide/plugins/com.st.stm32cube.ide.mcu.externaltools.gnu-tools-for-stm32.10.3-2021.10.win32_1.0.100.202210260954/tools/bin/../lib/gcc/arm-none-eabi/10.3.1/../../../../arm-none-eabi/lib/thumb/v7-m/nofp\libc_nano.a(lib_a-init.o)
__preinit_array_start                             d:/stm32cube_ide/stm32cubeide_1.7.0/stm32cubeide/plugins/com.st.stm32cube.ide.mcu.externaltools.gnu-tools-for-stm32.10.3-2021.10.win32_1.0.100.202210260954/tools/bin/../lib/gcc/arm-none-eabi/10.3.1/../../../../arm-none-eabi/lib/thumb/v7-m/nofp\libc_nano.a(lib_a-init.o)