Archive member included to satisfy reference by file (symbol)

d:/stm32cube_ide/stm32cubeide_1.7.0/stm32cubeide/plugins/com.st.stm32cube.ide.mcu.externaltools.gnu-tools-for-stm32.10.3-2021.10.win32_1.0.100.202210260954/tools/bin/../lib/gcc/arm-none-eabi/10.3.1/../../../../arm-none-eabi/lib/thumb/v7-m/nofp\libc_nano.a(lib_a-errno.o)
                              ./Core/Src/syscalls.o (__errno)
d:/stm32cube_ide/stm32cubeide_1.7.0/stm32cubeide/plugins/com.st.stm32cube.ide.mcu.externaltools.gnu-tools-for-stm32.10.3-2021.10.win32_1.0.100.202210260954/tools/bin/../lib/gcc/arm-none-eabi/10.3.1/../../../../arm-none-eabi/lib/thumb/v7-m/nofp\libc_nano.a(lib_a-exit.o)
                              d:/stm32cube_ide/stm32cubeide_1.7.0/stm32cubeide/plugins/com.st.stm32cube.ide.mcu.externaltools.gnu-tools-for-stm32.10.3-2021.10.win32_1.0.100.202210260954/tools/bin/../lib/gcc/arm-none-eabi/10.3.1/../../../../arm-none-eabi/lib/thumb/v7-m/nofp/crt0.o (exit)
d:/stm32cube_ide/stm32cubeide_1.7.0/stm32cubeide/plugins/com.st.stm32cube.ide.mcu.externaltools.gnu-tools-for-stm32.10.3-2021.10.win32_1.0.100.202210260954/tools/bin/../lib/gcc/arm-none-eabi/10.3.1/../../../../arm-none-eabi/lib/thumb/v7-m/nofp\libc_nano.a(lib_a-impure.o)
                              d:/stm32cube_ide/stm32cubeide_1.7.0/stm32cubeide/plugins/com.st.stm32cube.ide.mcu.externaltools.gnu-tools-for-stm32.10.3-2021.10.win32_1.0.100.202210260954/tools/bin/../lib/gcc/arm-none-eabi/10.3.1/../../../../arm-none-eabi/lib/thumb/v7-m/nofp\libc_nano.a(lib_a-exit.o) (_global_impure_ptr)
d:/stm32cube_ide/stm32cubeide_1.7.0/stm32cubeide/plugins/com.st.stm32cube.ide.mcu.externaltools.gnu-tools-for-stm32.10.3-2021.10.win32_1.0.100.202210260954/tools/bin/../lib/gcc/arm-none-eabi/10.3.1/../../../../arm-none-eabi/lib/thumb/v7-m/nofp\libc_nano.a(lib_a-init.o)
                              d:/stm32cube_ide/stm32cubeide_1.7.0/stm32cubeide/plugins/com.st.stm32cube.ide.mcu.externaltools.gnu-tools-for-stm32.10.3-2021.10.win32_1.0.100.202210260954/tools/bin/../lib/gcc/arm-none-eabi/10.3.1/../../../../arm-none-eabi/lib/thumb/v7-m/nofp/crt0.o (__libc_init_array)
d:/stm32cube_ide/stm32cubeide_1.7.0/stm32cubeide/plugins/com.st.stm32cube.ide.mcu.externaltools.gnu-tools-for-stm32.10.3-2021.10.win32_1.0.100.202210260954/tools/bin/../lib/gcc/arm-none-eabi/10.3.1/../../../../arm-none-eabi/lib/thumb/v7-m/nofp\libc_nano.a(lib_a-memset.o)
                              d:/stm32cube_ide/stm32cubeide_1.7.0/stm32cubeide/plugins/com.st.stm32cube.ide.mcu.externaltools.gnu-tools-for-stm32.10.3-2021.10.win32_1.0.100.202210260954/tools/bin/../lib/gcc/arm-none-eabi/10.3.1/../../../../arm-none-eabi/lib/thumb/v7-m/nofp/crt0.o (memset)

Discarded input sections

 .text          0x0000000000000000        0x0 d:/stm32cube_ide/stm32cubeide_1.7.0/stm32cubeide/plugins/com.st.stm32cube.ide.mcu.externaltools.gnu-tools-for-stm32.10.3-2021.10.win32_1.0.100.202210260954/tools/bin/../lib/gcc/arm-none-eabi/10.3.1/thumb/v7-m/nofp/crti.o
 .data          0x0000000000000000        0x0 d:/stm32cube_ide/stm32cubeide_1.7.0/stm32cubeide/plugins/com.st.stm32cube.ide.mcu.externaltools.gnu-tools-for-stm32.10.3-2021.10.win32_1.0.100.202210260954/tools/bin/../lib/gcc/arm-none-eabi/10.3.1/thumb/v7-m/nofp/crti.o
 .bss           0x0000000000000000        0x0 d:/stm32cube_ide/stm32cubeide_1.7.0/stm32cubeide/plugins/com.st.stm32cube.ide.mcu.externaltools.gnu-tools-for-stm32.10.3-2021.10.win32_1.0.100.202210260954/tools/bin/../lib/gcc/arm-none-eabi/10.3.1/thumb/v7-m/nofp/crti.o
 .data          0x0000000000000000        0x4 d:/stm32cube_ide/stm32cubeide_1.7.0/stm32cubeide/plugins/com.st.stm32cube.ide.mcu.externaltools.gnu-tools-for-stm32.10.3-2021.10.win32_1.0.100.202210260954/tools/bin/../lib/gcc/arm-none-eabi/10.3.1/thumb/v7-m/nofp/crtbegin.o
 .rodata        0x0000000000000000       0x24 d:/stm32cube_ide/stm32cubeide_1.7.0/stm32cubeide/plugins/com.st.stm32cube.ide.mcu.externaltools.gnu-tools-for-stm32.10.3-2021.10.win32_1.0.100.202210260954/tools/bin/../lib/gcc/arm-none-eabi/10.3.1/thumb/v7-m/nofp/crtbegin.o
 .text          0x0000000000000000       0x7c d:/stm32cube_ide/stm32cubeide_1.7.0/stm32cubeide/plugins/com.st.stm32cube.ide.mcu.externaltools.gnu-tools-for-stm32.10.3-2021.10.win32_1.0.100.202210260954/tools/bin/../lib/gcc/arm-none-eabi/10.3.1/../../../../arm-none-eabi/lib/thumb/v7-m/nofp/crt0.o
 .data          0x0000000000000000        0x0 d:/stm32cube_ide/stm32cubeide_1.7.0/stm32cubeide/plugins/com.st.stm32cube.ide.mcu.externaltools.gnu-tools-for-stm32.10.3-2021.10.win32_1.0.100.202210260954/tools/bin/../lib/gcc/arm-none-eabi/10.3.1/../../../../arm-none-eabi/lib/thumb/v7-m/nofp/crt0.o
 .bss           0x0000000000000000        0x0 d:/stm32cube_ide/stm32cubeide_1.7.0/stm32cubeide/plugins/com.st.stm32cube.ide.mcu.externaltools.gnu-tools-for-stm32.10.3-2021.10.win32_1.0.100.202210260954/tools/bin/../lib/gcc/arm-none-eabi/10.3.1/../../../../arm-none-eabi/lib/thumb/v7-m/nofp/crt0.o
[...]
Memory Configuration

Name             Origin             Length             Attributes
RAM              0x0000000020000000 0x0000000000005000 xrw
FLASH            0x0000000008000000 0x0000000000020000 xr
*default*        0x0000000000000000 0xffffffffffffffff

Linker script and memory map

LOAD d:/stm32cube_ide/stm32cubeide_1.7.0/stm32cubeide/plugins/com.st.stm32cube.ide.mcu.externaltools.gnu-tools-for-stm32.10.3-2021.10.win32_1.0.100.202210260954/tools/bin/../lib/gcc/arm-none-eabi/10.3.1/thumb/v7-m/nofp/crti.o
LOAD d:/stm32cube_ide/stm32cubeide_1.7.0/stm32cubeide/plugins/com.st.stm32cube.ide.mcu.externaltools.gnu-tools-for-stm32.10.3-2021.10.win32_1.0.100.202210260954/tools/bin/../lib/gcc/arm-none-eabi/10.3.1/thumb/v7-m/nofp/crtbegin.o
LOAD d:/stm32cube_ide/stm32cubeide_1.7.0/stm32cubeide/plugins/com.st.stm32cube.ide.mcu.externaltools.gnu-tools-for-stm32.10.3-2021.10.win32_1.0.100.202210260954/tools/bin/../lib/gcc/arm-none-eabi/10.3.1/../../../../arm-none-eabi/lib/thumb/v7-m/nofp/crt0.o
LOAD ./Core/Src/button.o
LOAD ./Core/Src/fsm_auto.o
LOAD ./Core/Src/fsm_manual.o
LOAD ./Core/Src/global.o
LOAD ./Core/Src/main.o
LOAD ./Core/Src/software_timer.o
LOAD ./Core/Src/stm32f1xx_hal_msp.o
LOAD ./Core/Src/stm32f1xx_it.o
LOAD ./Core/Src/syscalls.o
LOAD ./Core/Src/sysmem.o
LOAD ./Core/Src/system_stm32f1xx.o
LOAD ./Core/Src/task.o
LOAD ./Core/Startup/startup_stm32f103rbtx.o
LOAD ./Drivers/STM32F1xx_HAL_Driver/Src/stm32f1xx_hal.o
LOAD ./Drivers/STM32F1xx_HAL_Driver/Src/stm32f1xx_hal_cortex.o
LOAD ./Drivers/STM32F1xx_HAL_Driver/Src/stm32f1xx_hal_dma.o
LOAD ./Drivers/STM32F1xx_HAL_Driver/Src/stm32f1xx_hal_exti.o
LOAD ./Drivers/STM32F1xx_HAL_Driver/Src/stm32f1xx_hal_flash.o
LOAD ./Drivers/STM32F1xx_HAL_Driver/Src/stm32f1xx_hal_flash_ex.o
LOAD ./Drivers/STM32F1xx_HAL_Driver/Src/stm32f1xx_hal_gpio.o
LOAD ./Drivers/STM32F1xx_HAL_Driver/Src/stm32f1xx_hal_gpio_ex.o
LOAD ./Drivers/STM32F1xx_HAL_Driver/Src/stm32f1xx_hal_pwr.o
LOAD ./Drivers/STM32F1xx_HAL_Driver/Src/stm32f1xx_hal_rcc.o
LOAD ./Drivers/STM32F1xx_HAL_Driver/Src/stm32f1xx_hal_rcc_ex.o
LOAD ./Drivers/STM32F1xx_HAL_Driver/Src/stm32f1xx_hal_tim.o
LOAD ./Drivers/STM32F1xx_HAL_Driver/Src/stm32f1xx_hal_tim_ex.o
LOAD ./Drivers/STM32F1xx_HAL_Driver/Src/stm32f1xx_hal_uart.o
START GROUP
LOAD d:/stm32cube_ide/stm32cubeide_1.7.0/stm32cubeide/plugins/com.st.stm32cube.ide.mcu.externaltools.gnu-tools-for-stm32.10.3-2021.10.win32_1.0.100.202210260954/tools/bin/../lib/gcc/arm-none-eabi/10.3.1/../../../../arm-none-eabi/lib/thumb/v7-m/nofp\libc_nano.a
LOAD d:/stm32cube_ide/stm32cubeide_1.7.0/stm32cubeide/plugins/com.st.stm32cube.ide.mcu.externaltools.gnu-tools-for-stm32.10.3-2021.10.win32_1.0.100.202210260954/tools/bin/../lib/gcc/arm-none-eabi/10.3.1/../../../../arm-none-eabi/lib/thumb/v7-m/nofp\libm.a
END GROUP
START GROUP
LOAD d:/stm32cube_ide/stm32cubeide_1.7.0/stm32cubeide/plugins/com.st.stm32cube.ide.mcu.externaltools.gnu-tools-for-stm32.10.3-2021.10.win32_1.0.100.202210260954/tools/bin/../lib/gcc/arm-none-eabi/10.3.1/thumb/v7-m/nofp\libgcc.a
LOAD d:/stm32cube_ide/stm32cubeide_1.7.0/stm32cubeide/plugins/com.st.stm32cube.ide.mcu.externaltools.gnu-tools-for-stm32.10.3-2021.10.win32_1.0.100.202210260954/tools/bin/../lib/gcc/arm-none-eabi/10.3.1/../../../../arm-none-eabi/lib/thumb/v7-m/nofp\libc_nano.a
END GROUP
START GROUP
LOAD d:/stm32cube_ide/stm32cubeide_1.7.0/stm32cubeide/plugins/com.st.stm32cube.ide.mcu.externaltools.gnu-tools-for-stm32.10.3-2021.10.win32_1.0.100.202210260954/tools/bin/../lib/gcc/arm-none-eabi/10.3.1/thumb/v7-m/nofp\libgcc.a
LOAD d:/stm32cube_ide/stm32cubeide_1.7.0/stm32cubeide/plugins/com.st.stm32cube.ide.mcu.externaltools.gnu-tools-for-stm32.10.3-2021.10.win32_1.0.100.202210260954/tools/bin/../lib/gcc/arm-none-eabi/10.3.1/../../../../arm-none-eabi/lib/thumb/v7-m/nofp\libc_nano.a
LOAD d:/stm32cube_ide/stm32cubeide_1.7.0/stm32cubeide/plugins/com.st.stm32cube.ide.mcu.externaltools.gnu-tools-for-stm32.10.3-2021.10.win32_1.0.100.202210260954/tools/bin/../lib/gcc/arm-none-eabi/10.3.1/../../../../arm-none-eabi/lib/thumb/v7-m/nofp\libnosys.a
END GROUP
START GROUP
LOAD d:/stm32cube_ide/stm32cubeide_1.7.0/stm32cubeide/plugins/com.st.stm32cube.ide.mcu.externaltools.gnu-tools-for-stm32.10.3-2021.10.win32_1.0.100.202210260954/tools/bin/../lib/gcc/arm-none-eabi/10.3.1/thumb/v7-m/nofp\libgcc.a
LOAD d:/stm32cube_ide/stm32cubeide_1.7.0/stm32cubeide/plugins/com.st.stm32cube.ide.mcu.externaltools.gnu-tools-for-stm32.10.3-2021.10.win32_1.0.100.202210260954/tools/bin/../lib/gcc/arm-none-eabi/10.3.1/../../../../arm-none-eabi/lib/thumb/v7-m/nofp\libc_nano.a
LOAD d:/stm32cube_ide/stm32cubeide_1.7.0/stm32cubeide/plugins/com.st.stm32cube.ide.mcu.externaltools.gnu-tools-for-stm32.10.3-2021.10.win32_1.0.100.202210260954/tools/bin/../lib/gcc/arm-none-eabi/10.3.1/../../../../arm-none-eabi/lib/thumb/v7-m/nofp\libnosys.a
END GROUP
LOAD d:/stm32cube_ide/stm32cubeide_1.7.0/stm32cubeide/plugins/com.st.stm32cube.ide.mcu.externaltools.gnu-tools-for-stm32.10.3-2021.10.win32_1.0.100.202210260954/tools/bin/../lib/gcc/arm-none-eabi/10.3.1/thumb/v7-m/nofp/crtend.o
LOAD d:/stm32cube_ide/stm32cubeide_1.7.0/stm32cubeide/plugins/com.st.stm32cube.ide.mcu.externaltools.gnu-tools-for-stm32.10.3-2021.10.win32_1.0.100.202210260954/tools/bin/../lib/gcc/arm-none-eabi/10.3.1/thumb/v7-m/nofp/crtn.o
                0x0000000020005000                _estack = (ORIGIN (RAM) + LENGTH (RAM))
                0x0000000000000200                _Min_Heap_Size = 0x200
                0x0000000000000400                _Min_Stack_Size = 0x400

.isr_vector     0x0000000008000000      0x10c
                0x0000000008000000                . = ALIGN (0x4)
 *(.isr_vector)
 .isr_vector    0x0000000008000000      0x10c ./Core/Startup/startup_stm32f103rbtx.o
                0x0000000008000000                g_pfnVectors
                0x000000000800010c                . = ALIGN (0x4)

.text           0x000000000800010c     0x31d4
                0x000000000800010c                . = ALIGN (0x4)
 *(.text)
 .text          0x000000000800010c       0x40 d:/stm32cube_ide/stm32cubeide_1.7.0/stm32cubeide/plugins/com.st.stm32cube.ide.mcu.externaltools.gnu-tools-for-stm32.10.3-2021.10.win32_1.0.100.202210260954/tools/bin/../lib/gcc/arm-none-eabi/10.3.1/thumb/v7-m/nofp/crtbegin.o
 *(.text*)
 .text.button_reading
                0x000000000800014c      0x194 ./Core/Src/button.o
                0x000000000800014c                button_reading
 .text.is_button1_pressed
                0x00000000080002e0       0x24 ./Core/Src/button.o
                0x00000000080002e0                is_button1_pressed
 .text.is_button2_pressed
                0x0000000008000304       0x24 ./Core/Src/button.o
                0x0000000008000304                is_button2_pressed
 .text.is_button3_pressed
                0x0000000008000328       0x24 ./Core/Src/button.o
                0x0000000008000328                is_button3_pressed
 .text.is_button2_press1s
                0x000000000800034c       0x24 ./Core/Src/button.o
                0x000000000800034c                is_button2_press1s
 .text.fsm_automatic_run
                0x0000000008000370      0x180 ./Core/Src/fsm_auto.o
                0x0000000008000370                fsm_automatic_run
 .text.fsm_manual_run
                0x00000000080004f0      0x174 ./Core/Src/fsm_manual.o
                0x00000000080004f0                fsm_manual_run
 .text.main     0x0000000008000664       0x26 ./Core/Src/main.o
                0x0000000008000664                main
 .text.SystemClock_Config
                0x000000000800068a       0x82 ./Core/Src/main.o
                0x000000000800068a                SystemClock_Config
 .text.MX_TIM2_Init
                0x000000000800070c       0x98 ./Core/Src/main.o
 .text.MX_TIM3_Init
                0x00000000080007a4       0xec ./Core/Src/main.o
 .text.MX_USART2_UART_Init
                0x0000000008000890       0x54 ./Core/Src/main.o
 .text.MX_GPIO_Init
                0x00000000080008e4       0xdc ./Core/Src/main.o
 .text.Error_Handler
                0x00000000080009c0        0xa ./Core/Src/main.o
                0x00000000080009c0                Error_Handler
 *fill*         0x00000000080009ca        0x2 
 .text.setTimer1
                0x00000000080009cc       0x30 ./Core/Src/software_timer.o
                0x00000000080009cc                setTimer1
 .text.setTimer2
                0x00000000080009fc       0x30 ./Core/Src/software_timer.o
                0x00000000080009fc                setTimer2
 .text.setTimer3
                0x0000000008000a2c       0x30 ./Core/Src/software_timer.o
                0x0000000008000a2c                setTimer3
 .text.timerRun
                0x0000000008000a5c       0x84 ./Core/Src/software_timer.o
                0x0000000008000a5c                timerRun
 .text.HAL_TIM_PeriodElapsedCallback
                0x0000000008000ae0       0x18 ./Core/Src/software_timer.o
                0x0000000008000ae0                HAL_TIM_PeriodElapsedCallback
 .text.HAL_MspInit
                0x0000000008000af8       0x64 ./Core/Src/stm32f1xx_hal_msp.o
                0x0000000008000af8                HAL_MspInit
 .text.HAL_TIM_Base_MspInit
                0x0000000008000b5c       0x70 ./Core/Src/stm32f1xx_hal_msp.o
                0x0000000008000b5c                HAL_TIM_Base_MspInit
 .text.HAL_TIM_MspPostInit
                0x0000000008000bcc       0x64 ./Core/Src/stm32f1xx_hal_msp.o
                0x0000000008000bcc                HAL_TIM_MspPostInit
 .text.HAL_UART_MspInit
                0x0000000008000c30       0xa4 ./Core/Src/stm32f1xx_hal_msp.o
                0x0000000008000c30                HAL_UART_MspInit
 .text.NMI_Handler
                0x0000000008000cd4        0x6 ./Core/Src/stm32f1xx_it.o
                0x0000000008000cd4                NMI_Handler
 .text.HardFault_Handler
                0x0000000008000cda        0x6 ./Core/Src/stm32f1xx_it.o
                0x0000000008000cda                HardFault_Handler
 .text.MemManage_Handler
                0x0000000008000ce0        0x6 ./Core/Src/stm32f1xx_it.o
                0x0000000008000ce0                MemManage_Handler
 .text.BusFault_Handler
                0x0000000008000ce6        0x6 ./Core/Src/stm32f1xx_it.o
                0x0000000008000ce6                BusFault_Handler
 .text.UsageFault_Handler
                0x0000000008000cec        0x6 ./Core/Src/stm32f1xx_it.o
                0x0000000008000cec                UsageFault_Handler
 .text.SVC_Handler
                0x0000000008000cf2        0xc ./Core/Src/stm32f1xx_it.o
                0x0000000008000cf2                SVC_Handler
 .text.DebugMon_Handler
                0x0000000008000cfe        0xc ./Core/Src/stm32f1xx_it.o
                0x0000000008000cfe                DebugMon_Handler
 .text.PendSV_Handler
                0x0000000008000d0a        0xc ./Core/Src/stm32f1xx_it.o
                0x0000000008000d0a                PendSV_Handler
 .text.SysTick_Handler
                0x0000000008000d16        0xc ./Core/Src/stm32f1xx_it.o
                0x0000000008000d16                SysTick_Handler
 *fill*         0x0000000008000d22        0x2 
 .text.TIM2_IRQHandler
                0x0000000008000d24       0x14 ./Core/Src/stm32f1xx_it.o
                0x0000000008000d24                TIM2_IRQHandler
 .text.USART2_IRQHandler
                0x0000000008000d38       0x14 ./Core/Src/stm32f1xx_it.o
                0x0000000008000d38                USART2_IRQHandler
 .text.SystemInit
                0x0000000008000d4c        0xc ./Core/Src/system_stm32f1xx.o
                0x0000000008000d4c                SystemInit
 .text.green_blink
                0x0000000008000d58        0xc ./Core/Src/task.o
                0x0000000008000d58                green_blink
 .text.red_blink
                0x0000000008000d64        0xc ./Core/Src/task.o
                0x0000000008000d64                red_blink
 .text.yellow_blink
                0x0000000008000d70        0xc ./Core/Src/task.o
                0x0000000008000d70                yellow_blink
 .text.red1_on  0x0000000008000d7c        0xc ./Core/Src/task.o
                0x0000000008000d7c                red1_on
 .text.red2_on  0x0000000008000d88        0xc ./Core/Src/task.o
                0x0000000008000d88                red2_on
 .text.green1_on
                0x0000000008000d94        0xc ./Core/Src/task.o
                0x0000000008000d94                green1_on
 .text.green2_on
                0x0000000008000da0        0xc ./Core/Src/task.o
                0x0000000008000da0                green2_on
 .text.yellow1_on
                0x0000000008000dac        0xc ./Core/Src/task.o
                0x0000000008000dac                yellow1_on
 .text.yellow2_on
                0x0000000008000db8        0xc ./Core/Src/task.o
                0x0000000008000db8                yellow2_on
 .text.Reset_Handler
                0x0000000008000dc4       0x48 ./Core/Startup/startup_stm32f103rbtx.o
                0x0000000008000dc4                Reset_Handler
 .text.Default_Handler
                0x0000000008000e0c        0x2 ./Core/Startup/startup_stm32f103rbtx.o
                0x0000000008000e0c                RTC_Alarm_IRQHandler
                0x0000000008000e0c                EXTI2_IRQHandler
                0x0000000008000e0c                TIM1_CC_IRQHandler
                0x0000000008000e0c                PVD_IRQHandler
                0x0000000008000e0c                EXTI3_IRQHandler
                0x0000000008000e0c                EXTI0_IRQHandler
                0x0000000008000e0c                I2C2_EV_IRQHandler
                0x0000000008000e0c                ADC1_2_IRQHandler
                0x0000000008000e0c                SPI1_IRQHandler
                0x0000000008000e0c                TAMPER_IRQHandler
                0x0000000008000e0c                DMA1_Channel4_IRQHandler
                0x0000000008000e0c                USART3_IRQHandler
                0x0000000008000e0c                RTC_IRQHandler
                0x0000000008000e0c                DMA1_Channel7_IRQHandler
                0x0000000008000e0c                CAN1_RX1_IRQHandler
                0x0000000008000e0c                TIM4_IRQHandler
                0x0000000008000e0c                I2C1_EV_IRQHandler
                0x0000000008000e0c                DMA1_Channel6_IRQHandler
                0x0000000008000e0c                TIM3_IRQHandler
                0x0000000008000e0c                RCC_IRQHandler
                0x0000000008000e0c                TIM1_TRG_COM_IRQHandler
                0x0000000008000e0c                DMA1_Channel1_IRQHandler
                0x0000000008000e0c                Default_Handler
                0x0000000008000e0c                EXTI15_10_IRQHandler
                0x0000000008000e0c                EXTI9_5_IRQHandler
                0x0000000008000e0c                SPI2_IRQHandler
                0x0000000008000e0c                DMA1_Channel5_IRQHandler
                0x0000000008000e0c                EXTI4_IRQHandler
                0x0000000008000e0c                USB_LP_CAN1_RX0_IRQHandler
                0x0000000008000e0c                USB_HP_CAN1_TX_IRQHandler
                0x0000000008000e0c                DMA1_Channel3_IRQHandler
                0x0000000008000e0c                TIM1_UP_IRQHandler
                0x0000000008000e0c                WWDG_IRQHandler
                0x0000000008000e0c                TIM1_BRK_IRQHandler
                0x0000000008000e0c                EXTI1_IRQHandler
                0x0000000008000e0c                I2C2_ER_IRQHandler
                0x0000000008000e0c                DMA1_Channel2_IRQHandler
                0x0000000008000e0c                CAN1_SCE_IRQHandler
                0x0000000008000e0c                FLASH_IRQHandler
                0x0000000008000e0c                USART1_IRQHandler
                0x0000000008000e0c                I2C1_ER_IRQHandler
                0x0000000008000e0c                USBWakeUp_IRQHandler
 *fill*         0x0000000008000e0e        0x2 
 .text.HAL_Init
                0x0000000008000e10       0x2c ./Drivers/STM32F1xx_HAL_Driver/Src/stm32f1xx_hal.o
                0x0000000008000e10                HAL_Init
 .text.HAL_InitTick
                0x0000000008000e3c       0x60 ./Drivers/STM32F1xx_HAL_Driver/Src/stm32f1xx_hal.o
                0x0000000008000e3c                HAL_InitTick
 .text.HAL_IncTick
                0x0000000008000e9c       0x24 ./Drivers/STM32F1xx_HAL_Driver/Src/stm32f1xx_hal.o
                0x0000000008000e9c                HAL_IncTick
 .text.HAL_GetTick
                0x0000000008000ec0       0x14 ./Drivers/STM32F1xx_HAL_Driver/Src/stm32f1xx_hal.o
                0x0000000008000ec0                HAL_GetTick
 .text.__NVIC_SetPriorityGrouping
                0x0000000008000ed4       0x48 ./Drivers/STM32F1xx_HAL_Driver/Src/stm32f1xx_hal_cortex.o
 .text.__NVIC_GetPriorityGrouping
                0x0000000008000f1c       0x1c ./Drivers/STM32F1xx_HAL_Driver/Src/stm32f1xx_hal_cortex.o
 .text.__NVIC_EnableIRQ
                0x0000000008000f38       0x38 ./Drivers/STM32F1xx_HAL_Driver/Src/stm32f1xx_hal_cortex.o
 .text.__NVIC_SetPriority
                0x0000000008000f70       0x54 ./Drivers/STM32F1xx_HAL_Driver/Src/stm32f1xx_hal_cortex.o
 .text.NVIC_EncodePriority
                0x0000000008000fc4       0x64 ./Drivers/STM32F1xx_HAL_Driver/Src/stm32f1xx_hal_cortex.o
 .text.SysTick_Config
                0x0000000008001028       0x44 ./Drivers/STM32F1xx_HAL_Driver/Src/stm32f1xx_hal_cortex.o
 .text.HAL_NVIC_SetPriorityGrouping
                0x000000000800106c       0x16 ./Drivers/STM32F1xx_HAL_Driver/Src/stm32f1xx_hal_cortex.o
                0x000000000800106c                HAL_NVIC_SetPriorityGrouping
 .text.HAL_NVIC_SetPriority
                0x0000000008001082       0x38 ./Drivers/STM32F1xx_HAL_Driver/Src/stm32f1xx_hal_cortex.o
                0x0000000008001082                HAL_NVIC_SetPriority
 .text.HAL_NVIC_EnableIRQ
                0x00000000080010ba       0x1c ./Drivers/STM32F1xx_HAL_Driver/Src/stm32f1xx_hal_cortex.o
                0x00000000080010ba                HAL_NVIC_EnableIRQ
 .text.HAL_SYSTICK_Config
                0x00000000080010d6       0x18 ./Drivers/STM32F1xx_HAL_Driver/Src/stm32f1xx_hal_cortex.o
                0x00000000080010d6                HAL_SYSTICK_Config
 .text.HAL_DMA_Abort
                0x00000000080010ee       0x74 ./Drivers/STM32F1xx_HAL_Driver/Src/stm32f1xx_hal_dma.o
                0x00000000080010ee                HAL_DMA_Abort
 *fill*         0x0000000008001162        0x2 
 .text.HAL_DMA_Abort_IT
                0x0000000008001164       0xec ./Drivers/STM32F1xx_HAL_Driver/Src/stm32f1xx_hal_dma.o
                0x0000000008001164                HAL_DMA_Abort_IT
 .text.HAL_GPIO_Init
                0x0000000008001250      0x308 ./Drivers/STM32F1xx_HAL_Driver/Src/stm32f1xx_hal_gpio.o
                0x0000000008001250                HAL_GPIO_Init
 .text.HAL_GPIO_ReadPin
                0x0000000008001558       0x2e ./Drivers/STM32F1xx_HAL_Driver/Src/stm32f1xx_hal_gpio.o
                0x0000000008001558                HAL_GPIO_ReadPin
 .text.HAL_GPIO_WritePin
                0x0000000008001586       0x30 ./Drivers/STM32F1xx_HAL_Driver/Src/stm32f1xx_hal_gpio.o
                0x0000000008001586                HAL_GPIO_WritePin
 *fill*         0x00000000080015b6        0x2 
 .text.HAL_RCC_OscConfig
                0x00000000080015b8      0x504 ./Drivers/STM32F1xx_HAL_Driver/Src/stm32f1xx_hal_rcc.o
                0x00000000080015b8                HAL_RCC_OscConfig
 .text.HAL_RCC_ClockConfig
                0x0000000008001abc      0x1d4 ./Drivers/STM32F1xx_HAL_Driver/Src/stm32f1xx_hal_rcc.o
                0x0000000008001abc                HAL_RCC_ClockConfig
 .text.HAL_RCC_GetSysClockFreq
                0x0000000008001c90       0xbc ./Drivers/STM32F1xx_HAL_Driver/Src/stm32f1xx_hal_rcc.o
                0x0000000008001c90                HAL_RCC_GetSysClockFreq
 .text.HAL_RCC_GetHCLKFreq
                0x0000000008001d4c       0x14 ./Drivers/STM32F1xx_HAL_Driver/Src/stm32f1xx_hal_rcc.o
                0x0000000008001d4c                HAL_RCC_GetHCLKFreq
 .text.HAL_RCC_GetPCLK1Freq
                0x0000000008001d60       0x28 ./Drivers/STM32F1xx_HAL_Driver/Src/stm32f1xx_hal_rcc.o
                0x0000000008001d60                HAL_RCC_GetPCLK1Freq
 .text.HAL_RCC_GetPCLK2Freq
                0x0000000008001d88       0x28 ./Drivers/STM32F1xx_HAL_Driver/Src/stm32f1xx_hal_rcc.o
                0x0000000008001d88                HAL_RCC_GetPCLK2Freq
 .text.RCC_Delay
                0x0000000008001db0       0x3c ./Drivers/STM32F1xx_HAL_Driver/Src/stm32f1xx_hal_rcc.o
 .text.HAL_TIM_Base_Init
                0x0000000008001dec       0x9e ./Drivers/STM32F1xx_HAL_Driver/Src/stm32f1xx_hal_tim.o
                0x0000000008001dec                HAL_TIM_Base_Init
 .text.HAL_TIM_PWM_Init
                0x0000000008001e8a       0x9e ./Drivers/STM32F1xx_HAL_Driver/Src/stm32f1xx_hal_tim.o
                0x0000000008001e8a                HAL_TIM_PWM_Init
 .text.HAL_TIM_PWM_MspInit
                0x0000000008001f28       0x12 ./Drivers/STM32F1xx_HAL_Driver/Src/stm32f1xx_hal_tim.o
                0x0000000008001f28                HAL_TIM_PWM_MspInit
 .text.HAL_TIM_IRQHandler
                0x0000000008001f3a      0x210 ./Drivers/STM32F1xx_HAL_Driver/Src/stm32f1xx_hal_tim.o
                0x0000000008001f3a                HAL_TIM_IRQHandler
 *fill*         0x000000000800214a        0x2 
 .text.HAL_TIM_PWM_ConfigChannel
                0x000000000800214c      0x17c ./Drivers/STM32F1xx_HAL_Driver/Src/stm32f1xx_hal_tim.o
                0x000000000800214c                HAL_TIM_PWM_ConfigChannel
 .text.HAL_TIM_ConfigClockSource
                0x00000000080022c8      0x188 ./Drivers/STM32F1xx_HAL_Driver/Src/stm32f1xx_hal_tim.o
                0x00000000080022c8                HAL_TIM_ConfigClockSource
 .text.HAL_TIM_OC_DelayElapsedCallback
                0x0000000008002450       0x12 ./Drivers/STM32F1xx_HAL_Driver/Src/stm32f1xx_hal_tim.o
                0x0000000008002450                HAL_TIM_OC_DelayElapsedCallback
 .text.HAL_TIM_IC_CaptureCallback
                0x0000000008002462       0x12 ./Drivers/STM32F1xx_HAL_Driver/Src/stm32f1xx_hal_tim.o
                0x0000000008002462                HAL_TIM_IC_CaptureCallback
 .text.HAL_TIM_PWM_PulseFinishedCallback
                0x0000000008002474       0x12 ./Drivers/STM32F1xx_HAL_Driver/Src/stm32f1xx_hal_tim.o
                0x0000000008002474                HAL_TIM_PWM_PulseFinishedCallback
 .text.HAL_TIM_TriggerCallback
                0x0000000008002486       0x12 ./Drivers/STM32F1xx_HAL_Driver/Src/stm32f1xx_hal_tim.o
                0x0000000008002486                HAL_TIM_TriggerCallback
 .text.TIM_Base_SetConfig
                0x0000000008002498       0xc4 ./Drivers/STM32F1xx_HAL_Driver/Src/stm32f1xx_hal_tim.o
                0x0000000008002498                TIM_Base_SetConfig
 .text.TIM_OC1_SetConfig
                0x000000000800255c       0xcc ./Drivers/STM32F1xx_HAL_Driver/Src/stm32f1xx_hal_tim.o
 .text.TIM_OC2_SetConfig
                0x0000000008002628       0xd4 ./Drivers/STM32F1xx_HAL_Driver/Src/stm32f1xx_hal_tim.o
                0x0000000008002628                TIM_OC2_SetConfig
 .text.TIM_OC3_SetConfig
                0x00000000080026fc       0xd4 ./Drivers/STM32F1xx_HAL_Driver/Src/stm32f1xx_hal_tim.o
 .text.TIM_OC4_SetConfig
                0x00000000080027d0       0x9c ./Drivers/STM32F1xx_HAL_Driver/Src/stm32f1xx_hal_tim.o
 .text.TIM_TI1_ConfigInputStage
                0x000000000800286c       0x5c ./Drivers/STM32F1xx_HAL_Driver/Src/stm32f1xx_hal_tim.o
 .text.TIM_TI2_ConfigInputStage
                0x00000000080028c8       0x5e ./Drivers/STM32F1xx_HAL_Driver/Src/stm32f1xx_hal_tim.o
 .text.TIM_ITRx_SetConfig
                0x0000000008002926       0x34 ./Drivers/STM32F1xx_HAL_Driver/Src/stm32f1xx_hal_tim.o
 .text.TIM_ETR_SetConfig
                0x000000000800295a       0x3e ./Drivers/STM32F1xx_HAL_Driver/Src/stm32f1xx_hal_tim.o
                0x000000000800295a                TIM_ETR_SetConfig
 .text.HAL_TIMEx_MasterConfigSynchronization
                0x0000000008002998       0xbc ./Drivers/STM32F1xx_HAL_Driver/Src/stm32f1xx_hal_tim_ex.o
                0x0000000008002998                HAL_TIMEx_MasterConfigSynchronization
 .text.HAL_TIMEx_CommutCallback
                0x0000000008002a54       0x12 ./Drivers/STM32F1xx_HAL_Driver/Src/stm32f1xx_hal_tim_ex.o
                0x0000000008002a54                HAL_TIMEx_CommutCallback
 .text.HAL_TIMEx_BreakCallback
                0x0000000008002a66       0x12 ./Drivers/STM32F1xx_HAL_Driver/Src/stm32f1xx_hal_tim_ex.o
                0x0000000008002a66                HAL_TIMEx_BreakCallback
 .text.HAL_UART_Init
                0x0000000008002a78       0x9a ./Drivers/STM32F1xx_HAL_Driver/Src/stm32f1xx_hal_uart.o
                0x0000000008002a78                HAL_UART_Init
 *fill*         0x0000000008002b12        0x2 
 .text.HAL_UART_IRQHandler
                0x0000000008002b14      0x354 ./Drivers/STM32F1xx_HAL_Driver/Src/stm32f1xx_hal_uart.o
                0x0000000008002b14                HAL_UART_IRQHandler
 .text.HAL_UART_TxCpltCallback
                0x0000000008002e68       0x12 ./Drivers/STM32F1xx_HAL_Driver/Src/stm32f1xx_hal_uart.o
                0x0000000008002e68                HAL_UART_TxCpltCallback
 .text.HAL_UART_RxCpltCallback
                0x0000000008002e7a       0x12 ./Drivers/STM32F1xx_HAL_Driver/Src/stm32f1xx_hal_uart.o
                0x0000000008002e7a                HAL_UART_RxCpltCallback
 .text.HAL_UART_ErrorCallback
                0x0000000008002e8c       0x12 ./Drivers/STM32F1xx_HAL_Driver/Src/stm32f1xx_hal_uart.o
                0x0000000008002e8c                HAL_UART_ErrorCallback
 .text.HAL_UARTEx_RxEventCallback
                0x0000000008002e9e       0x16 ./Drivers/STM32F1xx_HAL_Driver/Src/stm32f1xx_hal_uart.o
                0x0000000008002e9e                HAL_UARTEx_RxEventCallback
 .text.UART_EndRxTransfer
                0x0000000008002eb4       0x58 ./Drivers/STM32F1xx_HAL_Driver/Src/stm32f1xx_hal_uart.o
 .text.UART_DMAAbortOnError
                0x0000000008002f0c       0x28 ./Drivers/STM32F1xx_HAL_Driver/Src/stm32f1xx_hal_uart.o
 .text.UART_Transmit_IT
                0x0000000008002f34       0x9e ./Drivers/STM32F1xx_HAL_Driver/Src/stm32f1xx_hal_uart.o
 .text.UART_EndTransmit_IT
                0x0000000008002fd2       0x30 ./Drivers/STM32F1xx_HAL_Driver/Src/stm32f1xx_hal_uart.o
 .text.UART_Receive_IT
                0x0000000008003002      0x152 ./Drivers/STM32F1xx_HAL_Driver/Src/stm32f1xx_hal_uart.o
 .text.UART_SetConfig
                0x0000000008003154      0x11c ./Drivers/STM32F1xx_HAL_Driver/Src/stm32f1xx_hal_uart.o
 .text.__libc_init_array
                0x0000000008003270       0x48 d:/stm32cube_ide/stm32cubeide_1.7.0/stm32cubeide/plugins/com.st.stm32cube.ide.mcu.externaltools.gnu-tools-for-stm32.10.3-2021.10.win32_1.0.100.202210260954/tools/bin/../lib/gcc/arm-none-eabi/10.3.1/../../../../arm-none-eabi/lib/thumb/v7-m/nofp\libc_nano.a(lib_a-init.o)
                0x0000000008003270                __libc_init_array
 .text.memset   0x00000000080032b8       0x10 d:/stm32cube_ide/stm32cubeide_1.7.0/stm32cubeide/plugins/com.st.stm32cube.ide.mcu.externaltools.gnu-tools-for-stm32.10.3-2021.10.win32_1.0.100.202210260954/tools/bin/../lib/gcc/arm-none-eabi/10.3.1/../../../../arm-none-eabi/lib/thumb/v7-m/nofp\libc_nano.a(lib_a-memset.o)
                0x00000000080032b8                memset
 *(.glue_7)
 .glue_7        0x00000000080032c8        0x0 linker stubs
 *(.glue_7t)
 .glue_7t       0x00000000080032c8        0x0 linker stubs
 *(.eh_frame)
 .eh_frame      0x00000000080032c8        0x0 d:/stm32cube_ide/stm32cubeide_1.7.0/stm32cubeide/plugins/com.st.stm32cube.ide.mcu.externaltools.gnu-tools-for-stm32.10.3-2021.10.win32_1.0.100.202210260954/tools/bin/../lib/gcc/arm-none-eabi/10.3.1/thumb/v7-m/nofp/crtbegin.o
 *(.init)
 .init          0x00000000080032c8        0x4 d:/stm32cube_ide/stm32cubeide_1.7.0/stm32cubeide/plugins/com.st.stm32cube.ide.mcu.externaltools.gnu-tools-for-stm32.10.3-2021.10.win32_1.0.100.202210260954/tools/bin/../lib/gcc/arm-none-eabi/10.3.1/thumb/v7-m/nofp/crti.o
                0x00000000080032c8                _init
 .init          0x00000000080032cc        0x8 d:/stm32cube_ide/stm32cubeide_1.7.0/stm32cubeide/plugins/com.st.stm32cube.ide.mcu.externaltools.gnu-tools-for-stm32.10.3-2021.10.win32_1.0.100.202210260954/tools/bin/../lib/gcc/arm-none-eabi/10.3.1/thumb/v7-m/nofp/crtn.o
 *(.fini)
 .fini          0x00000000080032d4        0x4 d:/stm32cube_ide/stm32cubeide_1.7.0/stm32cubeide/plugins/com.st.stm32cube.ide.mcu.externaltools.gnu-tools-for-stm32.10.3-2021.10.win32_1.0.100.202210260954/tools/bin/../lib/gcc/arm-none-eabi/10.3.1/thumb/v7-m/nofp/crti.o
                0x00000000080032d4                _fini
 .fini          0x00000000080032d8        0x8 d:/stm32cube_ide/stm32cubeide_1.7.0/stm32cubeide/plugins/com.st.stm32cube.ide.mcu.externaltools.gnu-tools-for-stm32.10.3-2021.10.win32_1.0.100.202210260954/tools/bin/../lib/gcc/arm-none-eabi/10.3.1/thumb/v7-m/nofp/crtn.o
                0x00000000080032e0                . = ALIGN (0x4)
                0x00000000080032e0                _etext = .

.vfp11_veneer   0x00000000080032e0        0x0
 .vfp11_veneer  0x00000000080032e0        0x0 linker stubs

.v4_bx          0x00000000080032e0        0x0
 .v4_bx         0x00000000080032e0        0x0 linker stubs

.iplt           0x00000000080032e0        0x0
 .iplt          0x00000000080032e0        0x0 d:/stm32cube_ide/stm32cubeide_1.7.0/stm32cubeide/plugins/com.st.stm32cube.ide.mcu.externaltools.gnu-tools-for-stm32.10.3-2021.10.win32_1.0.100.202210260954/tools/bin/../lib/gcc/arm-none-eabi/10.3.1/thumb/v7-m/nofp/crtbegin.o

.rodata         0x00000000080032e0       0x28
                0x00000000080032e0                . = ALIGN (0x4)
 *(.rodata)
 .rodata        0x00000000080032e0       0x10 ./Drivers/STM32F1xx_HAL_Driver/Src/stm32f1xx_hal_rcc.o
 *(.rodata*)
 .rodata.AHBPrescTable
                0x00000000080032f0       0x10 ./Core/Src/system_stm32f1xx.o
                0x00000000080032f0                AHBPrescTable
 .rodata.APBPrescTable
                0x0000000008003300        0x8 ./Core/Src/system_stm32f1xx.o
                0x0000000008003300                APBPrescTable
                0x0000000008003308                . = ALIGN (0x4)

.rel.dyn        0x0000000008003308        0x0
 .rel.iplt      0x0000000008003308        0x0 d:/stm32cube_ide/stm32cubeide_1.7.0/stm32cubeide/plugins/com.st.stm32cube.ide.mcu.externaltools.gnu-tools-for-stm32.10.3-2021.10.win32_1.0.100.202210260954/tools/bin/../lib/gcc/arm-none-eabi/10.3.1/thumb/v7-m/nofp/crtbegin.o

.ARM.extab      0x0000000008003308        0x0
                0x0000000008003308                . = ALIGN (0x4)
 *(.ARM.extab* .gnu.linkonce.armextab.*)
                0x0000000008003308                . = ALIGN (0x4)

.ARM            0x0000000008003308        0x0
                0x0000000008003308                . = ALIGN (0x4)
                0x0000000008003308                __exidx_start = .
 *(.ARM.exidx*)
                0x0000000008003308                __exidx_end = .
                0x0000000008003308                . = ALIGN (0x4)

.preinit_array  0x0000000008003308        0x0
                0x0000000008003308                . = ALIGN (0x4)
                0x0000000008003308                PROVIDE (__preinit_array_start = .)
 *(.preinit_array*)
                0x0000000008003308                PROVIDE (__preinit_array_end = .)
                0x0000000008003308                . = ALIGN (0x4)

.init_array     0x0000000008003308        0x4
                0x0000000008003308                . = ALIGN (0x4)
                0x0000000008003308                PROVIDE (__init_array_start = .)
 *(SORT_BY_NAME(.init_array.*))
 *(.init_array*)
 .init_array    0x0000000008003308        0x4 d:/stm32cube_ide/stm32cubeide_1.7.0/stm32cubeide/plugins/com.st.stm32cube.ide.mcu.externaltools.gnu-tools-for-stm32.10.3-2021.10.win32_1.0.100.202210260954/tools/bin/../lib/gcc/arm-none-eabi/10.3.1/thumb/v7-m/nofp/crtbegin.o
                0x000000000800330c                PROVIDE (__init_array_end = .)
                0x000000000800330c                . = ALIGN (0x4)

.fini_array     0x000000000800330c        0x4
                0x000000000800330c                . = ALIGN (0x4)
                [!provide]                        PROVIDE (__fini_array_start = .)
 *(SORT_BY_NAME(.fini_array.*))
 *(.fini_array*)
 .fini_array    0x000000000800330c        0x4 d:/stm32cube_ide/stm32cubeide_1.7.0/stm32cubeide/plugins/com.st.stm32cube.ide.mcu.externaltools.gnu-tools-for-stm32.10.3-2021.10.win32_1.0.100.202210260954/tools/bin/../lib/gcc/arm-none-eabi/10.3.1/thumb/v7-m/nofp/crtbegin.o
                [!provide]                        PROVIDE (__fini_array_end = .)
                0x0000000008003310                . = ALIGN (0x4)
                0x0000000008003310                _sidata = LOADADDR (.data)

.data           0x0000000020000000       0x24 load address 0x0000000008003310
                0x0000000020000000                . = ALIGN (0x4)
                0x0000000020000000                _sdata = .
 *(.data)
 *(.data*)
 .data.red_time
                0x0000000020000000        0x4 ./Core/Src/global.o
                0x0000000020000000                red_time
 .data.green_time
                0x0000000020000004        0x4 ./Core/Src/global.o
                0x0000000020000004                green_time
 .data.yellow_time
                0x0000000020000008        0x4 ./Core/Src/global.o
                0x0000000020000008                yellow_time
 .data.temp_red_time
                0x000000002000000c        0x4 ./Core/Src/global.o
                0x000000002000000c                temp_red_time
 .data.temp_green_time
                0x0000000020000010        0x4 ./Core/Src/global.o
                0x0000000020000010                temp_green_time
 .data.temp_yellow_time
                0x0000000020000014        0x4 ./Core/Src/global.o
                0x0000000020000014                temp_yellow_time
 .data.SystemCoreClock
                0x0000000020000018        0x4 ./Core/Src/system_stm32f1xx.o
                0x0000000020000018                SystemCoreClock
 .data.uwTickPrio
                0x000000002000001c        0x4 ./Drivers/STM32F1xx_HAL_Driver/Src/stm32f1xx_hal.o
                0x000000002000001c                uwTickPrio
 .data.uwTickFreq
                0x0000000020000020        0x1 ./Drivers/STM32F1xx_HAL_Driver/Src/stm32f1xx_hal.o
                0x0000000020000020                uwTickFreq
 *(.RamFunc)
 *(.RamFunc*)
                0x0000000020000024                . = ALIGN (0x4)
 *fill*         0x0000000020000021        0x3 
                0x0000000020000024                _edata = .

.igot.plt       0x0000000020000024        0x0 load address 0x0000000008003334
 .igot.plt      0x0000000020000024        0x0 d:/stm32cube_ide/stm32cubeide_1.7.0/stm32cubeide/plugins/com.st.stm32cube.ide.mcu.externaltools.gnu-tools-for-stm32.10.3-2021.10.win32_1.0.100.202210260954/tools/bin/../lib/gcc/arm-none-eabi/10.3.1/thumb/v7-m/nofp/crtbegin.o
                0x0000000020000024                . = ALIGN (0x4)

.bss            0x0000000020000024      0x130 load address 0x0000000008003334
                0x0000000020000024                _sbss = .
                0x0000000020000024                __bss_start__ = _sbss
 *(.bss)
 .bss           0x0000000020000024       0x1c d:/stm32cube_ide/stm32cubeide_1.7.0/stm32cubeide/plugins/com.st.stm32cube.ide.mcu.externaltools.gnu-tools-for-stm32.10.3-2021.10.win32_1.0.100.202210260954/tools/bin/../lib/gcc/arm-none-eabi/10.3.1/thumb/v7-m/nofp/crtbegin.o
 *(.bss*)
 .bss.buttonBuffer
                0x0000000020000040        0x4 ./Core/Src/button.o
 .bss.debounceButtonBuffer0
                0x0000000020000044        0x4 ./Core/Src/button.o
 .bss.debounceButtonBuffer1
                0x0000000020000048        0x4 ./Core/Src/button.o
 .bss.debounceButtonBuffer2
                0x000000002000004c        0x4 ./Core/Src/button.o
 .bss.flagForButtonPress1s
                0x0000000020000050        0x4 ./Core/Src/button.o
 .bss.flagForButtonPress
                0x0000000020000054        0x4 ./Core/Src/button.o
 .bss.counterForButtonPress1s
                0x0000000020000058        0x8 ./Core/Src/button.o
 .bss.state     0x0000000020000060        0x1 ./Core/Src/global.o
                0x0000000020000060                state
 *fill*         0x0000000020000061        0x3 
 .bss.htim2     0x0000000020000064       0x48 ./Core/Src/main.o
                0x0000000020000064                htim2
 .bss.htim3     0x00000000200000ac       0x48 ./Core/Src/main.o
                0x00000000200000ac                htim3
 .bss.huart2    0x00000000200000f4       0x44 ./Core/Src/main.o
                0x00000000200000f4                huart2
 .bss.timer1_flag
                0x0000000020000138        0x4 ./Core/Src/software_timer.o
                0x0000000020000138                timer1_flag
 .bss.timer1_counter
                0x000000002000013c        0x4 ./Core/Src/software_timer.o
                0x000000002000013c                timer1_counter
 .bss.timer2_flag
                0x0000000020000140        0x4 ./Core/Src/software_timer.o
                0x0000000020000140                timer2_flag
 .bss.timer2_counter
                0x0000000020000144        0x4 ./Core/Src/software_timer.o
                0x0000000020000144                timer2_counter
 .bss.timer3_flag
                0x0000000020000148        0x4 ./Core/Src/software_timer.o
                0x0000000020000148                timer3_flag
 .bss.timer3_counter
                0x000000002000014c        0x4 ./Core/Src/software_timer.o
                0x000000002000014c                timer3_counter
 .bss.uwTick    0x0000000020000150        0x4 ./Drivers/STM32F1xx_HAL_Driver/Src/stm32f1xx_hal.o
                0x0000000020000150                uwTick
 *(COMMON)
                0x0000000020000154                . = ALIGN (0x4)
                0x0000000020000154                _ebss = .
                0x0000000020000154                __bss_end__ = _ebss

._user_heap_stack
                0x0000000020000154      0x604 load address 0x0000000008003334
                0x0000000020000158                . = ALIGN (0x8)
 *fill*         0x0000000020000154        0x4 
                [!provide]                        PROVIDE (end = .)
                0x0000000020000158                PROVIDE (_end = .)
                0x0000000020000358                . = (. + _Min_Heap_Size)
 *fill*         0x0000000020000158      0x200 
                0x0000000020000758                . = (. + _Min_Stack_Size)
 *fill*         0x0000000020000358      0x400 
                0x0000000020000758                . = ALIGN (0x8)

/DISCARD/
 libc.a(*)
 libm.a(*)
 libgcc.a(*)

.ARM.attributes
                0x0000000000000000       0x29
 *(.ARM.attributes)
 .ARM.attributes
                0x0000000000000000       0x1d d:/stm32cube_ide/stm32cubeide_1.7.0/stm32cubeide/plugins/com.st.stm32cube.ide.mcu.externaltools.gnu-tools-for-stm32.10.3-2021.10.win32_1.0.100.202210260954/tools/bin/../lib/gcc/arm-none-eabi/10.3.1/thumb/v7-m/nofp/crti.o
 .ARM.attributes
                0x000000000000001d       0x2d d:/stm32cube_ide/stm32cubeide_1.7.0/stm32cubeide/plugins/com.st.stm32cube.ide.mcu.externaltools.gnu-tools-for-stm32.10.3-2021.10.win32_1.0.100.202210260954/tools/bin/../lib/gcc/arm-none-eabi/10.3.1/thumb/v7-m/nofp/crtbegin.o
 .ARM.attributes
                0x000000000000004a       0x2d ./Core/Src/button.o
 .ARM.attributes
                0x0000000000000077       0x2d ./Core/Src/fsm_auto.o
 .ARM.attributes
                0x00000000000000a4       0x2d ./Core/Src/fsm_manual.o
 .ARM.attributes
                0x00000000000000d1       0x2d ./Core/Src/global.o
 .ARM.attributes
                0x00000000000000fe       0x2d ./Core/Src/main.o
 .ARM.attributes
                0x000000000000012b       0x2d ./Core/Src/software_timer.o
 .ARM.attributes
                0x0000000000000158       0x2d ./Core/Src/stm32f1xx_hal_msp.o
 .ARM.attributes
                0x0000000000000185       0x2d ./Core/Src/stm32f1xx_it.o
 .ARM.attributes
                0x00000000000001b2       0x2d ./Core/Src/system_stm32f1xx.o
 .ARM.attributes
                0x00000000000001df       0x2d ./Core/Src/task.o
 .ARM.attributes
                0x000000000000020c       0x21 ./Core/Startup/startup_stm32f103rbtx.o
 .ARM.attributes
                0x000000000000022d       0x2d ./Drivers/STM32F1xx_HAL_Driver/Src/stm32f1xx_hal.o
 .ARM.attributes
                0x000000000000025a       0x2d ./Drivers/STM32F1xx_HAL_Driver/Src/stm32f1xx_hal_cortex.o
 .ARM.attributes
                0x0000000000000287       0x2d ./Drivers/STM32F1xx_HAL_Driver/Src/stm32f1xx_hal_dma.o
 .ARM.attributes
                0x00000000000002b4       0x2d ./Drivers/STM32F1xx_HAL_Driver/Src/stm32f1xx_hal_gpio.o
 .ARM.attributes
                0x00000000000002e1       0x2d ./Drivers/STM32F1xx_HAL_Driver/Src/stm32f1xx_hal_rcc.o
 .ARM.attributes
                0x000000000000030e       0x2d ./Drivers/STM32F1xx_HAL_Driver/Src/stm32f1xx_hal_tim.o
 .ARM.attributes
                0x000000000000033b       0x2d ./Drivers/STM32F1xx_HAL_Driver/Src/stm32f1xx_hal_tim_ex.o
 .ARM.attributes
                0x0000000000000368       0x2d ./Drivers/STM32F1xx_HAL_Driver/Src/stm32f1xx_hal_uart.o
 .ARM.attributes
                0x0000000000000395       0x2d d:/stm32cube_ide/stm32cubeide_1.7.0/stm32cubeide/plugins/com.st.stm32cube.ide.mcu.externaltools.gnu-tools-for-stm32.10.3-2021.10.win32_1.0.100.202210260954/tools/bin/../lib/gcc/arm-none-eabi/10.3.1/../../../../arm-none-eabi/lib/thumb/v7-m/nofp\libc_nano.a(lib_a-init.o)
 .ARM.attributes
                0x00000000000003c2       0x2d d:/stm32cube_ide/stm32cubeide_1.7.0/stm32cubeide/plugins/com.st.stm32cube.ide.mcu.externaltools.gnu-tools-for-stm32.10.3-2021.10.win32_1.0.100.202210260954/tools/bin/../lib/gcc/arm-none-eabi/10.3.1/../../../../arm-none-eabi/lib/thumb/v7-m/nofp\libc_nano.a(lib_a-memset.o)
 .ARM.attributes
                0x00000000000003ef       0x1d d:/stm32cube_ide/stm32cubeide_1.7.0/stm32cubeide/plugins/com.st.stm32cube.ide.mcu.externaltools.gnu-tools-for-stm32.10.3-2021.10.win32_1.0.100.202210260954/tools/bin/../lib/gcc/arm-none-eabi/10.3.1/thumb/v7-m/nofp/crtn.o
OUTPUT(Traffic_Light_Assignment.elf elf32-littlearm)
LOAD linker stubs
LOAD d:/stm32cube_ide/stm32cubeide_1.7.0/stm32cubeide/plugins/com.st.stm32cube.ide.mcu.externaltools.gnu-tools-for-stm32.10.3-2021.10.win32_1.0.100.202210260954/tools/bin/../lib/gcc/arm-none-eabi/10.3.1/../../../../arm-none-eabi/lib/thumb/v7-m/nofp\libc.a
LOAD d:/stm32cube_ide/stm32cubeide_1.7.0/stm32cubeide/plugins/com.st.stm32cube.ide.mcu.externaltools.gnu-tools-for-stm32.10.3-2021.10.win32_1.0.100.202210260954/tools/bin/../lib/gcc/arm-none-eabi/10.3.1/../../../../arm-none-eabi/lib/thumb/v7-m/nofp\libm.a
LOAD d:/stm32cube_ide/stm32cubeide_1.7.0/stm32cubeide/plugins/com.st.stm32cube.ide.mcu.externaltools.gnu-tools-for-stm32.10.3-2021.10.win32_1.0.100.202210260954/tools/bin/../lib/gcc/arm-none-eabi/10.3.1/thumb/v7-m/nofp\libgcc.a

.debug_info     0x0000000000000000     0xb654
 .debug_info    0x0000000000000000      0x2cc ./Core/Src/button.o
 .debug_info    0x00000000000002cc      0x1e8 ./Core/Src/fsm_auto.o
 .debug_info    0x00000000000004b4      0x1a6 ./Core/Src/fsm_manual.o
 .debug_info    0x000000000000065a      0x17c ./Core/Src/global.o
 .debug_info    0x00000000000007d6      0xf44 ./Core/Src/main.o
 .debug_info    0x000000000000171a      0x75d ./Core/Src/software_timer.o
 .debug_info    0x0000000000001e77      0xded ./Core/Src/stm32f1xx_hal_msp.o
 .debug_info    0x0000000000002c64      0x989 ./Core/Src/stm32f1xx_it.o
 .debug_info    0x00000000000035ed      0x23d ./Core/Src/system_stm32f1xx.o
 .debug_info    0x000000000000382a      0x137 ./Core/Src/task.o
 .debug_info    0x0000000000003961       0x22 ./Core/Startup/startup_stm32f103rbtx.o
 .debug_info    0x0000000000003983      0x734 ./Drivers/STM32F1xx_HAL_Driver/Src/stm32f1xx_hal.o
 .debug_info    0x00000000000040b7      0xb20 ./Drivers/STM32F1xx_HAL_Driver/Src/stm32f1xx_hal_cortex.o
 .debug_info    0x0000000000004bd7      0x73f ./Drivers/STM32F1xx_HAL_Driver/Src/stm32f1xx_hal_dma.o
 .debug_info    0x0000000000005316      0x615 ./Drivers/STM32F1xx_HAL_Driver/Src/stm32f1xx_hal_gpio.o
 .debug_info    0x000000000000592b      0x860 ./Drivers/STM32F1xx_HAL_Driver/Src/stm32f1xx_hal_rcc.o
 .debug_info    0x000000000000618b     0x29de ./Drivers/STM32F1xx_HAL_Driver/Src/stm32f1xx_hal_tim.o
 .debug_info    0x0000000000008b69     0x1513 ./Drivers/STM32F1xx_HAL_Driver/Src/stm32f1xx_hal_tim_ex.o
 .debug_info    0x000000000000a07c     0x15d8 ./Drivers/STM32F1xx_HAL_Driver/Src/stm32f1xx_hal_uart.o

.debug_abbrev   0x0000000000000000     0x1f3e
 .debug_abbrev  0x0000000000000000      0x135 ./Core/Src/button.o
 .debug_abbrev  0x0000000000000135       0xd7 ./Core/Src/fsm_auto.o
 .debug_abbrev  0x000000000000020c       0xbb ./Core/Src/fsm_manual.o
 .debug_abbrev  0x00000000000002c7       0x81 ./Core/Src/global.o
 .debug_abbrev  0x0000000000000348      0x2a1 ./Core/Src/main.o
 .debug_abbrev  0x00000000000005e9      0x1e4 ./Core/Src/software_timer.o
 .debug_abbrev  0x00000000000007cd      0x1c5 ./Core/Src/stm32f1xx_hal_msp.o
 .debug_abbrev  0x0000000000000992      0x184 ./Core/Src/stm32f1xx_it.o
 .debug_abbrev  0x0000000000000b16      0x13b ./Core/Src/system_stm32f1xx.o
 .debug_abbrev  0x0000000000000c51       0x58 ./Core/Src/task.o
 .debug_abbrev  0x0000000000000ca9       0x12 ./Core/Startup/startup_stm32f103rbtx.o
 .debug_abbrev  0x0000000000000cbb      0x1fb ./Drivers/STM32F1xx_HAL_Driver/Src/stm32f1xx_hal.o
 .debug_abbrev  0x0000000000000eb6      0x2ed ./Drivers/STM32F1xx_HAL_Driver/Src/stm32f1xx_hal_cortex.o
 .debug_abbrev  0x00000000000011a3      0x1fe ./Drivers/STM32F1xx_HAL_Driver/Src/stm32f1xx_hal_dma.o
 .debug_abbrev  0x00000000000013a1      0x1bb ./Drivers/STM32F1xx_HAL_Driver/Src/stm32f1xx_hal_gpio.o
 .debug_abbrev  0x000000000000155c      0x2a8 ./Drivers/STM32F1xx_HAL_Driver/Src/stm32f1xx_hal_rcc.o
 .debug_abbrev  0x0000000000001804      0x25d ./Drivers/STM32F1xx_HAL_Driver/Src/stm32f1xx_hal_tim.o
 .debug_abbrev  0x0000000000001a61      0x265 ./Drivers/STM32F1xx_HAL_Driver/Src/stm32f1xx_hal_tim_ex.o
 .debug_abbrev  0x0000000000001cc6      0x278 ./Drivers/STM32F1xx_HAL_Driver/Src/stm32f1xx_hal_uart.o

.debug_aranges  0x0000000000000000      0xd20
 .debug_aranges
                0x0000000000000000       0x48 ./Core/Src/button.o
 .debug_aranges
                0x0000000000000048       0x20 ./Core/Src/fsm_auto.o
 .debug_aranges
                0x0000000000000068       0x20 ./Core/Src/fsm_manual.o
 .debug_aranges
                0x0000000000000088       0x18 ./Core/Src/global.o
 .debug_aranges
                0x00000000000000a0       0x50 ./Core/Src/main.o
 .debug_aranges
                0x00000000000000f0       0x40 ./Core/Src/software_timer.o
 .debug_aranges
                0x0000000000000130       0x48 ./Core/Src/stm32f1xx_hal_msp.o
 .debug_aranges
                0x0000000000000178       0x70 ./Core/Src/stm32f1xx_it.o
 .debug_aranges
                0x00000000000001e8       0x28 ./Core/Src/system_stm32f1xx.o
 .debug_aranges
                0x0000000000000210       0x68 ./Core/Src/task.o
 .debug_aranges
                0x0000000000000278       0x28 ./Core/Startup/startup_stm32f103rbtx.o
 .debug_aranges
                0x00000000000002a0       0xe0 ./Drivers/STM32F1xx_HAL_Driver/Src/stm32f1xx_hal.o
 .debug_aranges
                0x0000000000000380      0x100 ./Drivers/STM32F1xx_HAL_Driver/Src/stm32f1xx_hal_cortex.o
 .debug_aranges
                0x0000000000000480       0x80 ./Drivers/STM32F1xx_HAL_Driver/Src/stm32f1xx_hal_dma.o
 .debug_aranges
                0x0000000000000500       0x58 ./Drivers/STM32F1xx_HAL_Driver/Src/stm32f1xx_hal_gpio.o
 .debug_aranges
                0x0000000000000558       0x90 ./Drivers/STM32F1xx_HAL_Driver/Src/stm32f1xx_hal_rcc.o
 .debug_aranges
                0x00000000000005e8      0x3d0 ./Drivers/STM32F1xx_HAL_Driver/Src/stm32f1xx_hal_tim.o
 .debug_aranges
                0x00000000000009b8      0x168 ./Drivers/STM32F1xx_HAL_Driver/Src/stm32f1xx_hal_tim_ex.o
 .debug_aranges
                0x0000000000000b20      0x200 ./Drivers/STM32F1xx_HAL_Driver/Src/stm32f1xx_hal_uart.o

.debug_ranges   0x0000000000000000      0xc20
 .debug_ranges  0x0000000000000000       0x38 ./Core/Src/button.o
 .debug_ranges  0x0000000000000038       0x10 ./Core/Src/fsm_auto.o
 .debug_ranges  0x0000000000000048       0x10 ./Core/Src/fsm_manual.o
 .debug_ranges  0x0000000000000058       0x40 ./Core/Src/main.o
 .debug_ranges  0x0000000000000098       0x30 ./Core/Src/software_timer.o
 .debug_ranges  0x00000000000000c8       0x38 ./Core/Src/stm32f1xx_hal_msp.o
 .debug_ranges  0x0000000000000100       0x60 ./Core/Src/stm32f1xx_it.o
 .debug_ranges  0x0000000000000160       0x18 ./Core/Src/system_stm32f1xx.o
 .debug_ranges  0x0000000000000178       0x58 ./Core/Src/task.o
 .debug_ranges  0x00000000000001d0       0x20 ./Core/Startup/startup_stm32f103rbtx.o
 .debug_ranges  0x00000000000001f0       0xd0 ./Drivers/STM32F1xx_HAL_Driver/Src/stm32f1xx_hal.o
 .debug_ranges  0x00000000000002c0       0xf0 ./Drivers/STM32F1xx_HAL_Driver/Src/stm32f1xx_hal_cortex.o
 .debug_ranges  0x00000000000003b0       0x70 ./Drivers/STM32F1xx_HAL_Driver/Src/stm32f1xx_hal_dma.o
 .debug_ranges  0x0000000000000420       0x48 ./Drivers/STM32F1xx_HAL_Driver/Src/stm32f1xx_hal_gpio.o
 .debug_ranges  0x0000000000000468       0x80 ./Drivers/STM32F1xx_HAL_Driver/Src/stm32f1xx_hal_rcc.o
 .debug_ranges  0x00000000000004e8      0x3c0 ./Drivers/STM32F1xx_HAL_Driver/Src/stm32f1xx_hal_tim.o
 .debug_ranges  0x00000000000008a8      0x158 ./Drivers/STM32F1xx_HAL_Driver/Src/stm32f1xx_hal_tim_ex.o
 .debug_ranges  0x0000000000000a00      0x220 ./Drivers/STM32F1xx_HAL_Driver/Src/stm32f1xx_hal_uart.o

.debug_macro    0x0000000000000000    0x177ca
 .debug_macro   0x0000000000000000      0x1fa ./Core/Src/button.o
 .debug_macro   0x00000000000001fa      0xa6c ./Core/Src/button.o
 .debug_macro   0x0000000000000c66      0x21b ./Core/Src/button.o
 .debug_macro   0x0000000000000e81       0x2e ./Core/Src/button.o
 .debug_macro   0x0000000000000eaf       0x22 ./Core/Src/button.o
 .debug_macro   0x0000000000000ed1       0x22 ./Core/Src/button.o
 .debug_macro   0x0000000000000ef3       0x8e ./Core/Src/button.o
 .debug_macro   0x0000000000000f81       0x51 ./Core/Src/button.o
 .debug_macro   0x0000000000000fd2      0x103 ./Core/Src/button.o
 .debug_macro   0x00000000000010d5       0x6a ./Core/Src/button.o
 .debug_macro   0x000000000000113f      0x1df ./Core/Src/button.o
 .debug_macro   0x000000000000131e       0x1c ./Core/Src/button.o
 .debug_macro   0x000000000000133a       0x22 ./Core/Src/button.o
 .debug_macro   0x000000000000135c       0xbd ./Core/Src/button.o
 .debug_macro   0x0000000000001419      0xd23 ./Core/Src/button.o
 .debug_macro   0x000000000000213c     0xe09e ./Core/Src/button.o
 .debug_macro   0x00000000000101da       0x6d ./Core/Src/button.o
 .debug_macro   0x0000000000010247     0x3468 ./Core/Src/button.o
 .debug_macro   0x00000000000136af      0x174 ./Core/Src/button.o
 .debug_macro   0x0000000000013823       0x5c ./Core/Src/button.o
 .debug_macro   0x000000000001387f      0x5be ./Core/Src/button.o
 .debug_macro   0x0000000000013e3d      0x289 ./Core/Src/button.o
 .debug_macro   0x00000000000140c6      0x1cb ./Core/Src/button.o
 .debug_macro   0x0000000000014291      0x114 ./Core/Src/button.o
 .debug_macro   0x00000000000143a5      0x1b2 ./Core/Src/button.o
 .debug_macro   0x0000000000014557       0x27 ./Core/Src/button.o
 .debug_macro   0x000000000001457e      0x136 ./Core/Src/button.o
 .debug_macro   0x00000000000146b4      0x1bc ./Core/Src/button.o
 .debug_macro   0x0000000000014870       0x34 ./Core/Src/button.o
 .debug_macro   0x00000000000148a4       0x3c ./Core/Src/button.o
 .debug_macro   0x00000000000148e0       0x57 ./Core/Src/button.o
 .debug_macro   0x0000000000014937       0x88 ./Core/Src/button.o
 .debug_macro   0x00000000000149bf      0x241 ./Core/Src/button.o
 .debug_macro   0x0000000000014c00      0x141 ./Core/Src/button.o
 .debug_macro   0x0000000000014d41      0x8d1 ./Core/Src/button.o
 .debug_macro   0x0000000000015612      0x279 ./Core/Src/button.o
 .debug_macro   0x000000000001588b       0x83 ./Core/Src/button.o
 .debug_macro   0x000000000001590e       0x88 ./Core/Src/button.o
 .debug_macro   0x0000000000015996      0x1e8 ./Core/Src/fsm_auto.o
 .debug_macro   0x0000000000015b7e      0x1e8 ./Core/Src/fsm_manual.o
 .debug_macro   0x0000000000015d66      0x1de ./Core/Src/global.o
 .debug_macro   0x0000000000015f44      0x1f6 ./Core/Src/main.o
 .debug_macro   0x000000000001613a      0x1de ./Core/Src/software_timer.o
 .debug_macro   0x0000000000016318      0x1b2 ./Core/Src/stm32f1xx_hal_msp.o
 .debug_macro   0x00000000000164ca      0x1bc ./Core/Src/stm32f1xx_it.o
 .debug_macro   0x0000000000016686      0x1a3 ./Core/Src/system_stm32f1xx.o
 .debug_macro   0x0000000000016829      0x1e6 ./Core/Src/task.o
 .debug_macro   0x0000000000016a0f      0x1c7 ./Drivers/STM32F1xx_HAL_Driver/Src/stm32f1xx_hal.o
 .debug_macro   0x0000000000016bd6      0x1a3 ./Drivers/STM32F1xx_HAL_Driver/Src/stm32f1xx_hal_cortex.o
 .debug_macro   0x0000000000016d79      0x1a3 ./Drivers/STM32F1xx_HAL_Driver/Src/stm32f1xx_hal_dma.o
 .debug_macro   0x0000000000016f1c      0x20e ./Drivers/STM32F1xx_HAL_Driver/Src/stm32f1xx_hal_gpio.o
 .debug_macro   0x000000000001712a      0x1b5 ./Drivers/STM32F1xx_HAL_Driver/Src/stm32f1xx_hal_rcc.o
 .debug_macro   0x00000000000172df      0x1a4 ./Drivers/STM32F1xx_HAL_Driver/Src/stm32f1xx_hal_tim.o
 .debug_macro   0x0000000000017483      0x1a3 ./Drivers/STM32F1xx_HAL_Driver/Src/stm32f1xx_hal_tim_ex.o
 .debug_macro   0x0000000000017626      0x1a4 ./Drivers/STM32F1xx_HAL_Driver/Src/stm32f1xx_hal_uart.o

.debug_line     0x0000000000000000     0xeb29
 .debug_line    0x0000000000000000      0x813 ./Core/Src/button.o
 .debug_line    0x0000000000000813      0x781 ./Core/Src/fsm_auto.o
 .debug_line    0x0000000000000f94      0x790 ./Core/Src/fsm_manual.o
 .debug_line    0x0000000000001724      0x6b4 ./Core/Src/global.o
 .debug_line    0x0000000000001dd8      0x8b8 ./Core/Src/main.o
 .debug_line    0x0000000000002690      0x775 ./Core/Src/software_timer.o
 .debug_line    0x0000000000002e05      0x77f ./Core/Src/stm32f1xx_hal_msp.o
 .debug_line    0x0000000000003584      0x794 ./Core/Src/stm32f1xx_it.o
 .debug_line    0x0000000000003d18      0x720 ./Core/Src/system_stm32f1xx.o
 .debug_line    0x0000000000004438      0x764 ./Core/Src/task.o
 .debug_line    0x0000000000004b9c       0x87 ./Core/Startup/startup_stm32f103rbtx.o
 .debug_line    0x0000000000004c23      0x94d ./Drivers/STM32F1xx_HAL_Driver/Src/stm32f1xx_hal.o
 .debug_line    0x0000000000005570      0xb35 ./Drivers/STM32F1xx_HAL_Driver/Src/stm32f1xx_hal_cortex.o
 .debug_line    0x00000000000060a5      0xda5 ./Drivers/STM32F1xx_HAL_Driver/Src/stm32f1xx_hal_dma.o
 .debug_line    0x0000000000006e4a      0x9e4 ./Drivers/STM32F1xx_HAL_Driver/Src/stm32f1xx_hal_gpio.o
 .debug_line    0x000000000000782e      0xd5b ./Drivers/STM32F1xx_HAL_Driver/Src/stm32f1xx_hal_rcc.o
 .debug_line    0x0000000000008589     0x3303 ./Drivers/STM32F1xx_HAL_Driver/Src/stm32f1xx_hal_tim.o
 .debug_line    0x000000000000b88c     0x1875 ./Drivers/STM32F1xx_HAL_Driver/Src/stm32f1xx_hal_tim_ex.o
 .debug_line    0x000000000000d101     0x1a28 ./Drivers/STM32F1xx_HAL_Driver/Src/stm32f1xx_hal_uart.o

.debug_str      0x0000000000000000    0x86972
 .debug_str     0x0000000000000000    0x83314 ./Core/Src/button.o
                                      0x8365f (size before relaxing)
 .debug_str     0x0000000000083314       0xd5 ./Core/Src/fsm_auto.o
                                      0x835a2 (size before relaxing)
 .debug_str     0x00000000000833e9       0x8d ./Core/Src/fsm_manual.o
                                      0x83598 (size before relaxing)
 .debug_str     0x0000000000083476       0x15 ./Core/Src/global.o
                                      0x83503 (size before relaxing)
 .debug_str     0x000000000008348b      0xa11 ./Core/Src/main.o
                                      0x83fe7 (size before relaxing)
 .debug_str     0x0000000000083e9c       0x97 ./Core/Src/software_timer.o
                                      0x839f7 (size before relaxing)
 .debug_str     0x0000000000083f33      0x374 ./Core/Src/stm32f1xx_hal_msp.o
                                      0x83f69 (size before relaxing)
 .debug_str     0x00000000000842a7      0x112 ./Core/Src/stm32f1xx_it.o
                                      0x83bf3 (size before relaxing)
 .debug_str     0x00000000000843b9       0x7e ./Core/Src/system_stm32f1xx.o
                                      0x832bd (size before relaxing)
 .debug_str     0x0000000000084437       0x24 ./Core/Src/task.o
                                      0x834e0 (size before relaxing)
 .debug_str     0x000000000008445b       0x36 ./Core/Startup/startup_stm32f103rbtx.o
                                         0x6c (size before relaxing)
 .debug_str     0x0000000000084491      0x38e ./Drivers/STM32F1xx_HAL_Driver/Src/stm32f1xx_hal.o
                                      0x839f0 (size before relaxing)
 .debug_str     0x000000000008481f      0x294 ./Drivers/STM32F1xx_HAL_Driver/Src/stm32f1xx_hal_cortex.o
                                      0x8393c (size before relaxing)
 .debug_str     0x0000000000084ab3      0x235 ./Drivers/STM32F1xx_HAL_Driver/Src/stm32f1xx_hal_dma.o
                                      0x83666 (size before relaxing)
 .debug_str     0x0000000000084ce8      0x2d0 ./Drivers/STM32F1xx_HAL_Driver/Src/stm32f1xx_hal_gpio.o
                                      0x83643 (size before relaxing)
 .debug_str     0x0000000000084fb8      0x229 ./Drivers/STM32F1xx_HAL_Driver/Src/stm32f1xx_hal_rcc.o
                                      0x836ec (size before relaxing)
 .debug_str     0x00000000000851e1      0xd33 ./Drivers/STM32F1xx_HAL_Driver/Src/stm32f1xx_hal_tim.o
                                      0x846d7 (size before relaxing)
 .debug_str     0x0000000000085f14      0x493 ./Drivers/STM32F1xx_HAL_Driver/Src/stm32f1xx_hal_tim_ex.o
                                      0x83ef3 (size before relaxing)
 .debug_str     0x00000000000863a7      0x5cb ./Drivers/STM32F1xx_HAL_Driver/Src/stm32f1xx_hal_uart.o
                                      0x83cf7 (size before relaxing)

.comment        0x0000000000000000       0x50
 .comment       0x0000000000000000       0x50 ./Core/Src/button.o
                                         0x51 (size before relaxing)
 .comment       0x0000000000000050       0x51 ./Core/Src/fsm_auto.o
 .comment       0x0000000000000050       0x51 ./Core/Src/fsm_manual.o
 .comment       0x0000000000000050       0x51 ./Core/Src/global.o
 .comment       0x0000000000000050       0x51 ./Core/Src/main.o
 .comment       0x0000000000000050       0x51 ./Core/Src/software_timer.o
 .comment       0x0000000000000050       0x51 ./Core/Src/stm32f1xx_hal_msp.o
 .comment       0x0000000000000050       0x51 ./Core/Src/stm32f1xx_it.o
 .comment       0x0000000000000050       0x51 ./Core/Src/system_stm32f1xx.o
 .comment       0x0000000000000050       0x51 ./Core/Src/task.o
 .comment       0x0000000000000050       0x51 ./Drivers/STM32F1xx_HAL_Driver/Src/stm32f1xx_hal.o
 .comment       0x0000000000000050       0x51 ./Drivers/STM32F1xx_HAL_Driver/Src/stm32f1xx_hal_cortex.o
 .comment       0x0000000000000050       0x51 ./Drivers/STM32F1xx_HAL_Driver/Src/stm32f1xx_hal_dma.o
 .comment       0x0000000000000050       0x51 ./Drivers/STM32F1xx_HAL_Driver/Src/stm32f1xx_hal_gpio.o
 .comment       0x0000000000000050       0x51 ./Drivers/STM32F1xx_HAL_Driver/Src/stm32f1xx_hal_rcc.o
 .comment       0x0000000000000050       0x51 ./Drivers/STM32F1xx_HAL_Driver/Src/stm32f1xx_hal_tim.o
 .comment       0x0000000000000050       0x51 ./Drivers/STM32F1xx_HAL_Driver/Src/stm32f1xx_hal_tim_ex.o
 .comment       0x0000000000000050       0x51 ./Drivers/STM32F1xx_HAL_Driver/Src/stm32f1xx_hal_uart.o

.debug_frame    0x0000000000000000     0x34d4
 .debug_frame   0x0000000000000000       0xd4 ./Core/Src/button.o
 .debug_frame   0x00000000000000d4       0x2c ./Core/Src/fsm_auto.o
 .debug_frame   0x0000000000000100       0x2c ./Core/Src/fsm_manual.o
 .debug_frame   0x000000000000012c       0xf0 ./Core/Src/main.o
 .debug_frame   0x000000000000021c       0xcc ./Core/Src/software_timer.o
 .debug_frame   0x00000000000002e8       0xec ./Core/Src/stm32f1xx_hal_msp.o
 .debug_frame   0x00000000000003d4      0x13c ./Core/Src/stm32f1xx_it.o
 .debug_frame   0x0000000000000510       0x58 ./Core/Src/system_stm32f1xx.o
 .debug_frame   0x0000000000000568      0x150 ./Core/Src/task.o
 .debug_frame   0x00000000000006b8      0x334 ./Drivers/STM32F1xx_HAL_Driver/Src/stm32f1xx_hal.o
 .debug_frame   0x00000000000009ec      0x428 ./Drivers/STM32F1xx_HAL_Driver/Src/stm32f1xx_hal_cortex.o
 .debug_frame   0x0000000000000e14      0x208 ./Drivers/STM32F1xx_HAL_Driver/Src/stm32f1xx_hal_dma.o
 .debug_frame   0x000000000000101c      0x14c ./Drivers/STM32F1xx_HAL_Driver/Src/stm32f1xx_hal_gpio.o
 .debug_frame   0x0000000000001168      0x21c ./Drivers/STM32F1xx_HAL_Driver/Src/stm32f1xx_hal_rcc.o
 .debug_frame   0x0000000000001384     0x11b8 ./Drivers/STM32F1xx_HAL_Driver/Src/stm32f1xx_hal_tim.o
 .debug_frame   0x000000000000253c      0x638 ./Drivers/STM32F1xx_HAL_Driver/Src/stm32f1xx_hal_tim_ex.o
 .debug_frame   0x0000000000002b74      0x914 ./Drivers/STM32F1xx_HAL_Driver/Src/stm32f1xx_hal_uart.o
 .debug_frame   0x0000000000003488       0x2c d:/stm32cube_ide/stm32cubeide_1.7.0/stm32cubeide/plugins/com.st.stm32cube.ide.mcu.externaltools.gnu-tools-for-stm32.10.3-2021.10.win32_1.0.100.202210260954/tools/bin/../lib/gcc/arm-none-eabi/10.3.1/../../../../arm-none-eabi/lib/thumb/v7-m/nofp\libc_nano.a(lib_a-init.o)
 .debug_frame   0x00000000000034b4       0x20 d:/stm32cube_ide/stm32cubeide_1.7.0/stm32cubeide/plugins/com.st.stm32cube.ide.mcu.externaltools.gnu-tools-for-stm32.10.3-2021.10.win32_1.0.100.202210260954/tools/bin/../lib/gcc/arm-none-eabi/10.3.1/../../../../arm-none-eabi/lib/thumb/v7-m/nofp\libc_nano.a(lib_a-memset.o)
