Archive member included to satisfy reference by file (symbol)

c:/st/stm32cubeide_1.7.0/stm32cubeide/plugins/com.st.stm32cube.ide.mcu.externaltools.gnu-tools-for-stm32.10.3-2021.10.win32_1.0.0.202111181127/tools/bin/../lib/gcc/arm-none-eabi/10.3.1/../../../../arm-none-eabi/lib/thumb/v7-m/nofp\libc_nano.a(lib_a-errno.o)
                              ./Core/Src/syscalls.o (__errno)
c:/st/stm32cubeide_1.7.0/stm32cubeide/plugins/com.st.stm32cube.ide.mcu.externaltools.gnu-tools-for-stm32.10.3-2021.10.win32_1.0.0.202111181127/tools/bin/../lib/gcc/arm-none-eabi/10.3.1/../../../../arm-none-eabi/lib/thumb/v7-m/nofp\libc_nano.a(lib_a-exit.o)
                              c:/st/stm32cubeide_1.7.0/stm32cubeide/plugins/com.st.stm32cube.ide.mcu.externaltools.gnu-tools-for-stm32.10.3-2021.10.win32_1.0.0.202111181127/tools/bin/../lib/gcc/arm-none-eabi/10.3.1/../../../../arm-none-eabi/lib/thumb/v7-m/nofp/crt0.o (exit)
c:/st/stm32cubeide_1.7.0/stm32cubeide/plugins/com.st.stm32cube.ide.mcu.externaltools.gnu-tools-for-stm32.10.3-2021.10.win32_1.0.0.202111181127/tools/bin/../lib/gcc/arm-none-eabi/10.3.1/../../../../arm-none-eabi/lib/thumb/v7-m/nofp\libc_nano.a(lib_a-impure.o)
                              c:/st/stm32cubeide_1.7.0/stm32cubeide/plugins/com.st.stm32cube.ide.mcu.externaltools.gnu-tools-for-stm32.10.3-2021.10.win32_1.0.0.202111181127/tools/bin/../lib/gcc/arm-none-eabi/10.3.1/../../../../arm-none-eabi/lib/thumb/v7-m/nofp\libc_nano.a(lib_a-exit.o) (_global_impure_ptr)
c:/st/stm32cubeide_1.7.0/stm32cubeide/plugins/com.st.stm32cube.ide.mcu.externaltools.gnu-tools-for-stm32.10.3-2021.10.win32_1.0.0.202111181127/tools/bin/../lib/gcc/arm-none-eabi/10.3.1/../../../../arm-none-eabi/lib/thumb/v7-m/nofp\libc_nano.a(lib_a-init.o)
                              c:/st/stm32cubeide_1.7.0/stm32cubeide/plugins/com.st.stm32cube.ide.mcu.externaltools.gnu-tools-for-stm32.10.3-2021.10.win32_1.0.0.202111181127/tools/bin/../lib/gcc/arm-none-eabi/10.3.1/../../../../arm-none-eabi/lib/thumb/v7-m/nofp/crt0.o (__libc_init_array)
c:/st/stm32cubeide_1.7.0/stm32cubeide/plugins/com.st.stm32cube.ide.mcu.externaltools.gnu-tools-for-stm32.10.3-2021.10.win32_1.0.0.202111181127/tools/bin/../lib/gcc/arm-none-eabi/10.3.1/../../../../arm-none-eabi/lib/thumb/v7-m/nofp\libc_nano.a(lib_a-memset.o)
                              c:/st/stm32cubeide_1.7.0/stm32cubeide/plugins/com.st.stm32cube.ide.mcu.externaltools.gnu-tools-for-stm32.10.3-2021.10.win32_1.0.0.202111181127/tools/bin/../lib/gcc/arm-none-eabi/10.3.1/../../../../arm-none-eabi/lib/thumb/v7-m/nofp/crt0.o (memset)
c:/st/stm32cubeide_1.7.0/stm32cubeide/plugins/com.st.stm32cube.ide.mcu.externaltools.gnu-tools-for-stm32.10.3-2021.10.win32_1.0.0.202111181127/tools/bin/../lib/gcc/arm-none-eabi/10.3.1/../../../../arm-none-eabi/lib/thumb/v7-m/nofp\libc_nano.a(lib_a-sprintf.o)
                              ./Core/Src/task.o (sprintf)
c:/st/stm32cubeide_1.7.0/stm32cubeide/plugins/com.st.stm32cube.ide.mcu.externaltools.gnu-tools-for-stm32.10.3-2021.10.win32_1.0.0.202111181127/tools/bin/../lib/gcc/arm-none-eabi/10.3.1/../../../../arm-none-eabi/lib/thumb/v7-m/nofp\libc_nano.a(lib_a-strlen.o)
                              ./Core/Src/task.o (strlen)
c:/st/stm32cubeide_1.7.0/stm32cubeide/plugins/com.st.stm32cube.ide.mcu.externaltools.gnu-tools-for-stm32.10.3-2021.10.win32_1.0.0.202111181127/tools/bin/../lib/gcc/arm-none-eabi/10.3.1/../../../../arm-none-eabi/lib/thumb/v7-m/nofp\libc_nano.a(lib_a-nano-svfprintf.o)
                              c:/st/stm32cubeide_1.7.0/stm32cubeide/plugins/com.st.stm32cube.ide.mcu.externaltools.gnu-tools-for-stm32.10.3-2021.10.win32_1.0.0.202111181127/tools/bin/../lib/gcc/arm-none-eabi/10.3.1/../../../../arm-none-eabi/lib/thumb/v7-m/nofp\libc_nano.a(lib_a-sprintf.o) (_svfprintf_r)
c:/st/stm32cubeide_1.7.0/stm32cubeide/plugins/com.st.stm32cube.ide.mcu.externaltools.gnu-tools-for-stm32.10.3-2021.10.win32_1.0.0.202111181127/tools/bin/../lib/gcc/arm-none-eabi/10.3.1/../../../../arm-none-eabi/lib/thumb/v7-m/nofp\libc_nano.a(lib_a-nano-vfprintf_i.o)
                              c:/st/stm32cubeide_1.7.0/stm32cubeide/plugins/com.st.stm32cube.ide.mcu.externaltools.gnu-tools-for-stm32.10.3-2021.10.win32_1.0.0.202111181127/tools/bin/../lib/gcc/arm-none-eabi/10.3.1/../../../../arm-none-eabi/lib/thumb/v7-m/nofp\libc_nano.a(lib_a-nano-svfprintf.o) (_printf_i)
c:/st/stm32cubeide_1.7.0/stm32cubeide/plugins/com.st.stm32cube.ide.mcu.externaltools.gnu-tools-for-stm32.10.3-2021.10.win32_1.0.0.202111181127/tools/bin/../lib/gcc/arm-none-eabi/10.3.1/../../../../arm-none-eabi/lib/thumb/v7-m/nofp\libc_nano.a(lib_a-memchr-stub.o)
                              c:/st/stm32cubeide_1.7.0/stm32cubeide/plugins/com.st.stm32cube.ide.mcu.externaltools.gnu-tools-for-stm32.10.3-2021.10.win32_1.0.0.202111181127/tools/bin/../lib/gcc/arm-none-eabi/10.3.1/../../../../arm-none-eabi/lib/thumb/v7-m/nofp\libc_nano.a(lib_a-nano-svfprintf.o) (memchr)
[...]
Memory Configuration

Name             Origin             Length             Attributes
RAM              0x0000000020000000 0x0000000000005000 xrw
FLASH            0x0000000008000000 0x0000000000020000 xr
*default*        0x0000000000000000 0xffffffffffffffff

Linker script and memory map

LOAD c:/st/stm32cubeide_1.7.0/stm32cubeide/plugins/com.st.stm32cube.ide.mcu.externaltools.gnu-tools-for-stm32.10.3-2021.10.win32_1.0.0.202111181127/tools/bin/../lib/gcc/arm-none-eabi/10.3.1/thumb/v7-m/nofp/crti.o
LOAD c:/st/stm32cubeide_1.7.0/stm32cubeide/plugins/com.st.stm32cube.ide.mcu.externaltools.gnu-tools-for-stm32.10.3-2021.10.win32_1.0.0.202111181127/tools/bin/../lib/gcc/arm-none-eabi/10.3.1/thumb/v7-m/nofp/crtbegin.o
LOAD c:/st/stm32cubeide_1.7.0/stm32cubeide/plugins/com.st.stm32cube.ide.mcu.externaltools.gnu-tools-for-stm32.10.3-2021.10.win32_1.0.0.202111181127/tools/bin/../lib/gcc/arm-none-eabi/10.3.1/../../../../arm-none-eabi/lib/thumb/v7-m/nofp/crt0.o
LOAD ./Core/Src/button.o
LOAD ./Core/Src/buzzer.o
LOAD ./Core/Src/fsm_auto.o
LOAD ./Core/Src/fsm_manual.o
LOAD ./Core/Src/global.o
LOAD ./Core/Src/main.o
LOAD ./Core/Src/software_timer.o
LOAD ./Core/Src/stm32f1xx_hal_msp.o
LOAD ./Core/Src/stm32f1xx_it.o
LOAD ./Core/Src/syscalls.o
LOAD ./Core/Src/sysmem.o
LOAD ./Core/Src/system_stm32f1xx.o
LOAD ./Core/Src/task.o
LOAD ./Core/Startup/startup_stm32f103rbtx.o
LOAD ./Drivers/STM32F1xx_HAL_Driver/Src/stm32f1xx_hal.o
LOAD ./Drivers/STM32F1xx_HAL_Driver/Src/stm32f1xx_hal_cortex.o
LOAD ./Drivers/STM32F1xx_HAL_Driver/Src/stm32f1xx_hal_dma.o
LOAD ./Drivers/STM32F1xx_HAL_Driver/Src/stm32f1xx_hal_exti.o
LOAD ./Drivers/STM32F1xx_HAL_Driver/Src/stm32f1xx_hal_flash.o
LOAD ./Drivers/STM32F1xx_HAL_Driver/Src/stm32f1xx_hal_flash_ex.o
LOAD ./Drivers/STM32F1xx_HAL_Driver/Src/stm32f1xx_hal_gpio.o
LOAD ./Drivers/STM32F1xx_HAL_Driver/Src/stm32f1xx_hal_gpio_ex.o
LOAD ./Drivers/STM32F1xx_HAL_Driver/Src/stm32f1xx_hal_pwr.o
LOAD ./Drivers/STM32F1xx_HAL_Driver/Src/stm32f1xx_hal_rcc.o
LOAD ./Drivers/STM32F1xx_HAL_Driver/Src/stm32f1xx_hal_rcc_ex.o
LOAD ./Drivers/STM32F1xx_HAL_Driver/Src/stm32f1xx_hal_tim.o
LOAD ./Drivers/STM32F1xx_HAL_Driver/Src/stm32f1xx_hal_tim_ex.o
LOAD ./Drivers/STM32F1xx_HAL_Driver/Src/stm32f1xx_hal_uart.o
START GROUP
LOAD c:/st/stm32cubeide_1.7.0/stm32cubeide/plugins/com.st.stm32cube.ide.mcu.externaltools.gnu-tools-for-stm32.10.3-2021.10.win32_1.0.0.202111181127/tools/bin/../lib/gcc/arm-none-eabi/10.3.1/../../../../arm-none-eabi/lib/thumb/v7-m/nofp\libc_nano.a
LOAD c:/st/stm32cubeide_1.7.0/stm32cubeide/plugins/com.st.stm32cube.ide.mcu.externaltools.gnu-tools-for-stm32.10.3-2021.10.win32_1.0.0.202111181127/tools/bin/../lib/gcc/arm-none-eabi/10.3.1/../../../../arm-none-eabi/lib/thumb/v7-m/nofp\libm.a
END GROUP
START GROUP
LOAD c:/st/stm32cubeide_1.7.0/stm32cubeide/plugins/com.st.stm32cube.ide.mcu.externaltools.gnu-tools-for-stm32.10.3-2021.10.win32_1.0.0.202111181127/tools/bin/../lib/gcc/arm-none-eabi/10.3.1/thumb/v7-m/nofp\libgcc.a
LOAD c:/st/stm32cubeide_1.7.0/stm32cubeide/plugins/com.st.stm32cube.ide.mcu.externaltools.gnu-tools-for-stm32.10.3-2021.10.win32_1.0.0.202111181127/tools/bin/../lib/gcc/arm-none-eabi/10.3.1/../../../../arm-none-eabi/lib/thumb/v7-m/nofp\libc_nano.a
END GROUP
START GROUP
LOAD c:/st/stm32cubeide_1.7.0/stm32cubeide/plugins/com.st.stm32cube.ide.mcu.externaltools.gnu-tools-for-stm32.10.3-2021.10.win32_1.0.0.202111181127/tools/bin/../lib/gcc/arm-none-eabi/10.3.1/thumb/v7-m/nofp\libgcc.a
LOAD c:/st/stm32cubeide_1.7.0/stm32cubeide/plugins/com.st.stm32cube.ide.mcu.externaltools.gnu-tools-for-stm32.10.3-2021.10.win32_1.0.0.202111181127/tools/bin/../lib/gcc/arm-none-eabi/10.3.1/../../../../arm-none-eabi/lib/thumb/v7-m/nofp\libc_nano.a
LOAD c:/st/stm32cubeide_1.7.0/stm32cubeide/plugins/com.st.stm32cube.ide.mcu.externaltools.gnu-tools-for-stm32.10.3-2021.10.win32_1.0.0.202111181127/tools/bin/../lib/gcc/arm-none-eabi/10.3.1/../../../../arm-none-eabi/lib/thumb/v7-m/nofp\libnosys.a
END GROUP
START GROUP
LOAD c:/st/stm32cubeide_1.7.0/stm32cubeide/plugins/com.st.stm32cube.ide.mcu.externaltools.gnu-tools-for-stm32.10.3-2021.10.win32_1.0.0.202111181127/tools/bin/../lib/gcc/arm-none-eabi/10.3.1/thumb/v7-m/nofp\libgcc.a
LOAD c:/st/stm32cubeide_1.7.0/stm32cubeide/plugins/com.st.stm32cube.ide.mcu.externaltools.gnu-tools-for-stm32.10.3-2021.10.win32_1.0.0.202111181127/tools/bin/../lib/gcc/arm-none-eabi/10.3.1/../../../../arm-none-eabi/lib/thumb/v7-m/nofp\libc_nano.a
LOAD c:/st/stm32cubeide_1.7.0/stm32cubeide/plugins/com.st.stm32cube.ide.mcu.externaltools.gnu-tools-for-stm32.10.3-2021.10.win32_1.0.0.202111181127/tools/bin/../lib/gcc/arm-none-eabi/10.3.1/../../../../arm-none-eabi/lib/thumb/v7-m/nofp\libnosys.a
END GROUP
LOAD c:/st/stm32cubeide_1.7.0/stm32cubeide/plugins/com.st.stm32cube.ide.mcu.externaltools.gnu-tools-for-stm32.10.3-2021.10.win32_1.0.0.202111181127/tools/bin/../lib/gcc/arm-none-eabi/10.3.1/thumb/v7-m/nofp/crtend.o
LOAD c:/st/stm32cubeide_1.7.0/stm32cubeide/plugins/com.st.stm32cube.ide.mcu.externaltools.gnu-tools-for-stm32.10.3-2021.10.win32_1.0.0.202111181127/tools/bin/../lib/gcc/arm-none-eabi/10.3.1/thumb/v7-m/nofp/crtn.o
                0x0000000020005000                _estack = (ORIGIN (RAM) + LENGTH (RAM))
                0x0000000000000200                _Min_Heap_Size = 0x200
                0x0000000000000400                _Min_Stack_Size = 0x400

.isr_vector     0x0000000008000000      0x10c
                0x0000000008000000                . = ALIGN (0x4)
 *(.isr_vector)
 .isr_vector    0x0000000008000000      0x10c ./Core/Startup/startup_stm32f103rbtx.o
                0x0000000008000000                g_pfnVectors
                0x000000000800010c                . = ALIGN (0x4)

.text           0x000000000800010c     0x4564
                0x000000000800010c                . = ALIGN (0x4)
 *(.text)
 .text          0x000000000800010c       0x40 c:/st/stm32cubeide_1.7.0/stm32cubeide/plugins/com.st.stm32cube.ide.mcu.externaltools.gnu-tools-for-stm32.10.3-2021.10.win32_1.0.0.202111181127/tools/bin/../lib/gcc/arm-none-eabi/10.3.1/thumb/v7-m/nofp/crtbegin.o
 .text          0x000000000800014c       0x10 c:/st/stm32cubeide_1.7.0/stm32cubeide/plugins/com.st.stm32cube.ide.mcu.externaltools.gnu-tools-for-stm32.10.3-2021.10.win32_1.0.0.202111181127/tools/bin/../lib/gcc/arm-none-eabi/10.3.1/../../../../arm-none-eabi/lib/thumb/v7-m/nofp\libc_nano.a(lib_a-strlen.o)
                0x000000000800014c                strlen
 *(.text*)
 .text.button_reading
                0x000000000800015c      0x194 ./Core/Src/button.o
                0x000000000800015c                button_reading
 .text.is_button1_pressed
                0x00000000080002f0       0x24 ./Core/Src/button.o
                0x00000000080002f0                is_button1_pressed
 .text.is_button2_pressed
                0x0000000008000314       0x24 ./Core/Src/button.o
                0x0000000008000314                is_button2_pressed
 .text.is_button3_pressed
                0x0000000008000338       0x24 ./Core/Src/button.o
                0x0000000008000338                is_button3_pressed
 .text.is_pede_button_pressed
                0x000000000800035c       0x24 ./Core/Src/button.o
                0x000000000800035c                is_pede_button_pressed
 .text.is_button2_press1s
                0x0000000008000380       0x24 ./Core/Src/button.o
                0x0000000008000380                is_button2_press1s
 .text.buzzerRun
                0x00000000080003a4       0x8c ./Core/Src/buzzer.o
                0x00000000080003a4                buzzerRun
 .text.fsm_automatic_run
                0x0000000008000430      0x3d4 ./Core/Src/fsm_auto.o
                0x0000000008000430                fsm_automatic_run
 .text.fsm_manual_run
                0x0000000008000804      0x1f4 ./Core/Src/fsm_manual.o
                0x0000000008000804                fsm_manual_run
 .text.main     0x00000000080009f8       0x3c ./Core/Src/main.o
                0x00000000080009f8                main
 .text.SystemClock_Config
                0x0000000008000a34       0x82 ./Core/Src/main.o
                0x0000000008000a34                SystemClock_Config
 *fill*         0x0000000008000ab6        0x2 
 .text.MX_TIM2_Init
                0x0000000008000ab8       0x98 ./Core/Src/main.o
 .text.MX_TIM3_Init
                0x0000000008000b50       0xec ./Core/Src/main.o
 .text.MX_USART2_UART_Init
                0x0000000008000c3c       0x54 ./Core/Src/main.o
 .text.MX_GPIO_Init
                0x0000000008000c90       0xdc ./Core/Src/main.o
 .text.Error_Handler
                0x0000000008000d6c        0xa ./Core/Src/main.o
                0x0000000008000d6c                Error_Handler
 *fill*         0x0000000008000d76        0x2 
 .text.setTimer1
                0x0000000008000d78       0x30 ./Core/Src/software_timer.o
                0x0000000008000d78                setTimer1
 .text.setTimer2
                0x0000000008000da8       0x30 ./Core/Src/software_timer.o
                0x0000000008000da8                setTimer2
 .text.setTimer3
                0x0000000008000dd8       0x30 ./Core/Src/software_timer.o
                0x0000000008000dd8                setTimer3
 .text.setTimer4
                0x0000000008000e08       0x30 ./Core/Src/software_timer.o
                0x0000000008000e08                setTimer4
 .text.timerRun
                0x0000000008000e38       0xd4 ./Core/Src/software_timer.o
                0x0000000008000e38                timerRun
 .text.HAL_TIM_PeriodElapsedCallback
                0x0000000008000f0c       0x18 ./Core/Src/software_timer.o
                0x0000000008000f0c                HAL_TIM_PeriodElapsedCallback
 .text.HAL_MspInit
                0x0000000008000f24       0x64 ./Core/Src/stm32f1xx_hal_msp.o
                0x0000000008000f24                HAL_MspInit
 .text.HAL_TIM_Base_MspInit
                0x0000000008000f88       0x80 ./Core/Src/stm32f1xx_hal_msp.o
                0x0000000008000f88                HAL_TIM_Base_MspInit
 .text.HAL_TIM_MspPostInit
                0x0000000008001008       0x64 ./Core/Src/stm32f1xx_hal_msp.o
                0x0000000008001008                HAL_TIM_MspPostInit
 .text.HAL_UART_MspInit
                0x000000000800106c       0xa4 ./Core/Src/stm32f1xx_hal_msp.o
                0x000000000800106c                HAL_UART_MspInit
 .text.NMI_Handler
                0x0000000008001110        0x6 ./Core/Src/stm32f1xx_it.o
                0x0000000008001110                NMI_Handler
 .text.HardFault_Handler
                0x0000000008001116        0x6 ./Core/Src/stm32f1xx_it.o
                0x0000000008001116                HardFault_Handler
 .text.MemManage_Handler
                0x000000000800111c        0x6 ./Core/Src/stm32f1xx_it.o
                0x000000000800111c                MemManage_Handler
 .text.BusFault_Handler
                0x0000000008001122        0x6 ./Core/Src/stm32f1xx_it.o
                0x0000000008001122                BusFault_Handler
 .text.UsageFault_Handler
                0x0000000008001128        0x6 ./Core/Src/stm32f1xx_it.o
                0x0000000008001128                UsageFault_Handler
 .text.SVC_Handler
                0x000000000800112e        0xc ./Core/Src/stm32f1xx_it.o
                0x000000000800112e                SVC_Handler
 .text.DebugMon_Handler
                0x000000000800113a        0xc ./Core/Src/stm32f1xx_it.o
                0x000000000800113a                DebugMon_Handler
 .text.PendSV_Handler
                0x0000000008001146        0xc ./Core/Src/stm32f1xx_it.o
                0x0000000008001146                PendSV_Handler
 .text.SysTick_Handler
                0x0000000008001152        0xc ./Core/Src/stm32f1xx_it.o
                0x0000000008001152                SysTick_Handler
 *fill*         0x000000000800115e        0x2 
 .text.TIM2_IRQHandler
                0x0000000008001160       0x14 ./Core/Src/stm32f1xx_it.o
                0x0000000008001160                TIM2_IRQHandler
 .text.TIM3_IRQHandler
                0x0000000008001174       0x14 ./Core/Src/stm32f1xx_it.o
                0x0000000008001174                TIM3_IRQHandler
 .text.USART2_IRQHandler
                0x0000000008001188       0x14 ./Core/Src/stm32f1xx_it.o
                0x0000000008001188                USART2_IRQHandler
 .text._sbrk    0x000000000800119c       0x6c ./Core/Src/sysmem.o
                0x000000000800119c                _sbrk
 .text.SystemInit
                0x0000000008001208        0xc ./Core/Src/system_stm32f1xx.o
                0x0000000008001208                SystemInit
 .text.green_blink
                0x0000000008001214       0x30 ./Core/Src/task.o
                0x0000000008001214                green_blink
 .text.red_blink
                0x0000000008001244       0x38 ./Core/Src/task.o
                0x0000000008001244                red_blink
 .text.yellow_blink
                0x000000000800127c       0x48 ./Core/Src/task.o
                0x000000000800127c                yellow_blink
 .text.red1_on  0x00000000080012c4       0x28 ./Core/Src/task.o
                0x00000000080012c4                red1_on
 .text.red2_on  0x00000000080012ec       0x20 ./Core/Src/task.o
                0x00000000080012ec                red2_on
 .text.green1_on
                0x000000000800130c       0x28 ./Core/Src/task.o
                0x000000000800130c                green1_on
 .text.green2_on
                0x0000000008001334       0x20 ./Core/Src/task.o
                0x0000000008001334                green2_on
 .text.yellow1_on
                0x0000000008001354       0x28 ./Core/Src/task.o
                0x0000000008001354                yellow1_on
 .text.yellow2_on
                0x000000000800137c       0x20 ./Core/Src/task.o
                0x000000000800137c                yellow2_on
 .text.green_pedes_on
                0x000000000800139c       0x28 ./Core/Src/task.o
                0x000000000800139c                green_pedes_on
 .text.turn_all_led_off
                0x00000000080013c4       0x3c ./Core/Src/task.o
                0x00000000080013c4                turn_all_led_off
 .text.UART_Parse
                0x0000000008001400       0x3c ./Core/Src/task.o
                0x0000000008001400                UART_Parse
 .text.Reset_Handler
                0x000000000800143c       0x48 ./Core/Startup/startup_stm32f103rbtx.o
                0x000000000800143c                Reset_Handler
 .text.Default_Handler
                0x0000000008001484        0x2 ./Core/Startup/startup_stm32f103rbtx.o
                0x0000000008001484                RTC_Alarm_IRQHandler
                0x0000000008001484                EXTI2_IRQHandler
                0x0000000008001484                TIM1_CC_IRQHandler
                0x0000000008001484                PVD_IRQHandler
                0x0000000008001484                EXTI3_IRQHandler
                0x0000000008001484                EXTI0_IRQHandler
                0x0000000008001484                I2C2_EV_IRQHandler
                0x0000000008001484                ADC1_2_IRQHandler
                0x0000000008001484                SPI1_IRQHandler
                0x0000000008001484                TAMPER_IRQHandler
                0x0000000008001484                DMA1_Channel4_IRQHandler
                0x0000000008001484                USART3_IRQHandler
                0x0000000008001484                RTC_IRQHandler
                0x0000000008001484                DMA1_Channel7_IRQHandler
                0x0000000008001484                CAN1_RX1_IRQHandler
                0x0000000008001484                TIM4_IRQHandler
                0x0000000008001484                I2C1_EV_IRQHandler
                0x0000000008001484                DMA1_Channel6_IRQHandler
                0x0000000008001484                RCC_IRQHandler
                0x0000000008001484                TIM1_TRG_COM_IRQHandler
                0x0000000008001484                DMA1_Channel1_IRQHandler
                0x0000000008001484                Default_Handler
                0x0000000008001484                EXTI15_10_IRQHandler
                0x0000000008001484                EXTI9_5_IRQHandler
                0x0000000008001484                SPI2_IRQHandler
                0x0000000008001484                DMA1_Channel5_IRQHandler
                0x0000000008001484                EXTI4_IRQHandler
                0x0000000008001484                USB_LP_CAN1_RX0_IRQHandler
                0x0000000008001484                USB_HP_CAN1_TX_IRQHandler
                0x0000000008001484                DMA1_Channel3_IRQHandler
                0x0000000008001484                TIM1_UP_IRQHandler
                0x0000000008001484                WWDG_IRQHandler
                0x0000000008001484                TIM1_BRK_IRQHandler
                0x0000000008001484                EXTI1_IRQHandler
                0x0000000008001484                I2C2_ER_IRQHandler
                0x0000000008001484                DMA1_Channel2_IRQHandler
                0x0000000008001484                CAN1_SCE_IRQHandler
                0x0000000008001484                FLASH_IRQHandler
                0x0000000008001484                USART1_IRQHandler
                0x0000000008001484                I2C1_ER_IRQHandler
                0x0000000008001484                USBWakeUp_IRQHandler
 *fill*         0x0000000008001486        0x2 
 .text.HAL_Init
                0x0000000008001488       0x2c ./Drivers/STM32F1xx_HAL_Driver/Src/stm32f1xx_hal.o
                0x0000000008001488                HAL_Init
 .text.HAL_InitTick
                0x00000000080014b4       0x60 ./Drivers/STM32F1xx_HAL_Driver/Src/stm32f1xx_hal.o
                0x00000000080014b4                HAL_InitTick
 .text.HAL_IncTick
                0x0000000008001514       0x24 ./Drivers/STM32F1xx_HAL_Driver/Src/stm32f1xx_hal.o
                0x0000000008001514                HAL_IncTick
 .text.HAL_GetTick
                0x0000000008001538       0x14 ./Drivers/STM32F1xx_HAL_Driver/Src/stm32f1xx_hal.o
                0x0000000008001538                HAL_GetTick
 .text.__NVIC_SetPriorityGrouping
                0x000000000800154c       0x48 ./Drivers/STM32F1xx_HAL_Driver/Src/stm32f1xx_hal_cortex.o
 .text.__NVIC_GetPriorityGrouping
                0x0000000008001594       0x1c ./Drivers/STM32F1xx_HAL_Driver/Src/stm32f1xx_hal_cortex.o
 .text.__NVIC_EnableIRQ
                0x00000000080015b0       0x38 ./Drivers/STM32F1xx_HAL_Driver/Src/stm32f1xx_hal_cortex.o
 .text.__NVIC_SetPriority
                0x00000000080015e8       0x54 ./Drivers/STM32F1xx_HAL_Driver/Src/stm32f1xx_hal_cortex.o
 .text.NVIC_EncodePriority
                0x000000000800163c       0x64 ./Drivers/STM32F1xx_HAL_Driver/Src/stm32f1xx_hal_cortex.o
 .text.SysTick_Config
                0x00000000080016a0       0x44 ./Drivers/STM32F1xx_HAL_Driver/Src/stm32f1xx_hal_cortex.o
 .text.HAL_NVIC_SetPriorityGrouping
                0x00000000080016e4       0x16 ./Drivers/STM32F1xx_HAL_Driver/Src/stm32f1xx_hal_cortex.o
                0x00000000080016e4                HAL_NVIC_SetPriorityGrouping
 .text.HAL_NVIC_SetPriority
                0x00000000080016fa       0x38 ./Drivers/STM32F1xx_HAL_Driver/Src/stm32f1xx_hal_cortex.o
                0x00000000080016fa                HAL_NVIC_SetPriority
 .text.HAL_NVIC_EnableIRQ
                0x0000000008001732       0x1c ./Drivers/STM32F1xx_HAL_Driver/Src/stm32f1xx_hal_cortex.o
                0x0000000008001732                HAL_NVIC_EnableIRQ
 .text.HAL_SYSTICK_Config
                0x000000000800174e       0x18 ./Drivers/STM32F1xx_HAL_Driver/Src/stm32f1xx_hal_cortex.o
                0x000000000800174e                HAL_SYSTICK_Config
 .text.HAL_DMA_Abort
                0x0000000008001766       0x74 ./Drivers/STM32F1xx_HAL_Driver/Src/stm32f1xx_hal_dma.o
                0x0000000008001766                HAL_DMA_Abort
 *fill*         0x00000000080017da        0x2 
 .text.HAL_DMA_Abort_IT
                0x00000000080017dc       0xec ./Drivers/STM32F1xx_HAL_Driver/Src/stm32f1xx_hal_dma.o
                0x00000000080017dc                HAL_DMA_Abort_IT
 .text.HAL_GPIO_Init
                0x00000000080018c8      0x308 ./Drivers/STM32F1xx_HAL_Driver/Src/stm32f1xx_hal_gpio.o
                0x00000000080018c8                HAL_GPIO_Init
 .text.HAL_GPIO_ReadPin
                0x0000000008001bd0       0x2e ./Drivers/STM32F1xx_HAL_Driver/Src/stm32f1xx_hal_gpio.o
                0x0000000008001bd0                HAL_GPIO_ReadPin
 .text.HAL_GPIO_WritePin
                0x0000000008001bfe       0x30 ./Drivers/STM32F1xx_HAL_Driver/Src/stm32f1xx_hal_gpio.o
                0x0000000008001bfe                HAL_GPIO_WritePin
 .text.HAL_GPIO_TogglePin
                0x0000000008001c2e       0x32 ./Drivers/STM32F1xx_HAL_Driver/Src/stm32f1xx_hal_gpio.o
                0x0000000008001c2e                HAL_GPIO_TogglePin
 .text.HAL_RCC_OscConfig
                0x0000000008001c60      0x504 ./Drivers/STM32F1xx_HAL_Driver/Src/stm32f1xx_hal_rcc.o
                0x0000000008001c60                HAL_RCC_OscConfig
 .text.HAL_RCC_ClockConfig
                0x0000000008002164      0x1d4 ./Drivers/STM32F1xx_HAL_Driver/Src/stm32f1xx_hal_rcc.o
                0x0000000008002164                HAL_RCC_ClockConfig
 .text.HAL_RCC_GetSysClockFreq
                0x0000000008002338       0xbc ./Drivers/STM32F1xx_HAL_Driver/Src/stm32f1xx_hal_rcc.o
                0x0000000008002338                HAL_RCC_GetSysClockFreq
 .text.HAL_RCC_GetHCLKFreq
                0x00000000080023f4       0x14 ./Drivers/STM32F1xx_HAL_Driver/Src/stm32f1xx_hal_rcc.o
                0x00000000080023f4                HAL_RCC_GetHCLKFreq
 .text.HAL_RCC_GetPCLK1Freq
                0x0000000008002408       0x28 ./Drivers/STM32F1xx_HAL_Driver/Src/stm32f1xx_hal_rcc.o
                0x0000000008002408                HAL_RCC_GetPCLK1Freq
 .text.HAL_RCC_GetPCLK2Freq
                0x0000000008002430       0x28 ./Drivers/STM32F1xx_HAL_Driver/Src/stm32f1xx_hal_rcc.o
                0x0000000008002430                HAL_RCC_GetPCLK2Freq
 .text.RCC_Delay
                0x0000000008002458       0x3c ./Drivers/STM32F1xx_HAL_Driver/Src/stm32f1xx_hal_rcc.o
 .text.HAL_TIM_Base_Init
                0x0000000008002494       0x9e ./Drivers/STM32F1xx_HAL_Driver/Src/stm32f1xx_hal_tim.o
                0x0000000008002494                HAL_TIM_Base_Init
 *fill*         0x0000000008002532        0x2 
 .text.HAL_TIM_Base_Start_IT
                0x0000000008002534       0xa4 ./Drivers/STM32F1xx_HAL_Driver/Src/stm32f1xx_hal_tim.o
                0x0000000008002534                HAL_TIM_Base_Start_IT
 .text.HAL_TIM_PWM_Init
                0x00000000080025d8       0x9e ./Drivers/STM32F1xx_HAL_Driver/Src/stm32f1xx_hal_tim.o
                0x00000000080025d8                HAL_TIM_PWM_Init
 .text.HAL_TIM_PWM_MspInit
                0x0000000008002676       0x12 ./Drivers/STM32F1xx_HAL_Driver/Src/stm32f1xx_hal_tim.o
                0x0000000008002676                HAL_TIM_PWM_MspInit
 .text.HAL_TIM_PWM_Start
                0x0000000008002688      0x144 ./Drivers/STM32F1xx_HAL_Driver/Src/stm32f1xx_hal_tim.o
                0x0000000008002688                HAL_TIM_PWM_Start
 .text.HAL_TIM_IRQHandler
                0x00000000080027cc      0x210 ./Drivers/STM32F1xx_HAL_Driver/Src/stm32f1xx_hal_tim.o
                0x00000000080027cc                HAL_TIM_IRQHandler
 .text.HAL_TIM_PWM_ConfigChannel
                0x00000000080029dc      0x17c ./Drivers/STM32F1xx_HAL_Driver/Src/stm32f1xx_hal_tim.o
                0x00000000080029dc                HAL_TIM_PWM_ConfigChannel
 .text.HAL_TIM_ConfigClockSource
                0x0000000008002b58      0x188 ./Drivers/STM32F1xx_HAL_Driver/Src/stm32f1xx_hal_tim.o
                0x0000000008002b58                HAL_TIM_ConfigClockSource
 .text.HAL_TIM_OC_DelayElapsedCallback
                0x0000000008002ce0       0x12 ./Drivers/STM32F1xx_HAL_Driver/Src/stm32f1xx_hal_tim.o
                0x0000000008002ce0                HAL_TIM_OC_DelayElapsedCallback
 .text.HAL_TIM_IC_CaptureCallback
                0x0000000008002cf2       0x12 ./Drivers/STM32F1xx_HAL_Driver/Src/stm32f1xx_hal_tim.o
                0x0000000008002cf2                HAL_TIM_IC_CaptureCallback
 .text.HAL_TIM_PWM_PulseFinishedCallback
                0x0000000008002d04       0x12 ./Drivers/STM32F1xx_HAL_Driver/Src/stm32f1xx_hal_tim.o
                0x0000000008002d04                HAL_TIM_PWM_PulseFinishedCallback
 .text.HAL_TIM_TriggerCallback
                0x0000000008002d16       0x12 ./Drivers/STM32F1xx_HAL_Driver/Src/stm32f1xx_hal_tim.o
                0x0000000008002d16                HAL_TIM_TriggerCallback
 .text.TIM_Base_SetConfig
                0x0000000008002d28       0xc4 ./Drivers/STM32F1xx_HAL_Driver/Src/stm32f1xx_hal_tim.o
                0x0000000008002d28                TIM_Base_SetConfig
 .text.TIM_OC1_SetConfig
                0x0000000008002dec       0xcc ./Drivers/STM32F1xx_HAL_Driver/Src/stm32f1xx_hal_tim.o
 .text.TIM_OC2_SetConfig
                0x0000000008002eb8       0xd4 ./Drivers/STM32F1xx_HAL_Driver/Src/stm32f1xx_hal_tim.o
                0x0000000008002eb8                TIM_OC2_SetConfig
 .text.TIM_OC3_SetConfig
                0x0000000008002f8c       0xd4 ./Drivers/STM32F1xx_HAL_Driver/Src/stm32f1xx_hal_tim.o
 .text.TIM_OC4_SetConfig
                0x0000000008003060       0x9c ./Drivers/STM32F1xx_HAL_Driver/Src/stm32f1xx_hal_tim.o
 .text.TIM_TI1_ConfigInputStage
                0x00000000080030fc       0x5c ./Drivers/STM32F1xx_HAL_Driver/Src/stm32f1xx_hal_tim.o
 .text.TIM_TI2_ConfigInputStage
                0x0000000008003158       0x5e ./Drivers/STM32F1xx_HAL_Driver/Src/stm32f1xx_hal_tim.o
 .text.TIM_ITRx_SetConfig
                0x00000000080031b6       0x34 ./Drivers/STM32F1xx_HAL_Driver/Src/stm32f1xx_hal_tim.o
 .text.TIM_ETR_SetConfig
                0x00000000080031ea       0x3e ./Drivers/STM32F1xx_HAL_Driver/Src/stm32f1xx_hal_tim.o
                0x00000000080031ea                TIM_ETR_SetConfig
 .text.TIM_CCxChannelCmd
                0x0000000008003228       0x48 ./Drivers/STM32F1xx_HAL_Driver/Src/stm32f1xx_hal_tim.o
                0x0000000008003228                TIM_CCxChannelCmd
 .text.HAL_TIMEx_MasterConfigSynchronization
                0x0000000008003270       0xbc ./Drivers/STM32F1xx_HAL_Driver/Src/stm32f1xx_hal_tim_ex.o
                0x0000000008003270                HAL_TIMEx_MasterConfigSynchronization
 .text.HAL_TIMEx_CommutCallback
                0x000000000800332c       0x12 ./Drivers/STM32F1xx_HAL_Driver/Src/stm32f1xx_hal_tim_ex.o
                0x000000000800332c                HAL_TIMEx_CommutCallback
 .text.HAL_TIMEx_BreakCallback
                0x000000000800333e       0x12 ./Drivers/STM32F1xx_HAL_Driver/Src/stm32f1xx_hal_tim_ex.o
                0x000000000800333e                HAL_TIMEx_BreakCallback
 .text.HAL_UART_Init
                0x0000000008003350       0x9a ./Drivers/STM32F1xx_HAL_Driver/Src/stm32f1xx_hal_uart.o
                0x0000000008003350                HAL_UART_Init
 .text.HAL_UART_Transmit
                0x00000000080033ea      0x124 ./Drivers/STM32F1xx_HAL_Driver/Src/stm32f1xx_hal_uart.o
                0x00000000080033ea                HAL_UART_Transmit
 *fill*         0x000000000800350e        0x2 
 .text.HAL_UART_IRQHandler
                0x0000000008003510      0x354 ./Drivers/STM32F1xx_HAL_Driver/Src/stm32f1xx_hal_uart.o
                0x0000000008003510                HAL_UART_IRQHandler
 .text.HAL_UART_TxCpltCallback
                0x0000000008003864       0x12 ./Drivers/STM32F1xx_HAL_Driver/Src/stm32f1xx_hal_uart.o
                0x0000000008003864                HAL_UART_TxCpltCallback
 .text.HAL_UART_RxCpltCallback
                0x0000000008003876       0x12 ./Drivers/STM32F1xx_HAL_Driver/Src/stm32f1xx_hal_uart.o
                0x0000000008003876                HAL_UART_RxCpltCallback
 .text.HAL_UART_ErrorCallback
                0x0000000008003888       0x12 ./Drivers/STM32F1xx_HAL_Driver/Src/stm32f1xx_hal_uart.o
                0x0000000008003888                HAL_UART_ErrorCallback
 .text.HAL_UARTEx_RxEventCallback
                0x000000000800389a       0x16 ./Drivers/STM32F1xx_HAL_Driver/Src/stm32f1xx_hal_uart.o
                0x000000000800389a                HAL_UARTEx_RxEventCallback
 .text.UART_WaitOnFlagUntilTimeout
                0x00000000080038b0       0x94 ./Drivers/STM32F1xx_HAL_Driver/Src/stm32f1xx_hal_uart.o
 .text.UART_EndRxTransfer
                0x0000000008003944       0x58 ./Drivers/STM32F1xx_HAL_Driver/Src/stm32f1xx_hal_uart.o
 .text.UART_DMAAbortOnError
                0x000000000800399c       0x28 ./Drivers/STM32F1xx_HAL_Driver/Src/stm32f1xx_hal_uart.o
 .text.UART_Transmit_IT
                0x00000000080039c4       0x9e ./Drivers/STM32F1xx_HAL_Driver/Src/stm32f1xx_hal_uart.o
 .text.UART_EndTransmit_IT
                0x0000000008003a62       0x30 ./Drivers/STM32F1xx_HAL_Driver/Src/stm32f1xx_hal_uart.o
 .text.UART_Receive_IT
                0x0000000008003a92      0x152 ./Drivers/STM32F1xx_HAL_Driver/Src/stm32f1xx_hal_uart.o
 .text.UART_SetConfig
                0x0000000008003be4      0x11c ./Drivers/STM32F1xx_HAL_Driver/Src/stm32f1xx_hal_uart.o
 .text.__errno  0x0000000008003d00        0xc c:/st/stm32cubeide_1.7.0/stm32cubeide/plugins/com.st.stm32cube.ide.mcu.externaltools.gnu-tools-for-stm32.10.3-2021.10.win32_1.0.0.202111181127/tools/bin/../lib/gcc/arm-none-eabi/10.3.1/../../../../arm-none-eabi/lib/thumb/v7-m/nofp\libc_nano.a(lib_a-errno.o)
                0x0000000008003d00                __errno
 .text.__libc_init_array
                0x0000000008003d0c       0x48 c:/st/stm32cubeide_1.7.0/stm32cubeide/plugins/com.st.stm32cube.ide.mcu.externaltools.gnu-tools-for-stm32.10.3-2021.10.win32_1.0.0.202111181127/tools/bin/../lib/gcc/arm-none-eabi/10.3.1/../../../../arm-none-eabi/lib/thumb/v7-m/nofp\libc_nano.a(lib_a-init.o)
                0x0000000008003d0c                __libc_init_array
 .text.memset   0x0000000008003d54       0x10 c:/st/stm32cubeide_1.7.0/stm32cubeide/plugins/com.st.stm32cube.ide.mcu.externaltools.gnu-tools-for-stm32.10.3-2021.10.win32_1.0.0.202111181127/tools/bin/../lib/gcc/arm-none-eabi/10.3.1/../../../../arm-none-eabi/lib/thumb/v7-m/nofp\libc_nano.a(lib_a-memset.o)
                0x0000000008003d54                memset
 .text.sprintf  0x0000000008003d64       0x40 c:/st/stm32cubeide_1.7.0/stm32cubeide/plugins/com.st.stm32cube.ide.mcu.externaltools.gnu-tools-for-stm32.10.3-2021.10.win32_1.0.0.202111181127/tools/bin/../lib/gcc/arm-none-eabi/10.3.1/../../../../arm-none-eabi/lib/thumb/v7-m/nofp\libc_nano.a(lib_a-sprintf.o)
                0x0000000008003d64                siprintf
                0x0000000008003d64                sprintf
 .text.__ssputs_r
                0x0000000008003da4       0xb6 c:/st/stm32cubeide_1.7.0/stm32cubeide/plugins/com.st.stm32cube.ide.mcu.externaltools.gnu-tools-for-stm32.10.3-2021.10.win32_1.0.0.202111181127/tools/bin/../lib/gcc/arm-none-eabi/10.3.1/../../../../arm-none-eabi/lib/thumb/v7-m/nofp\libc_nano.a(lib_a-nano-svfprintf.o)
                0x0000000008003da4                __ssputs_r
 *fill*         0x0000000008003e5a        0x2 
 .text._svfprintf_r
                0x0000000008003e5c      0x200 c:/st/stm32cubeide_1.7.0/stm32cubeide/plugins/com.st.stm32cube.ide.mcu.externaltools.gnu-tools-for-stm32.10.3-2021.10.win32_1.0.0.202111181127/tools/bin/../lib/gcc/arm-none-eabi/10.3.1/../../../../arm-none-eabi/lib/thumb/v7-m/nofp\libc_nano.a(lib_a-nano-svfprintf.o)
                0x0000000008003e5c                _svfiprintf_r
                0x0000000008003e5c                _svfprintf_r
 .text._printf_common
                0x000000000800405c       0xde c:/st/stm32cubeide_1.7.0/stm32cubeide/plugins/com.st.stm32cube.ide.mcu.externaltools.gnu-tools-for-stm32.10.3-2021.10.win32_1.0.0.202111181127/tools/bin/../lib/gcc/arm-none-eabi/10.3.1/../../../../arm-none-eabi/lib/thumb/v7-m/nofp\libc_nano.a(lib_a-nano-vfprintf_i.o)
                0x000000000800405c                _printf_common
 *fill*         0x000000000800413a        0x2 
 .text._printf_i
                0x000000000800413c      0x24c c:/st/stm32cubeide_1.7.0/stm32cubeide/plugins/com.st.stm32cube.ide.mcu.externaltools.gnu-tools-for-stm32.10.3-2021.10.win32_1.0.0.202111181127/tools/bin/../lib/gcc/arm-none-eabi/10.3.1/../../../../arm-none-eabi/lib/thumb/v7-m/nofp\libc_nano.a(lib_a-nano-vfprintf_i.o)
                0x000000000800413c                _printf_i
 .text.memchr   0x0000000008004388       0x1c c:/st/stm32cubeide_1.7.0/stm32cubeide/plugins/com.st.stm32cube.ide.mcu.externaltools.gnu-tools-for-stm32.10.3-2021.10.win32_1.0.0.202111181127/tools/bin/../lib/gcc/arm-none-eabi/10.3.1/../../../../arm-none-eabi/lib/thumb/v7-m/nofp\libc_nano.a(lib_a-memchr-stub.o)
                0x0000000008004388                memchr
 .text.memcpy   0x00000000080043a4       0x1c c:/st/stm32cubeide_1.7.0/stm32cubeide/plugins/com.st.stm32cube.ide.mcu.externaltools.gnu-tools-for-stm32.10.3-2021.10.win32_1.0.0.202111181127/tools/bin/../lib/gcc/arm-none-eabi/10.3.1/../../../../arm-none-eabi/lib/thumb/v7-m/nofp\libc_nano.a(lib_a-memcpy-stub.o)
                0x00000000080043a4                memcpy
 .text.memmove  0x00000000080043c0       0x34 c:/st/stm32cubeide_1.7.0/stm32cubeide/plugins/com.st.stm32cube.ide.mcu.externaltools.gnu-tools-for-stm32.10.3-2021.10.win32_1.0.0.202111181127/tools/bin/../lib/gcc/arm-none-eabi/10.3.1/../../../../arm-none-eabi/lib/thumb/v7-m/nofp\libc_nano.a(lib_a-memmove.o)
                0x00000000080043c0                memmove
 .text._free_r  0x00000000080043f4       0x90 c:/st/stm32cubeide_1.7.0/stm32cubeide/plugins/com.st.stm32cube.ide.mcu.externaltools.gnu-tools-for-stm32.10.3-2021.10.win32_1.0.0.202111181127/tools/bin/../lib/gcc/arm-none-eabi/10.3.1/../../../../arm-none-eabi/lib/thumb/v7-m/nofp\libc_nano.a(lib_a-nano-freer.o)
                0x00000000080043f4                _free_r
 .text.sbrk_aligned
                0x0000000008004484       0x40 c:/st/stm32cubeide_1.7.0/stm32cubeide/plugins/com.st.stm32cube.ide.mcu.externaltools.gnu-tools-for-stm32.10.3-2021.10.win32_1.0.0.202111181127/tools/bin/../lib/gcc/arm-none-eabi/10.3.1/../../../../arm-none-eabi/lib/thumb/v7-m/nofp\libc_nano.a(lib_a-nano-mallocr.o)
 .text._malloc_r
                0x00000000080044c4       0xe8 c:/st/stm32cubeide_1.7.0/stm32cubeide/plugins/com.st.stm32cube.ide.mcu.externaltools.gnu-tools-for-stm32.10.3-2021.10.win32_1.0.0.202111181127/tools/bin/../lib/gcc/arm-none-eabi/10.3.1/../../../../arm-none-eabi/lib/thumb/v7-m/nofp\libc_nano.a(lib_a-nano-mallocr.o)
                0x00000000080044c4                _malloc_r
 .text._realloc_r
                0x00000000080045ac       0x5e c:/st/stm32cubeide_1.7.0/stm32cubeide/plugins/com.st.stm32cube.ide.mcu.externaltools.gnu-tools-for-stm32.10.3-2021.10.win32_1.0.0.202111181127/tools/bin/../lib/gcc/arm-none-eabi/10.3.1/../../../../arm-none-eabi/lib/thumb/v7-m/nofp\libc_nano.a(lib_a-nano-reallocr.o)
                0x00000000080045ac                _realloc_r
 *fill*         0x000000000800460a        0x2 
 .text._sbrk_r  0x000000000800460c       0x20 c:/st/stm32cubeide_1.7.0/stm32cubeide/plugins/com.st.stm32cube.ide.mcu.externaltools.gnu-tools-for-stm32.10.3-2021.10.win32_1.0.0.202111181127/tools/bin/../lib/gcc/arm-none-eabi/10.3.1/../../../../arm-none-eabi/lib/thumb/v7-m/nofp\libc_nano.a(lib_a-sbrkr.o)
                0x000000000800460c                _sbrk_r
 .text.__malloc_lock
                0x000000000800462c        0xc c:/st/stm32cubeide_1.7.0/stm32cubeide/plugins/com.st.stm32cube.ide.mcu.externaltools.gnu-tools-for-stm32.10.3-2021.10.win32_1.0.0.202111181127/tools/bin/../lib/gcc/arm-none-eabi/10.3.1/../../../../arm-none-eabi/lib/thumb/v7-m/nofp\libc_nano.a(lib_a-mlock.o)
                0x000000000800462c                __malloc_lock
 .text.__malloc_unlock
                0x0000000008004638        0xc c:/st/stm32cubeide_1.7.0/stm32cubeide/plugins/com.st.stm32cube.ide.mcu.externaltools.gnu-tools-for-stm32.10.3-2021.10.win32_1.0.0.202111181127/tools/bin/../lib/gcc/arm-none-eabi/10.3.1/../../../../arm-none-eabi/lib/thumb/v7-m/nofp\libc_nano.a(lib_a-mlock.o)
                0x0000000008004638                __malloc_unlock
 .text._malloc_usable_size_r
                0x0000000008004644       0x10 c:/st/stm32cubeide_1.7.0/stm32cubeide/plugins/com.st.stm32cube.ide.mcu.externaltools.gnu-tools-for-stm32.10.3-2021.10.win32_1.0.0.202111181127/tools/bin/../lib/gcc/arm-none-eabi/10.3.1/../../../../arm-none-eabi/lib/thumb/v7-m/nofp\libc_nano.a(lib_a-nano-msizer.o)
                0x0000000008004644                _malloc_usable_size_r
 .text.__retarget_lock_acquire_recursive
                0x0000000008004654        0x2 c:/st/stm32cubeide_1.7.0/stm32cubeide/plugins/com.st.stm32cube.ide.mcu.externaltools.gnu-tools-for-stm32.10.3-2021.10.win32_1.0.0.202111181127/tools/bin/../lib/gcc/arm-none-eabi/10.3.1/../../../../arm-none-eabi/lib/thumb/v7-m/nofp\libc_nano.a(lib_a-lock.o)
                0x0000000008004654                __retarget_lock_acquire_recursive
 .text.__retarget_lock_release_recursive
                0x0000000008004656        0x2 c:/st/stm32cubeide_1.7.0/stm32cubeide/plugins/com.st.stm32cube.ide.mcu.externaltools.gnu-tools-for-stm32.10.3-2021.10.win32_1.0.0.202111181127/tools/bin/../lib/gcc/arm-none-eabi/10.3.1/../../../../arm-none-eabi/lib/thumb/v7-m/nofp\libc_nano.a(lib_a-lock.o)
                0x0000000008004656                __retarget_lock_release_recursive
 *(.glue_7)
 .glue_7        0x0000000008004658        0x0 linker stubs
 *(.glue_7t)
 .glue_7t       0x0000000008004658        0x0 linker stubs
 *(.eh_frame)
 .eh_frame      0x0000000008004658        0x0 c:/st/stm32cubeide_1.7.0/stm32cubeide/plugins/com.st.stm32cube.ide.mcu.externaltools.gnu-tools-for-stm32.10.3-2021.10.win32_1.0.0.202111181127/tools/bin/../lib/gcc/arm-none-eabi/10.3.1/thumb/v7-m/nofp/crtbegin.o
 *(.init)
 .init          0x0000000008004658        0x4 c:/st/stm32cubeide_1.7.0/stm32cubeide/plugins/com.st.stm32cube.ide.mcu.externaltools.gnu-tools-for-stm32.10.3-2021.10.win32_1.0.0.202111181127/tools/bin/../lib/gcc/arm-none-eabi/10.3.1/thumb/v7-m/nofp/crti.o
                0x0000000008004658                _init
 .init          0x000000000800465c        0x8 c:/st/stm32cubeide_1.7.0/stm32cubeide/plugins/com.st.stm32cube.ide.mcu.externaltools.gnu-tools-for-stm32.10.3-2021.10.win32_1.0.0.202111181127/tools/bin/../lib/gcc/arm-none-eabi/10.3.1/thumb/v7-m/nofp/crtn.o
 *(.fini)
 .fini          0x0000000008004664        0x4 c:/st/stm32cubeide_1.7.0/stm32cubeide/plugins/com.st.stm32cube.ide.mcu.externaltools.gnu-tools-for-stm32.10.3-2021.10.win32_1.0.0.202111181127/tools/bin/../lib/gcc/arm-none-eabi/10.3.1/thumb/v7-m/nofp/crti.o
                0x0000000008004664                _fini
 .fini          0x0000000008004668        0x8 c:/st/stm32cubeide_1.7.0/stm32cubeide/plugins/com.st.stm32cube.ide.mcu.externaltools.gnu-tools-for-stm32.10.3-2021.10.win32_1.0.0.202111181127/tools/bin/../lib/gcc/arm-none-eabi/10.3.1/thumb/v7-m/nofp/crtn.o
                0x0000000008004670                . = ALIGN (0x4)
                0x0000000008004670                _etext = .

.vfp11_veneer   0x0000000008004670        0x0
 .vfp11_veneer  0x0000000008004670        0x0 linker stubs

.v4_bx          0x0000000008004670        0x0
 .v4_bx         0x0000000008004670        0x0 linker stubs

.iplt           0x0000000008004670        0x0
 .iplt          0x0000000008004670        0x0 c:/st/stm32cubeide_1.7.0/stm32cubeide/plugins/com.st.stm32cube.ide.mcu.externaltools.gnu-tools-for-stm32.10.3-2021.10.win32_1.0.0.202111181127/tools/bin/../lib/gcc/arm-none-eabi/10.3.1/thumb/v7-m/nofp/crtbegin.o

.rodata         0x0000000008004670       0x6c
                0x0000000008004670                . = ALIGN (0x4)
 *(.rodata)
 .rodata        0x0000000008004670        0xd ./Core/Src/task.o
 *fill*         0x000000000800467d        0x3 
 .rodata        0x0000000008004680       0x10 ./Drivers/STM32F1xx_HAL_Driver/Src/stm32f1xx_hal_rcc.o
 *(.rodata*)
 .rodata.AHBPrescTable
                0x0000000008004690       0x10 ./Core/Src/system_stm32f1xx.o
                0x0000000008004690                AHBPrescTable
 .rodata.APBPrescTable
                0x00000000080046a0        0x8 ./Core/Src/system_stm32f1xx.o
                0x00000000080046a0                APBPrescTable
 .rodata._svfprintf_r.str1.1
                0x00000000080046a8       0x11 c:/st/stm32cubeide_1.7.0/stm32cubeide/plugins/com.st.stm32cube.ide.mcu.externaltools.gnu-tools-for-stm32.10.3-2021.10.win32_1.0.0.202111181127/tools/bin/../lib/gcc/arm-none-eabi/10.3.1/../../../../arm-none-eabi/lib/thumb/v7-m/nofp\libc_nano.a(lib_a-nano-svfprintf.o)
 .rodata._printf_i.str1.1
                0x00000000080046b9       0x22 c:/st/stm32cubeide_1.7.0/stm32cubeide/plugins/com.st.stm32cube.ide.mcu.externaltools.gnu-tools-for-stm32.10.3-2021.10.win32_1.0.0.202111181127/tools/bin/../lib/gcc/arm-none-eabi/10.3.1/../../../../arm-none-eabi/lib/thumb/v7-m/nofp\libc_nano.a(lib_a-nano-vfprintf_i.o)
                0x00000000080046dc                . = ALIGN (0x4)
 *fill*         0x00000000080046db        0x1 

.rel.dyn        0x00000000080046dc        0x0
 .rel.iplt      0x00000000080046dc        0x0 c:/st/stm32cubeide_1.7.0/stm32cubeide/plugins/com.st.stm32cube.ide.mcu.externaltools.gnu-tools-for-stm32.10.3-2021.10.win32_1.0.0.202111181127/tools/bin/../lib/gcc/arm-none-eabi/10.3.1/thumb/v7-m/nofp/crtbegin.o

.ARM.extab      0x00000000080046dc        0x0
                0x00000000080046dc                . = ALIGN (0x4)
 *(.ARM.extab* .gnu.linkonce.armextab.*)
                0x00000000080046dc                . = ALIGN (0x4)

.ARM            0x00000000080046dc        0x0
                0x00000000080046dc                . = ALIGN (0x4)
                0x00000000080046dc                __exidx_start = .
 *(.ARM.exidx*)
                0x00000000080046dc                __exidx_end = .
                0x00000000080046dc                . = ALIGN (0x4)

.preinit_array  0x00000000080046dc        0x0
                0x00000000080046dc                . = ALIGN (0x4)
                0x00000000080046dc                PROVIDE (__preinit_array_start = .)
 *(.preinit_array*)
                0x00000000080046dc                PROVIDE (__preinit_array_end = .)
                0x00000000080046dc                . = ALIGN (0x4)

.init_array     0x00000000080046dc        0x4
                0x00000000080046dc                . = ALIGN (0x4)
                0x00000000080046dc                PROVIDE (__init_array_start = .)
 *(SORT_BY_NAME(.init_array.*))
 *(.init_array*)
 .init_array    0x00000000080046dc        0x4 c:/st/stm32cubeide_1.7.0/stm32cubeide/plugins/com.st.stm32cube.ide.mcu.externaltools.gnu-tools-for-stm32.10.3-2021.10.win32_1.0.0.202111181127/tools/bin/../lib/gcc/arm-none-eabi/10.3.1/thumb/v7-m/nofp/crtbegin.o
                0x00000000080046e0                PROVIDE (__init_array_end = .)
                0x00000000080046e0                . = ALIGN (0x4)

.fini_array     0x00000000080046e0        0x4
                0x00000000080046e0                . = ALIGN (0x4)
                [!provide]                        PROVIDE (__fini_array_start = .)
 *(SORT_BY_NAME(.fini_array.*))
 *(.fini_array*)
 .fini_array    0x00000000080046e0        0x4 c:/st/stm32cubeide_1.7.0/stm32cubeide/plugins/com.st.stm32cube.ide.mcu.externaltools.gnu-tools-for-stm32.10.3-2021.10.win32_1.0.0.202111181127/tools/bin/../lib/gcc/arm-none-eabi/10.3.1/thumb/v7-m/nofp/crtbegin.o
                [!provide]                        PROVIDE (__fini_array_end = .)
                0x00000000080046e4                . = ALIGN (0x4)
                0x00000000080046e4                _sidata = LOADADDR (.data)

.data           0x0000000020000000       0x94 load address 0x00000000080046e4
                0x0000000020000000                . = ALIGN (0x4)
                0x0000000020000000                _sdata = .
 *(.data)
 *(.data*)
 .data.value    0x0000000020000000        0x8 ./Core/Src/buzzer.o
                0x0000000020000000                value
 .data.delay    0x0000000020000008        0x4 ./Core/Src/buzzer.o
                0x0000000020000008                delay
 .data.red_time
                0x000000002000000c        0x4 ./Core/Src/global.o
                0x000000002000000c                red_time
 .data.green_time
                0x0000000020000010        0x4 ./Core/Src/global.o
                0x0000000020000010                green_time
 .data.yellow_time
                0x0000000020000014        0x4 ./Core/Src/global.o
                0x0000000020000014                yellow_time
 .data.temp_red_time
                0x0000000020000018        0x4 ./Core/Src/global.o
                0x0000000020000018                temp_red_time
 .data.temp_green_time
                0x000000002000001c        0x4 ./Core/Src/global.o
                0x000000002000001c                temp_green_time
 .data.temp_yellow_time
                0x0000000020000020        0x4 ./Core/Src/global.o
                0x0000000020000020                temp_yellow_time
 .data.SystemCoreClock
                0x0000000020000024        0x4 ./Core/Src/system_stm32f1xx.o
                0x0000000020000024                SystemCoreClock
 .data.uwTickPrio
                0x0000000020000028        0x4 ./Drivers/STM32F1xx_HAL_Driver/Src/stm32f1xx_hal.o
                0x0000000020000028                uwTickPrio
 .data.uwTickFreq
                0x000000002000002c        0x1 ./Drivers/STM32F1xx_HAL_Driver/Src/stm32f1xx_hal.o
                0x000000002000002c                uwTickFreq
 *fill*         0x000000002000002d        0x3 
 .data._impure_ptr
                0x0000000020000030        0x4 c:/st/stm32cubeide_1.7.0/stm32cubeide/plugins/com.st.stm32cube.ide.mcu.externaltools.gnu-tools-for-stm32.10.3-2021.10.win32_1.0.0.202111181127/tools/bin/../lib/gcc/arm-none-eabi/10.3.1/../../../../arm-none-eabi/lib/thumb/v7-m/nofp\libc_nano.a(lib_a-impure.o)
                0x0000000020000030                _impure_ptr
 .data.impure_data
                0x0000000020000034       0x60 c:/st/stm32cubeide_1.7.0/stm32cubeide/plugins/com.st.stm32cube.ide.mcu.externaltools.gnu-tools-for-stm32.10.3-2021.10.win32_1.0.0.202111181127/tools/bin/../lib/gcc/arm-none-eabi/10.3.1/../../../../arm-none-eabi/lib/thumb/v7-m/nofp\libc_nano.a(lib_a-impure.o)
 *(.RamFunc)
 *(.RamFunc*)
                0x0000000020000094                . = ALIGN (0x4)
                0x0000000020000094                _edata = .

.igot.plt       0x0000000020000094        0x0 load address 0x0000000008004778
 .igot.plt      0x0000000020000094        0x0 c:/st/stm32cubeide_1.7.0/stm32cubeide/plugins/com.st.stm32cube.ide.mcu.externaltools.gnu-tools-for-stm32.10.3-2021.10.win32_1.0.0.202111181127/tools/bin/../lib/gcc/arm-none-eabi/10.3.1/thumb/v7-m/nofp/crtbegin.o
                0x0000000020000094                . = ALIGN (0x4)

.bss            0x0000000020000094      0x170 load address 0x0000000008004778
                0x0000000020000094                _sbss = .
                0x0000000020000094                __bss_start__ = _sbss
 *(.bss)
 .bss           0x0000000020000094       0x1c c:/st/stm32cubeide_1.7.0/stm32cubeide/plugins/com.st.stm32cube.ide.mcu.externaltools.gnu-tools-for-stm32.10.3-2021.10.win32_1.0.0.202111181127/tools/bin/../lib/gcc/arm-none-eabi/10.3.1/thumb/v7-m/nofp/crtbegin.o
 *(.bss*)
 .bss.buttonBuffer
                0x00000000200000b0        0x4 ./Core/Src/button.o
 .bss.debounceButtonBuffer0
                0x00000000200000b4        0x4 ./Core/Src/button.o
 .bss.debounceButtonBuffer1
                0x00000000200000b8        0x4 ./Core/Src/button.o
 .bss.debounceButtonBuffer2
                0x00000000200000bc        0x4 ./Core/Src/button.o
 .bss.flagForButtonPress1s
                0x00000000200000c0        0x4 ./Core/Src/button.o
 .bss.flagForButtonPress
                0x00000000200000c4        0x4 ./Core/Src/button.o
 .bss.counterForButtonPress1s
                0x00000000200000c8        0x8 ./Core/Src/button.o
 .bss.i         0x00000000200000d0        0x4 ./Core/Src/buzzer.o
                0x00000000200000d0                i
 .bss.mode_flag
                0x00000000200000d4        0x4 ./Core/Src/global.o
                0x00000000200000d4                mode_flag
 .bss.SEG_counter
                0x00000000200000d8        0x4 ./Core/Src/global.o
                0x00000000200000d8                SEG_counter
 .bss.state     0x00000000200000dc        0x1 ./Core/Src/global.o
                0x00000000200000dc                state
 *fill*         0x00000000200000dd        0x3 
 .bss.huart2    0x00000000200000e0       0x44 ./Core/Src/global.o
                0x00000000200000e0                huart2
 .bss.htim2     0x0000000020000124       0x48 ./Core/Src/main.o
                0x0000000020000124                htim2
 .bss.htim3     0x000000002000016c       0x48 ./Core/Src/main.o
                0x000000002000016c                htim3
 .bss.timer1_flag
                0x00000000200001b4        0x4 ./Core/Src/software_timer.o
                0x00000000200001b4                timer1_flag
 .bss.timer1_counter
                0x00000000200001b8        0x4 ./Core/Src/software_timer.o
                0x00000000200001b8                timer1_counter
 .bss.timer2_flag
                0x00000000200001bc        0x4 ./Core/Src/software_timer.o
                0x00000000200001bc                timer2_flag
 .bss.timer2_counter
                0x00000000200001c0        0x4 ./Core/Src/software_timer.o
                0x00000000200001c0                timer2_counter
 .bss.timer3_flag
                0x00000000200001c4        0x4 ./Core/Src/software_timer.o
                0x00000000200001c4                timer3_flag
 .bss.timer3_counter
                0x00000000200001c8        0x4 ./Core/Src/software_timer.o
                0x00000000200001c8                timer3_counter
 .bss.timer4_flag
                0x00000000200001cc        0x4 ./Core/Src/software_timer.o
                0x00000000200001cc                timer4_flag
 .bss.timer4_counter
                0x00000000200001d0        0x4 ./Core/Src/software_timer.o
                0x00000000200001d0                timer4_counter
 .bss.timer5_flag
                0x00000000200001d4        0x4 ./Core/Src/software_timer.o
                0x00000000200001d4                timer5_flag
 .bss.timer5_counter
                0x00000000200001d8        0x4 ./Core/Src/software_timer.o
                0x00000000200001d8                timer5_counter
 .bss.__sbrk_heap_end
                0x00000000200001dc        0x4 ./Core/Src/sysmem.o
 .bss.str       0x00000000200001e0        0xf ./Core/Src/task.o
                0x00000000200001e0                str
 *fill*         0x00000000200001ef        0x1 
 .bss.uwTick    0x00000000200001f0        0x4 ./Drivers/STM32F1xx_HAL_Driver/Src/stm32f1xx_hal.o
                0x00000000200001f0                uwTick
 .bss.__malloc_free_list
                0x00000000200001f4        0x4 c:/st/stm32cubeide_1.7.0/stm32cubeide/plugins/com.st.stm32cube.ide.mcu.externaltools.gnu-tools-for-stm32.10.3-2021.10.win32_1.0.0.202111181127/tools/bin/../lib/gcc/arm-none-eabi/10.3.1/../../../../arm-none-eabi/lib/thumb/v7-m/nofp\libc_nano.a(lib_a-nano-mallocr.o)
                0x00000000200001f4                __malloc_free_list
 .bss.__malloc_sbrk_start
                0x00000000200001f8        0x4 c:/st/stm32cubeide_1.7.0/stm32cubeide/plugins/com.st.stm32cube.ide.mcu.externaltools.gnu-tools-for-stm32.10.3-2021.10.win32_1.0.0.202111181127/tools/bin/../lib/gcc/arm-none-eabi/10.3.1/../../../../arm-none-eabi/lib/thumb/v7-m/nofp\libc_nano.a(lib_a-nano-mallocr.o)
                0x00000000200001f8                __malloc_sbrk_start
 .bss.errno     0x00000000200001fc        0x4 c:/st/stm32cubeide_1.7.0/stm32cubeide/plugins/com.st.stm32cube.ide.mcu.externaltools.gnu-tools-for-stm32.10.3-2021.10.win32_1.0.0.202111181127/tools/bin/../lib/gcc/arm-none-eabi/10.3.1/../../../../arm-none-eabi/lib/thumb/v7-m/nofp\libc_nano.a(lib_a-reent.o)
                0x00000000200001fc                errno
 .bss.__lock___malloc_recursive_mutex
                0x0000000020000200        0x1 c:/st/stm32cubeide_1.7.0/stm32cubeide/plugins/com.st.stm32cube.ide.mcu.externaltools.gnu-tools-for-stm32.10.3-2021.10.win32_1.0.0.202111181127/tools/bin/../lib/gcc/arm-none-eabi/10.3.1/../../../../arm-none-eabi/lib/thumb/v7-m/nofp\libc_nano.a(lib_a-lock.o)
                0x0000000020000200                __lock___malloc_recursive_mutex
 *(COMMON)
                0x0000000020000204                . = ALIGN (0x4)
 *fill*         0x0000000020000201        0x3 
                0x0000000020000204                _ebss = .
                0x0000000020000204                __bss_end__ = _ebss

._user_heap_stack
                0x0000000020000204      0x604 load address 0x0000000008004778
                0x0000000020000208                . = ALIGN (0x8)
 *fill*         0x0000000020000204        0x4 
                [!provide]                        PROVIDE (end = .)
                0x0000000020000208                PROVIDE (_end = .)
                0x0000000020000408                . = (. + _Min_Heap_Size)
 *fill*         0x0000000020000208      0x200 
                0x0000000020000808                . = (. + _Min_Stack_Size)
 *fill*         0x0000000020000408      0x400 
                0x0000000020000808                . = ALIGN (0x8)

/DISCARD/
 libc.a(*)
 libm.a(*)
 libgcc.a(*)

.ARM.attributes
                0x0000000000000000       0x29
 *(.ARM.attributes)
 .ARM.attributes
                0x0000000000000000       0x1d c:/st/stm32cubeide_1.7.0/stm32cubeide/plugins/com.st.stm32cube.ide.mcu.externaltools.gnu-tools-for-stm32.10.3-2021.10.win32_1.0.0.202111181127/tools/bin/../lib/gcc/arm-none-eabi/10.3.1/thumb/v7-m/nofp/crti.o
 .ARM.attributes
                0x000000000000001d       0x2d c:/st/stm32cubeide_1.7.0/stm32cubeide/plugins/com.st.stm32cube.ide.mcu.externaltools.gnu-tools-for-stm32.10.3-2021.10.win32_1.0.0.202111181127/tools/bin/../lib/gcc/arm-none-eabi/10.3.1/thumb/v7-m/nofp/crtbegin.o
 .ARM.attributes
                0x000000000000004a       0x2d ./Core/Src/button.o
 .ARM.attributes
                0x0000000000000077       0x2d ./Core/Src/buzzer.o
 .ARM.attributes
                0x00000000000000a4       0x2d ./Core/Src/fsm_auto.o
 .ARM.attributes
                0x00000000000000d1       0x2d ./Core/Src/fsm_manual.o
 .ARM.attributes
                0x00000000000000fe       0x2d ./Core/Src/global.o
 .ARM.attributes
                0x000000000000012b       0x2d ./Core/Src/main.o
 .ARM.attributes
                0x0000000000000158       0x2d ./Core/Src/software_timer.o
 .ARM.attributes
                0x0000000000000185       0x2d ./Core/Src/stm32f1xx_hal_msp.o
 .ARM.attributes
                0x00000000000001b2       0x2d ./Core/Src/stm32f1xx_it.o
 .ARM.attributes
                0x00000000000001df       0x2d ./Core/Src/sysmem.o
 .ARM.attributes
                0x000000000000020c       0x2d ./Core/Src/system_stm32f1xx.o
 .ARM.attributes
                0x0000000000000239       0x2d ./Core/Src/task.o
 .ARM.attributes
                0x0000000000000266       0x21 ./Core/Startup/startup_stm32f103rbtx.o
 .ARM.attributes
                0x0000000000000287       0x2d ./Drivers/STM32F1xx_HAL_Driver/Src/stm32f1xx_hal.o
 .ARM.attributes
                0x00000000000002b4       0x2d ./Drivers/STM32F1xx_HAL_Driver/Src/stm32f1xx_hal_cortex.o
 .ARM.attributes
                0x00000000000002e1       0x2d ./Drivers/STM32F1xx_HAL_Driver/Src/stm32f1xx_hal_dma.o
 .ARM.attributes
                0x000000000000030e       0x2d ./Drivers/STM32F1xx_HAL_Driver/Src/stm32f1xx_hal_gpio.o
 .ARM.attributes
                0x000000000000033b       0x2d ./Drivers/STM32F1xx_HAL_Driver/Src/stm32f1xx_hal_rcc.o
 .ARM.attributes
                0x0000000000000368       0x2d ./Drivers/STM32F1xx_HAL_Driver/Src/stm32f1xx_hal_tim.o
 .ARM.attributes
                0x0000000000000395       0x2d ./Drivers/STM32F1xx_HAL_Driver/Src/stm32f1xx_hal_tim_ex.o
 .ARM.attributes
                0x00000000000003c2       0x2d ./Drivers/STM32F1xx_HAL_Driver/Src/stm32f1xx_hal_uart.o
 .ARM.attributes
                0x00000000000003ef       0x2d c:/st/stm32cubeide_1.7.0/stm32cubeide/plugins/com.st.stm32cube.ide.mcu.externaltools.gnu-tools-for-stm32.10.3-2021.10.win32_1.0.0.202111181127/tools/bin/../lib/gcc/arm-none-eabi/10.3.1/../../../../arm-none-eabi/lib/thumb/v7-m/nofp\libc_nano.a(lib_a-errno.o)
 .ARM.attributes
                0x000000000000041c       0x2d c:/st/stm32cubeide_1.7.0/stm32cubeide/plugins/com.st.stm32cube.ide.mcu.externaltools.gnu-tools-for-stm32.10.3-2021.10.win32_1.0.0.202111181127/tools/bin/../lib/gcc/arm-none-eabi/10.3.1/../../../../arm-none-eabi/lib/thumb/v7-m/nofp\libc_nano.a(lib_a-impure.o)
 .ARM.attributes
                0x0000000000000449       0x2d c:/st/stm32cubeide_1.7.0/stm32cubeide/plugins/com.st.stm32cube.ide.mcu.externaltools.gnu-tools-for-stm32.10.3-2021.10.win32_1.0.0.202111181127/tools/bin/../lib/gcc/arm-none-eabi/10.3.1/../../../../arm-none-eabi/lib/thumb/v7-m/nofp\libc_nano.a(lib_a-init.o)
 .ARM.attributes
                0x0000000000000476       0x2d c:/st/stm32cubeide_1.7.0/stm32cubeide/plugins/com.st.stm32cube.ide.mcu.externaltools.gnu-tools-for-stm32.10.3-2021.10.win32_1.0.0.202111181127/tools/bin/../lib/gcc/arm-none-eabi/10.3.1/../../../../arm-none-eabi/lib/thumb/v7-m/nofp\libc_nano.a(lib_a-memset.o)
 .ARM.attributes
                0x00000000000004a3       0x2d c:/st/stm32cubeide_1.7.0/stm32cubeide/plugins/com.st.stm32cube.ide.mcu.externaltools.gnu-tools-for-stm32.10.3-2021.10.win32_1.0.0.202111181127/tools/bin/../lib/gcc/arm-none-eabi/10.3.1/../../../../arm-none-eabi/lib/thumb/v7-m/nofp\libc_nano.a(lib_a-sprintf.o)
 .ARM.attributes
                0x00000000000004d0       0x17 c:/st/stm32cubeide_1.7.0/stm32cubeide/plugins/com.st.stm32cube.ide.mcu.externaltools.gnu-tools-for-stm32.10.3-2021.10.win32_1.0.0.202111181127/tools/bin/../lib/gcc/arm-none-eabi/10.3.1/../../../../arm-none-eabi/lib/thumb/v7-m/nofp\libc_nano.a(lib_a-strlen.o)
 .ARM.attributes
                0x00000000000004e7       0x2d c:/st/stm32cubeide_1.7.0/stm32cubeide/plugins/com.st.stm32cube.ide.mcu.externaltools.gnu-tools-for-stm32.10.3-2021.10.win32_1.0.0.202111181127/tools/bin/../lib/gcc/arm-none-eabi/10.3.1/../../../../arm-none-eabi/lib/thumb/v7-m/nofp\libc_nano.a(lib_a-nano-svfprintf.o)
 .ARM.attributes
                0x0000000000000514       0x2d c:/st/stm32cubeide_1.7.0/stm32cubeide/plugins/com.st.stm32cube.ide.mcu.externaltools.gnu-tools-for-stm32.10.3-2021.10.win32_1.0.0.202111181127/tools/bin/../lib/gcc/arm-none-eabi/10.3.1/../../../../arm-none-eabi/lib/thumb/v7-m/nofp\libc_nano.a(lib_a-nano-vfprintf_i.o)
 .ARM.attributes
                0x0000000000000541       0x2d c:/st/stm32cubeide_1.7.0/stm32cubeide/plugins/com.st.stm32cube.ide.mcu.externaltools.gnu-tools-for-stm32.10.3-2021.10.win32_1.0.0.202111181127/tools/bin/../lib/gcc/arm-none-eabi/10.3.1/../../../../arm-none-eabi/lib/thumb/v7-m/nofp\libc_nano.a(lib_a-memchr-stub.o)
 .ARM.attributes
                0x000000000000056e       0x2d c:/st/stm32cubeide_1.7.0/stm32cubeide/plugins/com.st.stm32cube.ide.mcu.externaltools.gnu-tools-for-stm32.10.3-2021.10.win32_1.0.0.202111181127/tools/bin/../lib/gcc/arm-none-eabi/10.3.1/../../../../arm-none-eabi/lib/thumb/v7-m/nofp\libc_nano.a(lib_a-memcpy-stub.o)
 .ARM.attributes
                0x000000000000059b       0x2d c:/st/stm32cubeide_1.7.0/stm32cubeide/plugins/com.st.stm32cube.ide.mcu.externaltools.gnu-tools-for-stm32.10.3-2021.10.win32_1.0.0.202111181127/tools/bin/../lib/gcc/arm-none-eabi/10.3.1/../../../../arm-none-eabi/lib/thumb/v7-m/nofp\libc_nano.a(lib_a-memmove.o)
 .ARM.attributes
                0x00000000000005c8       0x2d c:/st/stm32cubeide_1.7.0/stm32cubeide/plugins/com.st.stm32cube.ide.mcu.externaltools.gnu-tools-for-stm32.10.3-2021.10.win32_1.0.0.202111181127/tools/bin/../lib/gcc/arm-none-eabi/10.3.1/../../../../arm-none-eabi/lib/thumb/v7-m/nofp\libc_nano.a(lib_a-nano-freer.o)
 .ARM.attributes
                0x00000000000005f5       0x2d c:/st/stm32cubeide_1.7.0/stm32cubeide/plugins/com.st.stm32cube.ide.mcu.externaltools.gnu-tools-for-stm32.10.3-2021.10.win32_1.0.0.202111181127/tools/bin/../lib/gcc/arm-none-eabi/10.3.1/../../../../arm-none-eabi/lib/thumb/v7-m/nofp\libc_nano.a(lib_a-nano-mallocr.o)
 .ARM.attributes
                0x0000000000000622       0x2d c:/st/stm32cubeide_1.7.0/stm32cubeide/plugins/com.st.stm32cube.ide.mcu.externaltools.gnu-tools-for-stm32.10.3-2021.10.win32_1.0.0.202111181127/tools/bin/../lib/gcc/arm-none-eabi/10.3.1/../../../../arm-none-eabi/lib/thumb/v7-m/nofp\libc_nano.a(lib_a-nano-reallocr.o)
 .ARM.attributes
                0x000000000000064f       0x2d c:/st/stm32cubeide_1.7.0/stm32cubeide/plugins/com.st.stm32cube.ide.mcu.externaltools.gnu-tools-for-stm32.10.3-2021.10.win32_1.0.0.202111181127/tools/bin/../lib/gcc/arm-none-eabi/10.3.1/../../../../arm-none-eabi/lib/thumb/v7-m/nofp\libc_nano.a(lib_a-sbrkr.o)
 .ARM.attributes
                0x000000000000067c       0x2d c:/st/stm32cubeide_1.7.0/stm32cubeide/plugins/com.st.stm32cube.ide.mcu.externaltools.gnu-tools-for-stm32.10.3-2021.10.win32_1.0.0.202111181127/tools/bin/../lib/gcc/arm-none-eabi/10.3.1/../../../../arm-none-eabi/lib/thumb/v7-m/nofp\libc_nano.a(lib_a-mlock.o)
 .ARM.attributes
                0x00000000000006a9       0x2d c:/st/stm32cubeide_1.7.0/stm32cubeide/plugins/com.st.stm32cube.ide.mcu.externaltools.gnu-tools-for-stm32.10.3-2021.10.win32_1.0.0.202111181127/tools/bin/../lib/gcc/arm-none-eabi/10.3.1/../../../../arm-none-eabi/lib/thumb/v7-m/nofp\libc_nano.a(lib_a-nano-msizer.o)
 .ARM.attributes
                0x00000000000006d6       0x2d c:/st/stm32cubeide_1.7.0/stm32cubeide/plugins/com.st.stm32cube.ide.mcu.externaltools.gnu-tools-for-stm32.10.3-2021.10.win32_1.0.0.202111181127/tools/bin/../lib/gcc/arm-none-eabi/10.3.1/../../../../arm-none-eabi/lib/thumb/v7-m/nofp\libc_nano.a(lib_a-reent.o)
 .ARM.attributes
                0x0000000000000703       0x2d c:/st/stm32cubeide_1.7.0/stm32cubeide/plugins/com.st.stm32cube.ide.mcu.externaltools.gnu-tools-for-stm32.10.3-2021.10.win32_1.0.0.202111181127/tools/bin/../lib/gcc/arm-none-eabi/10.3.1/../../../../arm-none-eabi/lib/thumb/v7-m/nofp\libc_nano.a(lib_a-lock.o)
 .ARM.attributes
                0x0000000000000730       0x1d c:/st/stm32cubeide_1.7.0/stm32cubeide/plugins/com.st.stm32cube.ide.mcu.externaltools.gnu-tools-for-stm32.10.3-2021.10.win32_1.0.0.202111181127/tools/bin/../lib/gcc/arm-none-eabi/10.3.1/thumb/v7-m/nofp/crtn.o
OUTPUT(Traffic_Light_Assignment.elf elf32-littlearm)
LOAD linker stubs
LOAD c:/st/stm32cubeide_1.7.0/stm32cubeide/plugins/com.st.stm32cube.ide.mcu.externaltools.gnu-tools-for-stm32.10.3-2021.10.win32_1.0.0.202111181127/tools/bin/../lib/gcc/arm-none-eabi/10.3.1/../../../../arm-none-eabi/lib/thumb/v7-m/nofp\libc.a
LOAD c:/st/stm32cubeide_1.7.0/stm32cubeide/plugins/com.st.stm32cube.ide.mcu.externaltools.gnu-tools-for-stm32.10.3-2021.10.win32_1.0.0.202111181127/tools/bin/../lib/gcc/arm-none-eabi/10.3.1/../../../../arm-none-eabi/lib/thumb/v7-m/nofp\libm.a
LOAD c:/st/stm32cubeide_1.7.0/stm32cubeide/plugins/com.st.stm32cube.ide.mcu.externaltools.gnu-tools-for-stm32.10.3-2021.10.win32_1.0.0.202111181127/tools/bin/../lib/gcc/arm-none-eabi/10.3.1/thumb/v7-m/nofp\libgcc.a

.debug_info     0x0000000000000000     0xcd4a
 .debug_info    0x0000000000000000      0x2cc ./Core/Src/button.o
 .debug_info    0x00000000000002cc      0x6f7 ./Core/Src/buzzer.o
 .debug_info    0x00000000000009c3      0x361 ./Core/Src/fsm_auto.o
 .debug_info    0x0000000000000d24      0x1f8 ./Core/Src/fsm_manual.o
 .debug_info    0x0000000000000f1c      0x667 ./Core/Src/global.o
 .debug_info    0x0000000000001583      0xf79 ./Core/Src/main.o
 .debug_info    0x00000000000024fc      0x801 ./Core/Src/software_timer.o
 .debug_info    0x0000000000002cfd      0xded ./Core/Src/stm32f1xx_hal_msp.o
 .debug_info    0x0000000000003aea      0x9a7 ./Core/Src/stm32f1xx_it.o
 .debug_info    0x0000000000004491      0x171 ./Core/Src/sysmem.o
 .debug_info    0x0000000000004602      0x23d ./Core/Src/system_stm32f1xx.o
 .debug_info    0x000000000000483f      0x818 ./Core/Src/task.o
 .debug_info    0x0000000000005057       0x22 ./Core/Startup/startup_stm32f103rbtx.o
 .debug_info    0x0000000000005079      0x734 ./Drivers/STM32F1xx_HAL_Driver/Src/stm32f1xx_hal.o
 .debug_info    0x00000000000057ad      0xb20 ./Drivers/STM32F1xx_HAL_Driver/Src/stm32f1xx_hal_cortex.o
 .debug_info    0x00000000000062cd      0x73f ./Drivers/STM32F1xx_HAL_Driver/Src/stm32f1xx_hal_dma.o
 .debug_info    0x0000000000006a0c      0x615 ./Drivers/STM32F1xx_HAL_Driver/Src/stm32f1xx_hal_gpio.o
 .debug_info    0x0000000000007021      0x860 ./Drivers/STM32F1xx_HAL_Driver/Src/stm32f1xx_hal_rcc.o
 .debug_info    0x0000000000007881     0x29de ./Drivers/STM32F1xx_HAL_Driver/Src/stm32f1xx_hal_tim.o
 .debug_info    0x000000000000a25f     0x1513 ./Drivers/STM32F1xx_HAL_Driver/Src/stm32f1xx_hal_tim_ex.o
 .debug_info    0x000000000000b772     0x15d8 ./Drivers/STM32F1xx_HAL_Driver/Src/stm32f1xx_hal_uart.o

.debug_abbrev   0x0000000000000000     0x23ff
 .debug_abbrev  0x0000000000000000      0x135 ./Core/Src/button.o
 .debug_abbrev  0x0000000000000135      0x196 ./Core/Src/buzzer.o
 .debug_abbrev  0x00000000000002cb      0x13a ./Core/Src/fsm_auto.o
 .debug_abbrev  0x0000000000000405       0xbb ./Core/Src/fsm_manual.o
 .debug_abbrev  0x00000000000004c0      0x12c ./Core/Src/global.o
 .debug_abbrev  0x00000000000005ec      0x2c3 ./Core/Src/main.o
 .debug_abbrev  0x00000000000008af      0x1e4 ./Core/Src/software_timer.o
 .debug_abbrev  0x0000000000000a93      0x1c5 ./Core/Src/stm32f1xx_hal_msp.o
 .debug_abbrev  0x0000000000000c58      0x184 ./Core/Src/stm32f1xx_it.o
 .debug_abbrev  0x0000000000000ddc       0xbb ./Core/Src/sysmem.o
 .debug_abbrev  0x0000000000000e97      0x13b ./Core/Src/system_stm32f1xx.o
 .debug_abbrev  0x0000000000000fd2      0x198 ./Core/Src/task.o
 .debug_abbrev  0x000000000000116a       0x12 ./Core/Startup/startup_stm32f103rbtx.o
 .debug_abbrev  0x000000000000117c      0x1fb ./Drivers/STM32F1xx_HAL_Driver/Src/stm32f1xx_hal.o
 .debug_abbrev  0x0000000000001377      0x2ed ./Drivers/STM32F1xx_HAL_Driver/Src/stm32f1xx_hal_cortex.o
 .debug_abbrev  0x0000000000001664      0x1fe ./Drivers/STM32F1xx_HAL_Driver/Src/stm32f1xx_hal_dma.o
 .debug_abbrev  0x0000000000001862      0x1bb ./Drivers/STM32F1xx_HAL_Driver/Src/stm32f1xx_hal_gpio.o
 .debug_abbrev  0x0000000000001a1d      0x2a8 ./Drivers/STM32F1xx_HAL_Driver/Src/stm32f1xx_hal_rcc.o
 .debug_abbrev  0x0000000000001cc5      0x25d ./Drivers/STM32F1xx_HAL_Driver/Src/stm32f1xx_hal_tim.o
 .debug_abbrev  0x0000000000001f22      0x265 ./Drivers/STM32F1xx_HAL_Driver/Src/stm32f1xx_hal_tim_ex.o
 .debug_abbrev  0x0000000000002187      0x278 ./Drivers/STM32F1xx_HAL_Driver/Src/stm32f1xx_hal_uart.o

.debug_aranges  0x0000000000000000      0xd90
 .debug_aranges
                0x0000000000000000       0x48 ./Core/Src/button.o
 .debug_aranges
                0x0000000000000048       0x20 ./Core/Src/buzzer.o
 .debug_aranges
                0x0000000000000068       0x20 ./Core/Src/fsm_auto.o
 .debug_aranges
                0x0000000000000088       0x20 ./Core/Src/fsm_manual.o
 .debug_aranges
                0x00000000000000a8       0x18 ./Core/Src/global.o
 .debug_aranges
                0x00000000000000c0       0x50 ./Core/Src/main.o
 .debug_aranges
                0x0000000000000110       0x50 ./Core/Src/software_timer.o
 .debug_aranges
                0x0000000000000160       0x48 ./Core/Src/stm32f1xx_hal_msp.o
 .debug_aranges
                0x00000000000001a8       0x78 ./Core/Src/stm32f1xx_it.o
 .debug_aranges
                0x0000000000000220       0x20 ./Core/Src/sysmem.o
 .debug_aranges
                0x0000000000000240       0x28 ./Core/Src/system_stm32f1xx.o
 .debug_aranges
                0x0000000000000268       0x80 ./Core/Src/task.o
 .debug_aranges
                0x00000000000002e8       0x28 ./Core/Startup/startup_stm32f103rbtx.o
 .debug_aranges
                0x0000000000000310       0xe0 ./Drivers/STM32F1xx_HAL_Driver/Src/stm32f1xx_hal.o
 .debug_aranges
                0x00000000000003f0      0x100 ./Drivers/STM32F1xx_HAL_Driver/Src/stm32f1xx_hal_cortex.o
 .debug_aranges
                0x00000000000004f0       0x80 ./Drivers/STM32F1xx_HAL_Driver/Src/stm32f1xx_hal_dma.o
 .debug_aranges
                0x0000000000000570       0x58 ./Drivers/STM32F1xx_HAL_Driver/Src/stm32f1xx_hal_gpio.o
 .debug_aranges
                0x00000000000005c8       0x90 ./Drivers/STM32F1xx_HAL_Driver/Src/stm32f1xx_hal_rcc.o
 .debug_aranges
                0x0000000000000658      0x3d0 ./Drivers/STM32F1xx_HAL_Driver/Src/stm32f1xx_hal_tim.o
 .debug_aranges
                0x0000000000000a28      0x168 ./Drivers/STM32F1xx_HAL_Driver/Src/stm32f1xx_hal_tim_ex.o
 .debug_aranges
                0x0000000000000b90      0x200 ./Drivers/STM32F1xx_HAL_Driver/Src/stm32f1xx_hal_uart.o

.debug_ranges   0x0000000000000000      0xc70
 .debug_ranges  0x0000000000000000       0x38 ./Core/Src/button.o
 .debug_ranges  0x0000000000000038       0x10 ./Core/Src/buzzer.o
 .debug_ranges  0x0000000000000048       0x10 ./Core/Src/fsm_auto.o
 .debug_ranges  0x0000000000000058       0x10 ./Core/Src/fsm_manual.o
 .debug_ranges  0x0000000000000068       0x40 ./Core/Src/main.o
 .debug_ranges  0x00000000000000a8       0x40 ./Core/Src/software_timer.o
 .debug_ranges  0x00000000000000e8       0x38 ./Core/Src/stm32f1xx_hal_msp.o
 .debug_ranges  0x0000000000000120       0x68 ./Core/Src/stm32f1xx_it.o
 .debug_ranges  0x0000000000000188       0x10 ./Core/Src/sysmem.o
 .debug_ranges  0x0000000000000198       0x18 ./Core/Src/system_stm32f1xx.o
 .debug_ranges  0x00000000000001b0       0x70 ./Core/Src/task.o
 .debug_ranges  0x0000000000000220       0x20 ./Core/Startup/startup_stm32f103rbtx.o
 .debug_ranges  0x0000000000000240       0xd0 ./Drivers/STM32F1xx_HAL_Driver/Src/stm32f1xx_hal.o
 .debug_ranges  0x0000000000000310       0xf0 ./Drivers/STM32F1xx_HAL_Driver/Src/stm32f1xx_hal_cortex.o
 .debug_ranges  0x0000000000000400       0x70 ./Drivers/STM32F1xx_HAL_Driver/Src/stm32f1xx_hal_dma.o
 .debug_ranges  0x0000000000000470       0x48 ./Drivers/STM32F1xx_HAL_Driver/Src/stm32f1xx_hal_gpio.o
 .debug_ranges  0x00000000000004b8       0x80 ./Drivers/STM32F1xx_HAL_Driver/Src/stm32f1xx_hal_rcc.o
 .debug_ranges  0x0000000000000538      0x3c0 ./Drivers/STM32F1xx_HAL_Driver/Src/stm32f1xx_hal_tim.o
 .debug_ranges  0x00000000000008f8      0x158 ./Drivers/STM32F1xx_HAL_Driver/Src/stm32f1xx_hal_tim_ex.o
 .debug_ranges  0x0000000000000a50      0x220 ./Drivers/STM32F1xx_HAL_Driver/Src/stm32f1xx_hal_uart.o

.debug_macro    0x0000000000000000    0x17fe3
 .debug_macro   0x0000000000000000      0x209 ./Core/Src/button.o
 .debug_macro   0x0000000000000209      0xa6c ./Core/Src/button.o
 .debug_macro   0x0000000000000c75      0x21b ./Core/Src/button.o
 .debug_macro   0x0000000000000e90       0x2e ./Core/Src/button.o
 .debug_macro   0x0000000000000ebe       0x22 ./Core/Src/button.o
 .debug_macro   0x0000000000000ee0       0x22 ./Core/Src/button.o
 .debug_macro   0x0000000000000f02       0x8e ./Core/Src/button.o
 .debug_macro   0x0000000000000f90       0x51 ./Core/Src/button.o
 .debug_macro   0x0000000000000fe1      0x103 ./Core/Src/button.o
 .debug_macro   0x00000000000010e4       0x6a ./Core/Src/button.o
 .debug_macro   0x000000000000114e      0x1df ./Core/Src/button.o
 .debug_macro   0x000000000000132d       0x1c ./Core/Src/button.o
 .debug_macro   0x0000000000001349       0x22 ./Core/Src/button.o
 .debug_macro   0x000000000000136b       0xbd ./Core/Src/button.o
 .debug_macro   0x0000000000001428      0xd23 ./Core/Src/button.o
 .debug_macro   0x000000000000214b     0xe09e ./Core/Src/button.o
 .debug_macro   0x00000000000101e9       0x6d ./Core/Src/button.o
 .debug_macro   0x0000000000010256     0x3468 ./Core/Src/button.o
 .debug_macro   0x00000000000136be      0x174 ./Core/Src/button.o
 .debug_macro   0x0000000000013832       0x5c ./Core/Src/button.o
 .debug_macro   0x000000000001388e      0x5be ./Core/Src/button.o
 .debug_macro   0x0000000000013e4c      0x289 ./Core/Src/button.o
 .debug_macro   0x00000000000140d5      0x1cb ./Core/Src/button.o
 .debug_macro   0x00000000000142a0      0x114 ./Core/Src/button.o
 .debug_macro   0x00000000000143b4      0x1b2 ./Core/Src/button.o
 .debug_macro   0x0000000000014566       0x27 ./Core/Src/button.o
 .debug_macro   0x000000000001458d      0x136 ./Core/Src/button.o
 .debug_macro   0x00000000000146c3      0x1bc ./Core/Src/button.o
 .debug_macro   0x000000000001487f       0x34 ./Core/Src/button.o
 .debug_macro   0x00000000000148b3       0x3c ./Core/Src/button.o
 .debug_macro   0x00000000000148ef       0x57 ./Core/Src/button.o
 .debug_macro   0x0000000000014946       0x88 ./Core/Src/button.o
 .debug_macro   0x00000000000149ce      0x241 ./Core/Src/button.o
 .debug_macro   0x0000000000014c0f      0x141 ./Core/Src/button.o
 .debug_macro   0x0000000000014d50      0x8d1 ./Core/Src/button.o
 .debug_macro   0x0000000000015621      0x279 ./Core/Src/button.o
 .debug_macro   0x000000000001589a       0x83 ./Core/Src/button.o
 .debug_macro   0x000000000001591d       0x88 ./Core/Src/button.o
 .debug_macro   0x00000000000159a5       0x34 ./Core/Src/button.o
 .debug_macro   0x00000000000159d9      0x1fb ./Core/Src/buzzer.o
 .debug_macro   0x0000000000015bd4       0x2e ./Core/Src/buzzer.o
 .debug_macro   0x0000000000015c02      0x1f7 ./Core/Src/fsm_auto.o
 .debug_macro   0x0000000000015df9      0x1f7 ./Core/Src/fsm_manual.o
 .debug_macro   0x0000000000015ff0      0x1ed ./Core/Src/global.o
 .debug_macro   0x00000000000161dd      0x209 ./Core/Src/main.o
 .debug_macro   0x00000000000163e6      0x1ed ./Core/Src/software_timer.o
 .debug_macro   0x00000000000165d3      0x1b2 ./Core/Src/stm32f1xx_hal_msp.o
 .debug_macro   0x0000000000016785      0x1bc ./Core/Src/stm32f1xx_it.o
 .debug_macro   0x0000000000016941       0xff ./Core/Src/sysmem.o
 .debug_macro   0x0000000000016a40      0x23b ./Core/Src/sysmem.o
 .debug_macro   0x0000000000016c7b      0x1a3 ./Core/Src/system_stm32f1xx.o
 .debug_macro   0x0000000000016e1e      0x388 ./Core/Src/task.o
 .debug_macro   0x00000000000171a6       0x52 ./Core/Src/task.o
 .debug_macro   0x00000000000171f8       0x10 ./Core/Src/task.o
 .debug_macro   0x0000000000017208       0x20 ./Core/Src/task.o
 .debug_macro   0x0000000000017228      0x1c7 ./Drivers/STM32F1xx_HAL_Driver/Src/stm32f1xx_hal.o
 .debug_macro   0x00000000000173ef      0x1a3 ./Drivers/STM32F1xx_HAL_Driver/Src/stm32f1xx_hal_cortex.o
 .debug_macro   0x0000000000017592      0x1a3 ./Drivers/STM32F1xx_HAL_Driver/Src/stm32f1xx_hal_dma.o
 .debug_macro   0x0000000000017735      0x20e ./Drivers/STM32F1xx_HAL_Driver/Src/stm32f1xx_hal_gpio.o
 .debug_macro   0x0000000000017943      0x1b5 ./Drivers/STM32F1xx_HAL_Driver/Src/stm32f1xx_hal_rcc.o
 .debug_macro   0x0000000000017af8      0x1a4 ./Drivers/STM32F1xx_HAL_Driver/Src/stm32f1xx_hal_tim.o
 .debug_macro   0x0000000000017c9c      0x1a3 ./Drivers/STM32F1xx_HAL_Driver/Src/stm32f1xx_hal_tim_ex.o
 .debug_macro   0x0000000000017e3f      0x1a4 ./Drivers/STM32F1xx_HAL_Driver/Src/stm32f1xx_hal_uart.o

.debug_line     0x0000000000000000     0xfa3e
 .debug_line    0x0000000000000000      0x7eb ./Core/Src/button.o
 .debug_line    0x00000000000007eb      0x6c8 ./Core/Src/buzzer.o
 .debug_line    0x0000000000000eb3      0x830 ./Core/Src/fsm_auto.o
 .debug_line    0x00000000000016e3      0x799 ./Core/Src/fsm_manual.o
 .debug_line    0x0000000000001e7c      0x68c ./Core/Src/global.o
 .debug_line    0x0000000000002508      0x894 ./Core/Src/main.o
 .debug_line    0x0000000000002d9c      0x7ac ./Core/Src/software_timer.o
 .debug_line    0x0000000000003548      0x782 ./Core/Src/stm32f1xx_hal_msp.o
 .debug_line    0x0000000000003cca      0x7ac ./Core/Src/stm32f1xx_it.o
 .debug_line    0x0000000000004476      0x526 ./Core/Src/sysmem.o
 .debug_line    0x000000000000499c      0x720 ./Core/Src/system_stm32f1xx.o
 .debug_line    0x00000000000050bc      0x9f5 ./Core/Src/task.o
 .debug_line    0x0000000000005ab1       0x87 ./Core/Startup/startup_stm32f103rbtx.o
 .debug_line    0x0000000000005b38      0x94d ./Drivers/STM32F1xx_HAL_Driver/Src/stm32f1xx_hal.o
 .debug_line    0x0000000000006485      0xb35 ./Drivers/STM32F1xx_HAL_Driver/Src/stm32f1xx_hal_cortex.o
 .debug_line    0x0000000000006fba      0xda5 ./Drivers/STM32F1xx_HAL_Driver/Src/stm32f1xx_hal_dma.o
 .debug_line    0x0000000000007d5f      0x9e4 ./Drivers/STM32F1xx_HAL_Driver/Src/stm32f1xx_hal_gpio.o
 .debug_line    0x0000000000008743      0xd5b ./Drivers/STM32F1xx_HAL_Driver/Src/stm32f1xx_hal_rcc.o
 .debug_line    0x000000000000949e     0x3303 ./Drivers/STM32F1xx_HAL_Driver/Src/stm32f1xx_hal_tim.o
 .debug_line    0x000000000000c7a1     0x1875 ./Drivers/STM32F1xx_HAL_Driver/Src/stm32f1xx_hal_tim_ex.o
 .debug_line    0x000000000000e016     0x1a28 ./Drivers/STM32F1xx_HAL_Driver/Src/stm32f1xx_hal_uart.o

.debug_str      0x0000000000000000    0x8ad77
 .debug_str     0x0000000000000000    0x8338d ./Core/Src/button.o
                                      0x836e9 (size before relaxing)
 .debug_str     0x000000000008338d      0x466 ./Core/Src/buzzer.o
                                      0x83a07 (size before relaxing)
 .debug_str     0x00000000000837f3      0x127 ./Core/Src/fsm_auto.o
                                      0x83710 (size before relaxing)
 .debug_str     0x000000000008391a       0x7f ./Core/Src/fsm_manual.o
                                      0x83663 (size before relaxing)
 .debug_str     0x0000000000083999      0x1de ./Core/Src/global.o
                                      0x8397c (size before relaxing)
 .debug_str     0x0000000000083b77      0x448 ./Core/Src/main.o
                                      0x84099 (size before relaxing)
 .debug_str     0x0000000000083fbf       0xbf ./Core/Src/software_timer.o
                                      0x83acb (size before relaxing)
 .debug_str     0x000000000008407e      0x3aa ./Core/Src/stm32f1xx_hal_msp.o
                                      0x83f69 (size before relaxing)
 .debug_str     0x0000000000084428      0x122 ./Core/Src/stm32f1xx_it.o
                                      0x83c09 (size before relaxing)
 .debug_str     0x000000000008454a     0x1e6b ./Core/Src/sysmem.o
                                       0x5d52 (size before relaxing)
 .debug_str     0x00000000000863b5       0x7e ./Core/Src/system_stm32f1xx.o
                                      0x832bd (size before relaxing)
 .debug_str     0x0000000000086433     0x247a ./Core/Src/task.o
                                      0x8781e (size before relaxing)
 .debug_str     0x00000000000888ad       0x36 ./Core/Startup/startup_stm32f103rbtx.o
                                         0x6c (size before relaxing)
 .debug_str     0x00000000000888e3      0x38e ./Drivers/STM32F1xx_HAL_Driver/Src/stm32f1xx_hal.o
                                      0x839f0 (size before relaxing)
 .debug_str     0x0000000000088c71      0x294 ./Drivers/STM32F1xx_HAL_Driver/Src/stm32f1xx_hal_cortex.o
                                      0x8393c (size before relaxing)
 .debug_str     0x0000000000088f05      0x235 ./Drivers/STM32F1xx_HAL_Driver/Src/stm32f1xx_hal_dma.o
                                      0x83666 (size before relaxing)
 .debug_str     0x000000000008913a      0x2bd ./Drivers/STM32F1xx_HAL_Driver/Src/stm32f1xx_hal_gpio.o
                                      0x83643 (size before relaxing)
 .debug_str     0x00000000000893f7      0x229 ./Drivers/STM32F1xx_HAL_Driver/Src/stm32f1xx_hal_rcc.o
                                      0x836ec (size before relaxing)
 .debug_str     0x0000000000089620      0xd0b ./Drivers/STM32F1xx_HAL_Driver/Src/stm32f1xx_hal_tim.o
                                      0x846d7 (size before relaxing)
 .debug_str     0x000000000008a32b      0x493 ./Drivers/STM32F1xx_HAL_Driver/Src/stm32f1xx_hal_tim_ex.o
                                      0x83ef3 (size before relaxing)
 .debug_str     0x000000000008a7be      0x5b9 ./Drivers/STM32F1xx_HAL_Driver/Src/stm32f1xx_hal_uart.o
                                      0x83cf7 (size before relaxing)

.comment        0x0000000000000000       0x50
 .comment       0x0000000000000000       0x50 ./Core/Src/button.o
                                         0x51 (size before relaxing)
 .comment       0x0000000000000050       0x51 ./Core/Src/buzzer.o
 .comment       0x0000000000000050       0x51 ./Core/Src/fsm_auto.o
 .comment       0x0000000000000050       0x51 ./Core/Src/fsm_manual.o
 .comment       0x0000000000000050       0x51 ./Core/Src/global.o
 .comment       0x0000000000000050       0x51 ./Core/Src/main.o
 .comment       0x0000000000000050       0x51 ./Core/Src/software_timer.o
 .comment       0x0000000000000050       0x51 ./Core/Src/stm32f1xx_hal_msp.o
 .comment       0x0000000000000050       0x51 ./Core/Src/stm32f1xx_it.o
 .comment       0x0000000000000050       0x51 ./Core/Src/sysmem.o
 .comment       0x0000000000000050       0x51 ./Core/Src/system_stm32f1xx.o
 .comment       0x0000000000000050       0x51 ./Core/Src/task.o
 .comment       0x0000000000000050       0x51 ./Drivers/STM32F1xx_HAL_Driver/Src/stm32f1xx_hal.o
 .comment       0x0000000000000050       0x51 ./Drivers/STM32F1xx_HAL_Driver/Src/stm32f1xx_hal_cortex.o
 .comment       0x0000000000000050       0x51 ./Drivers/STM32F1xx_HAL_Driver/Src/stm32f1xx_hal_dma.o
 .comment       0x0000000000000050       0x51 ./Drivers/STM32F1xx_HAL_Driver/Src/stm32f1xx_hal_gpio.o
 .comment       0x0000000000000050       0x51 ./Drivers/STM32F1xx_HAL_Driver/Src/stm32f1xx_hal_rcc.o
 .comment       0x0000000000000050       0x51 ./Drivers/STM32F1xx_HAL_Driver/Src/stm32f1xx_hal_tim.o
 .comment       0x0000000000000050       0x51 ./Drivers/STM32F1xx_HAL_Driver/Src/stm32f1xx_hal_tim_ex.o
 .comment       0x0000000000000050       0x51 ./Drivers/STM32F1xx_HAL_Driver/Src/stm32f1xx_hal_uart.o

.debug_frame    0x0000000000000000     0x3a08
 .debug_frame   0x0000000000000000       0xd4 ./Core/Src/button.o
 .debug_frame   0x00000000000000d4       0x2c ./Core/Src/buzzer.o
 .debug_frame   0x0000000000000100       0x2c ./Core/Src/fsm_auto.o
 .debug_frame   0x000000000000012c       0x2c ./Core/Src/fsm_manual.o
 .debug_frame   0x0000000000000158       0xf0 ./Core/Src/main.o
 .debug_frame   0x0000000000000248      0x11c ./Core/Src/software_timer.o
 .debug_frame   0x0000000000000364       0xec ./Core/Src/stm32f1xx_hal_msp.o
 .debug_frame   0x0000000000000450      0x158 ./Core/Src/stm32f1xx_it.o
 .debug_frame   0x00000000000005a8       0x34 ./Core/Src/sysmem.o
 .debug_frame   0x00000000000005dc       0x58 ./Core/Src/system_stm32f1xx.o
 .debug_frame   0x0000000000000634      0x17c ./Core/Src/task.o
 .debug_frame   0x00000000000007b0      0x334 ./Drivers/STM32F1xx_HAL_Driver/Src/stm32f1xx_hal.o
 .debug_frame   0x0000000000000ae4      0x428 ./Drivers/STM32F1xx_HAL_Driver/Src/stm32f1xx_hal_cortex.o
 .debug_frame   0x0000000000000f0c      0x208 ./Drivers/STM32F1xx_HAL_Driver/Src/stm32f1xx_hal_dma.o
 .debug_frame   0x0000000000001114      0x14c ./Drivers/STM32F1xx_HAL_Driver/Src/stm32f1xx_hal_gpio.o
 .debug_frame   0x0000000000001260      0x21c ./Drivers/STM32F1xx_HAL_Driver/Src/stm32f1xx_hal_rcc.o
 .debug_frame   0x000000000000147c     0x11b8 ./Drivers/STM32F1xx_HAL_Driver/Src/stm32f1xx_hal_tim.o
 .debug_frame   0x0000000000002634      0x638 ./Drivers/STM32F1xx_HAL_Driver/Src/stm32f1xx_hal_tim_ex.o
 .debug_frame   0x0000000000002c6c      0x914 ./Drivers/STM32F1xx_HAL_Driver/Src/stm32f1xx_hal_uart.o
 .debug_frame   0x0000000000003580       0x20 c:/st/stm32cubeide_1.7.0/stm32cubeide/plugins/com.st.stm32cube.ide.mcu.externaltools.gnu-tools-for-stm32.10.3-2021.10.win32_1.0.0.202111181127/tools/bin/../lib/gcc/arm-none-eabi/10.3.1/../../../../arm-none-eabi/lib/thumb/v7-m/nofp\libc_nano.a(lib_a-errno.o)
 .debug_frame   0x00000000000035a0       0x2c c:/st/stm32cubeide_1.7.0/stm32cubeide/plugins/com.st.stm32cube.ide.mcu.externaltools.gnu-tools-for-stm32.10.3-2021.10.win32_1.0.0.202111181127/tools/bin/../lib/gcc/arm-none-eabi/10.3.1/../../../../arm-none-eabi/lib/thumb/v7-m/nofp\libc_nano.a(lib_a-init.o)
 .debug_frame   0x00000000000035cc       0x20 c:/st/stm32cubeide_1.7.0/stm32cubeide/plugins/com.st.stm32cube.ide.mcu.externaltools.gnu-tools-for-stm32.10.3-2021.10.win32_1.0.0.202111181127/tools/bin/../lib/gcc/arm-none-eabi/10.3.1/../../../../arm-none-eabi/lib/thumb/v7-m/nofp\libc_nano.a(lib_a-memset.o)
 .debug_frame   0x00000000000035ec       0x6c c:/st/stm32cubeide_1.7.0/stm32cubeide/plugins/com.st.stm32cube.ide.mcu.externaltools.gnu-tools-for-stm32.10.3-2021.10.win32_1.0.0.202111181127/tools/bin/../lib/gcc/arm-none-eabi/10.3.1/../../../../arm-none-eabi/lib/thumb/v7-m/nofp\libc_nano.a(lib_a-sprintf.o)
 .debug_frame   0x0000000000003658       0x90 c:/st/stm32cubeide_1.7.0/stm32cubeide/plugins/com.st.stm32cube.ide.mcu.externaltools.gnu-tools-for-stm32.10.3-2021.10.win32_1.0.0.202111181127/tools/bin/../lib/gcc/arm-none-eabi/10.3.1/../../../../arm-none-eabi/lib/thumb/v7-m/nofp\libc_nano.a(lib_a-nano-svfprintf.o)
 .debug_frame   0x00000000000036e8       0x60 c:/st/stm32cubeide_1.7.0/stm32cubeide/plugins/com.st.stm32cube.ide.mcu.externaltools.gnu-tools-for-stm32.10.3-2021.10.win32_1.0.0.202111181127/tools/bin/../lib/gcc/arm-none-eabi/10.3.1/../../../../arm-none-eabi/lib/thumb/v7-m/nofp\libc_nano.a(lib_a-nano-vfprintf_i.o)
 .debug_frame   0x0000000000003748       0x28 c:/st/stm32cubeide_1.7.0/stm32cubeide/plugins/com.st.stm32cube.ide.mcu.externaltools.gnu-tools-for-stm32.10.3-2021.10.win32_1.0.0.202111181127/tools/bin/../lib/gcc/arm-none-eabi/10.3.1/../../../../arm-none-eabi/lib/thumb/v7-m/nofp\libc_nano.a(lib_a-memchr-stub.o)
 .debug_frame   0x0000000000003770       0x28 c:/st/stm32cubeide_1.7.0/stm32cubeide/plugins/com.st.stm32cube.ide.mcu.externaltools.gnu-tools-for-stm32.10.3-2021.10.win32_1.0.0.202111181127/tools/bin/../lib/gcc/arm-none-eabi/10.3.1/../../../../arm-none-eabi/lib/thumb/v7-m/nofp\libc_nano.a(lib_a-memcpy-stub.o)
 .debug_frame   0x0000000000003798       0x28 c:/st/stm32cubeide_1.7.0/stm32cubeide/plugins/com.st.stm32cube.ide.mcu.externaltools.gnu-tools-for-stm32.10.3-2021.10.win32_1.0.0.202111181127/tools/bin/../lib/gcc/arm-none-eabi/10.3.1/../../../../arm-none-eabi/lib/thumb/v7-m/nofp\libc_nano.a(lib_a-memmove.o)
 .debug_frame   0x00000000000037c0       0x38 c:/st/stm32cubeide_1.7.0/stm32cubeide/plugins/com.st.stm32cube.ide.mcu.externaltools.gnu-tools-for-stm32.10.3-2021.10.win32_1.0.0.202111181127/tools/bin/../lib/gcc/arm-none-eabi/10.3.1/../../../../arm-none-eabi/lib/thumb/v7-m/nofp\libc_nano.a(lib_a-nano-freer.o)
 .debug_frame   0x00000000000037f8       0x4c c:/st/stm32cubeide_1.7.0/stm32cubeide/plugins/com.st.stm32cube.ide.mcu.externaltools.gnu-tools-for-stm32.10.3-2021.10.win32_1.0.0.202111181127/tools/bin/../lib/gcc/arm-none-eabi/10.3.1/../../../../arm-none-eabi/lib/thumb/v7-m/nofp\libc_nano.a(lib_a-nano-mallocr.o)
 .debug_frame   0x0000000000003844       0x3c c:/st/stm32cubeide_1.7.0/stm32cubeide/plugins/com.st.stm32cube.ide.mcu.externaltools.gnu-tools-for-stm32.10.3-2021.10.win32_1.0.0.202111181127/tools/bin/../lib/gcc/arm-none-eabi/10.3.1/../../../../arm-none-eabi/lib/thumb/v7-m/nofp\libc_nano.a(lib_a-nano-reallocr.o)
 .debug_frame   0x0000000000003880       0x2c c:/st/stm32cubeide_1.7.0/stm32cubeide/plugins/com.st.stm32cube.ide.mcu.externaltools.gnu-tools-for-stm32.10.3-2021.10.win32_1.0.0.202111181127/tools/bin/../lib/gcc/arm-none-eabi/10.3.1/../../../../arm-none-eabi/lib/thumb/v7-m/nofp\libc_nano.a(lib_a-sbrkr.o)
 .debug_frame   0x00000000000038ac       0x30 c:/st/stm32cubeide_1.7.0/stm32cubeide/plugins/com.st.stm32cube.ide.mcu.externaltools.gnu-tools-for-stm32.10.3-2021.10.win32_1.0.0.202111181127/tools/bin/../lib/gcc/arm-none-eabi/10.3.1/../../../../arm-none-eabi/lib/thumb/v7-m/nofp\libc_nano.a(lib_a-mlock.o)
 .debug_frame   0x00000000000038dc       0x20 c:/st/stm32cubeide_1.7.0/stm32cubeide/plugins/com.st.stm32cube.ide.mcu.externaltools.gnu-tools-for-stm32.10.3-2021.10.win32_1.0.0.202111181127/tools/bin/../lib/gcc/arm-none-eabi/10.3.1/../../../../arm-none-eabi/lib/thumb/v7-m/nofp\libc_nano.a(lib_a-nano-msizer.o)
 .debug_frame   0x00000000000038fc       0x5c c:/st/stm32cubeide_1.7.0/stm32cubeide/plugins/com.st.stm32cube.ide.mcu.externaltools.gnu-tools-for-stm32.10.3-2021.10.win32_1.0.0.202111181127/tools/bin/../lib/gcc/arm-none-eabi/10.3.1/../../../../arm-none-eabi/lib/thumb/v7-m/nofp\libc_nano.a(lib_a-reent.o)
 .debug_frame   0x0000000000003958       0xb0 c:/st/stm32cubeide_1.7.0/stm32cubeide/plugins/com.st.stm32cube.ide.mcu.externaltools.gnu-tools-for-stm32.10.3-2021.10.win32_1.0.0.202111181127/tools/bin/../lib/gcc/arm-none-eabi/10.3.1/../../../../arm-none-eabi/lib/thumb/v7-m/nofp\libc_nano.a(lib_a-lock.o)
